Archive member included because of file (symbol)

/usr/local/CrossPack-AVR-20130212/lib/gcc/avr/4.6.2/avr5/libgcc.a(_udivmodsi4.o)
                              AVRSerial.o (__udivmodsi4)
/usr/local/CrossPack-AVR-20130212/lib/gcc/avr/4.6.2/avr5/libgcc.a(_exit.o)
                              /usr/local/CrossPack-AVR-20130212/lib/gcc/avr/4.6.2/../../../../avr/lib/avr5/crtm32u4.o (exit)
/usr/local/CrossPack-AVR-20130212/lib/gcc/avr/4.6.2/avr5/libgcc.a(_copy_data.o)
                              AVRSerial.o (__do_copy_data)
/usr/local/CrossPack-AVR-20130212/lib/gcc/avr/4.6.2/avr5/libgcc.a(_clear_bss.o)
                              AVRSerial.o (__do_clear_bss)
/usr/local/CrossPack-AVR-20130212/lib/gcc/avr/4.6.2/../../../../avr/lib/avr5/libc.a(memcpy_P.o)
                              LUFA/Drivers/USB/Class/Device/RNDISClassDevice.o (memcpy_P)
/usr/local/CrossPack-AVR-20130212/lib/gcc/avr/4.6.2/../../../../avr/lib/avr5/libc.a(memcmp.o)
                              LUFA/Drivers/USB/Class/Device/HIDClassDevice.o (memcmp)
/usr/local/CrossPack-AVR-20130212/lib/gcc/avr/4.6.2/../../../../avr/lib/avr5/libc.a(memcpy.o)
                              LUFA/Drivers/USB/Class/Device/HIDClassDevice.o (memcpy)
/usr/local/CrossPack-AVR-20130212/lib/gcc/avr/4.6.2/../../../../avr/lib/avr5/libc.a(memset.o)
                              LUFA/Drivers/USB/Class/Device/HIDClassDevice.o (memset)
/usr/local/CrossPack-AVR-20130212/lib/gcc/avr/4.6.2/../../../../avr/lib/avr5/libc.a(strncmp.o)
                              AVRSerial.o (strncmp)
/usr/local/CrossPack-AVR-20130212/lib/gcc/avr/4.6.2/../../../../avr/lib/avr5/libc.a(strncpy.o)
                              AVRSerial.o (strncpy)
/usr/local/CrossPack-AVR-20130212/lib/gcc/avr/4.6.2/../../../../avr/lib/avr5/libc.a(fprintf.o)
                              AVRSerial.o (fprintf)
/usr/local/CrossPack-AVR-20130212/lib/gcc/avr/4.6.2/../../../../avr/lib/avr5/libc.a(fputs.o)
                              AVRSerial.o (fputs)
/usr/local/CrossPack-AVR-20130212/lib/gcc/avr/4.6.2/../../../../avr/lib/avr5/libc.a(vfprintf_std.o)
                              /usr/local/CrossPack-AVR-20130212/lib/gcc/avr/4.6.2/../../../../avr/lib/avr5/libc.a(fprintf.o) (vfprintf)
/usr/local/CrossPack-AVR-20130212/lib/gcc/avr/4.6.2/../../../../avr/lib/avr5/libc.a(eerd_byte_atmega32u4.o)
                              LUFA/Drivers/USB/Core/AVR8/EndpointStream_AVR8.o (__eerd_byte_m32u4)
/usr/local/CrossPack-AVR-20130212/lib/gcc/avr/4.6.2/../../../../avr/lib/avr5/libc.a(eeupd_byte_atmega32u4.o)
                              LUFA/Drivers/USB/Core/AVR8/EndpointStream_AVR8.o (__eeupd_byte_m32u4)
/usr/local/CrossPack-AVR-20130212/lib/gcc/avr/4.6.2/../../../../avr/lib/avr5/libc.a(strnlen_P.o)
                              /usr/local/CrossPack-AVR-20130212/lib/gcc/avr/4.6.2/../../../../avr/lib/avr5/libc.a(vfprintf_std.o) (strnlen_P)
/usr/local/CrossPack-AVR-20130212/lib/gcc/avr/4.6.2/../../../../avr/lib/avr5/libc.a(strnlen.o)
                              /usr/local/CrossPack-AVR-20130212/lib/gcc/avr/4.6.2/../../../../avr/lib/avr5/libc.a(vfprintf_std.o) (strnlen)
/usr/local/CrossPack-AVR-20130212/lib/gcc/avr/4.6.2/../../../../avr/lib/avr5/libc.a(fputc.o)
                              /usr/local/CrossPack-AVR-20130212/lib/gcc/avr/4.6.2/../../../../avr/lib/avr5/libc.a(vfprintf_std.o) (fputc)
/usr/local/CrossPack-AVR-20130212/lib/gcc/avr/4.6.2/../../../../avr/lib/avr5/libc.a(ultoa_invert.o)
                              /usr/local/CrossPack-AVR-20130212/lib/gcc/avr/4.6.2/../../../../avr/lib/avr5/libc.a(vfprintf_std.o) (__ultoa_invert)
/usr/local/CrossPack-AVR-20130212/lib/gcc/avr/4.6.2/avr5/libgcc.a(_prologue.o)
                              /usr/local/CrossPack-AVR-20130212/lib/gcc/avr/4.6.2/../../../../avr/lib/avr5/libc.a(fprintf.o) (__prologue_saves__)
/usr/local/CrossPack-AVR-20130212/lib/gcc/avr/4.6.2/avr5/libgcc.a(_epilogue.o)
                              /usr/local/CrossPack-AVR-20130212/lib/gcc/avr/4.6.2/../../../../avr/lib/avr5/libc.a(fprintf.o) (__epilogue_restores__)

Allocating common symbols
Common symbol       size              file

USB_IsInitialized   0x1               LUFA/Drivers/USB/Core/USBTask.o
intString           0x1e              AVRSerial.o
USB_Device_ConfigurationNumber
                    0x1               LUFA/Drivers/USB/Core/DeviceStandardReq.o
USB_Device_CurrentlySelfPowered
                    0x1               LUFA/Drivers/USB/Core/DeviceStandardReq.o
USB_ControlRequest  0x8               LUFA/Drivers/USB/Core/USBTask.o
USB_Device_RemoteWakeupEnabled
                    0x1               LUFA/Drivers/USB/Core/DeviceStandardReq.o

Discarded input sections

 .bss           0x00000000        0x0 /usr/local/CrossPack-AVR-20130212/lib/gcc/avr/4.6.2/../../../../avr/lib/avr5/crtm32u4.o
 .text          0x00000000        0x0 AVRSerial.o
 .text          0x00000000        0x0 Descriptors.o
 .bss           0x00000000        0x0 Descriptors.o
[...]
Memory Configuration

Name             Origin             Length             Attributes
text             0x00000000         0x00020000         xr
data             0x00800060         0x0000ffa0         rw !x
eeprom           0x00810000         0x00010000         rw !x
fuse             0x00820000         0x00000400         rw !x
lock             0x00830000         0x00000400         rw !x
signature        0x00840000         0x00000400         rw !x
*default*        0x00000000         0xffffffff

Linker script and memory map

Address of section .data set to 0x800100
LOAD /usr/local/CrossPack-AVR-20130212/lib/gcc/avr/4.6.2/../../../../avr/lib/avr5/crtm32u4.o
LOAD AVRSerial.o
LOAD Descriptors.o
LOAD LUFA/Drivers/USB/Class/Common/HIDParser.o
LOAD LUFA/Drivers/USB/Core/AVR8/Device_AVR8.o
LOAD LUFA/Drivers/USB/Core/AVR8/EndpointStream_AVR8.o
LOAD LUFA/Drivers/USB/Core/AVR8/Endpoint_AVR8.o
LOAD LUFA/Drivers/USB/Core/AVR8/Host_AVR8.o
LOAD LUFA/Drivers/USB/Core/AVR8/PipeStream_AVR8.o
LOAD LUFA/Drivers/USB/Core/AVR8/Pipe_AVR8.o
LOAD LUFA/Drivers/USB/Core/AVR8/USBController_AVR8.o
LOAD LUFA/Drivers/USB/Core/AVR8/USBInterrupt_AVR8.o
LOAD LUFA/Drivers/USB/Core/ConfigDescriptors.o
LOAD LUFA/Drivers/USB/Core/DeviceStandardReq.o
LOAD LUFA/Drivers/USB/Core/Events.o
LOAD LUFA/Drivers/USB/Core/HostStandardReq.o
LOAD LUFA/Drivers/USB/Core/USBTask.o
LOAD LUFA/Drivers/USB/Class/Device/AudioClassDevice.o
LOAD LUFA/Drivers/USB/Class/Device/CDCClassDevice.o
LOAD LUFA/Drivers/USB/Class/Device/HIDClassDevice.o
LOAD LUFA/Drivers/USB/Class/Device/MassStorageClassDevice.o
LOAD LUFA/Drivers/USB/Class/Device/MIDIClassDevice.o
LOAD LUFA/Drivers/USB/Class/Device/RNDISClassDevice.o
LOAD LUFA/Drivers/USB/Class/Host/AndroidAccessoryClassHost.o
LOAD LUFA/Drivers/USB/Class/Host/AudioClassHost.o
LOAD LUFA/Drivers/USB/Class/Host/CDCClassHost.o
LOAD LUFA/Drivers/USB/Class/Host/HIDClassHost.o
LOAD LUFA/Drivers/USB/Class/Host/MassStorageClassHost.o
LOAD LUFA/Drivers/USB/Class/Host/MIDIClassHost.o
LOAD LUFA/Drivers/USB/Class/Host/PrinterClassHost.o
LOAD LUFA/Drivers/USB/Class/Host/RNDISClassHost.o
LOAD LUFA/Drivers/USB/Class/Host/StillImageClassHost.o
LOAD /usr/local/CrossPack-AVR-20130212/lib/gcc/avr/4.6.2/../../../../avr/lib/avr5/libm.a
LOAD /usr/local/CrossPack-AVR-20130212/lib/gcc/avr/4.6.2/avr5/libgcc.a
LOAD /usr/local/CrossPack-AVR-20130212/lib/gcc/avr/4.6.2/../../../../avr/lib/avr5/libc.a
LOAD /usr/local/CrossPack-AVR-20130212/lib/gcc/avr/4.6.2/avr5/libgcc.a

.hash
 *(.hash)

.dynsym
 *(.dynsym)

.dynstr
 *(.dynstr)

.gnu.version
 *(.gnu.version)

.gnu.version_d
 *(.gnu.version_d)

.gnu.version_r
 *(.gnu.version_r)

.rel.init
 *(.rel.init)

.rela.init
 *(.rela.init)

.rel.text
 *(.rel.text)
 *(.rel.text.*)
 *(.rel.gnu.linkonce.t*)

.rela.text
 *(.rela.text)
 *(.rela.text.*)
 *(.rela.gnu.linkonce.t*)

.rel.fini
 *(.rel.fini)

.rela.fini
 *(.rela.fini)

.rel.rodata
 *(.rel.rodata)
 *(.rel.rodata.*)
 *(.rel.gnu.linkonce.r*)

.rela.rodata
 *(.rela.rodata)
 *(.rela.rodata.*)
 *(.rela.gnu.linkonce.r*)

.rel.data
 *(.rel.data)
 *(.rel.data.*)
 *(.rel.gnu.linkonce.d*)

.rela.data
 *(.rela.data)
 *(.rela.data.*)
 *(.rela.gnu.linkonce.d*)

.rel.ctors
 *(.rel.ctors)

.rela.ctors
 *(.rela.ctors)

.rel.dtors
 *(.rel.dtors)

.rela.dtors
 *(.rela.dtors)

.rel.got
 *(.rel.got)

.rela.got
 *(.rela.got)

.rel.bss
 *(.rel.bss)

.rela.bss
 *(.rela.bss)

.rel.plt
 *(.rel.plt)

.rela.plt
 *(.rela.plt)

.text           0x00000000     0x1896
 *(.vectors)
 .vectors       0x00000000       0xac /usr/local/CrossPack-AVR-20130212/lib/gcc/avr/4.6.2/../../../../avr/lib/avr5/crtm32u4.o
                0x00000000                __vectors
                0x00000000                __vector_default
 *(.vectors)
 *(.progmem.gcc*)
 *(.progmem*)
 .progmem.data  0x000000ac       0x9e Descriptors.o
                0x000000ac                ProductString
                0x000000dc                ManufacturerString
                0x000000f6                LanguageString
                0x000000fa                ConfigurationDescriptor
                0x00000138                DeviceDescriptor
                0x0000014a                . = ALIGN (0x2)
                0x0000014a                __trampolines_start = .
 *(.trampolines)
 .trampolines   0x0000014a        0x0 linker stubs
 *(.trampolines*)
                0x0000014a                __trampolines_end = .
 *(.jumptables)
 *(.jumptables*)
 *(.lowtext)
 *(.lowtext*)
                0x0000014a                __ctors_start = .
 *(.ctors)
                0x0000014a                __ctors_end = .
                0x0000014a                __dtors_start = .
 *(.dtors)
                0x0000014a                __dtors_end = .
 SORT(*)(.ctors)
 SORT(*)(.dtors)
 *(.init0)
 .init0         0x0000014a        0x0 /usr/local/CrossPack-AVR-20130212/lib/gcc/avr/4.6.2/../../../../avr/lib/avr5/crtm32u4.o
                0x0000014a                __init
 *(.init0)
 *(.init1)
 *(.init1)
 *(.init2)
 .init2         0x0000014a        0xc /usr/local/CrossPack-AVR-20130212/lib/gcc/avr/4.6.2/../../../../avr/lib/avr5/crtm32u4.o
 *(.init2)
 *(.init3)
 *(.init3)
 *(.init4)
 .init4         0x00000156       0x16 /usr/local/CrossPack-AVR-20130212/lib/gcc/avr/4.6.2/avr5/libgcc.a(_copy_data.o)
                0x00000156                __do_copy_data
 .init4         0x0000016c       0x10 /usr/local/CrossPack-AVR-20130212/lib/gcc/avr/4.6.2/avr5/libgcc.a(_clear_bss.o)
                0x0000016c                __do_clear_bss
 *(.init4)
 *(.init5)
 *(.init5)
 *(.init6)
 *(.init6)
 *(.init7)
 *(.init7)
 *(.init8)
 *(.init8)
 *(.init9)
 .init9         0x0000017c        0x6 /usr/local/CrossPack-AVR-20130212/lib/gcc/avr/4.6.2/../../../../avr/lib/avr5/crtm32u4.o
 *(.init9)
 *(.text)
 .text          0x00000182        0x2 /usr/local/CrossPack-AVR-20130212/lib/gcc/avr/4.6.2/../../../../avr/lib/avr5/crtm32u4.o
                0x00000182                __vector_42
                0x00000182                __vector_22
                0x00000182                __vector_28
                0x00000182                __vector_1
                0x00000182                __vector_32
                0x00000182                __vector_34
                0x00000182                __vector_24
                0x00000182                __vector_12
                0x00000182                __bad_interrupt
                0x00000182                __vector_6
                0x00000182                __vector_31
                0x00000182                __vector_35
                0x00000182                __vector_39
                0x00000182                __vector_3
                0x00000182                __vector_23
                0x00000182                __vector_30
                0x00000182                __vector_25
                0x00000182                __vector_13
                0x00000182                __vector_19
                0x00000182                __vector_7
                0x00000182                __vector_41
                0x00000182                __vector_27
                0x00000182                __vector_5
                0x00000182                __vector_33
                0x00000182                __vector_37
                0x00000182                __vector_4
                0x00000182                __vector_9
                0x00000182                __vector_2
                0x00000182                __vector_21
                0x00000182                __vector_15
                0x00000182                __vector_36
                0x00000182                __vector_29
                0x00000182                __vector_40
                0x00000182                __vector_8
                0x00000182                __vector_26
                0x00000182                __vector_14
                0x00000182                __vector_16
                0x00000182                __vector_18
                0x00000182                __vector_20
                0x00000182                __vector_38
                0x00000184                . = ALIGN (0x2)
 *(.text.*)
 .text.LEDs_SetAllLEDs
                0x00000184        0xa AVRSerial.o
 .text.timerInit
                0x0000018e       0x2e AVRSerial.o
                0x0000018e                timerInit
 .text.SetupHardware
                0x000001bc       0x38 AVRSerial.o
                0x000001bc                SetupHardware
 .text.startup.main
                0x000001f4      0x1d0 AVRSerial.o
                0x000001f4                main
 .text.EVENT_USB_Device_Connect
                0x000003c4        0x4 AVRSerial.o
                0x000003c4                EVENT_USB_Device_Connect
 .text.EVENT_USB_Device_Disconnect
                0x000003c8        0x4 AVRSerial.o
                0x000003c8                EVENT_USB_Device_Disconnect
 .text.EVENT_USB_Device_ConfigurationChanged
                0x000003cc       0x12 AVRSerial.o
                0x000003cc                EVENT_USB_Device_ConfigurationChanged
 .text.EVENT_USB_Device_ControlRequest
                0x000003de        0x6 AVRSerial.o
                0x000003de                EVENT_USB_Device_ControlRequest
 .text.__vector_17
                0x000003e4       0x46 AVRSerial.o
                0x000003e4                __vector_17
 .text.EVENT_CDC_Device_LineEncodingChanged
                0x0000042a       0x86 AVRSerial.o
                0x0000042a                EVENT_CDC_Device_LineEncodingChanged
 .text.CALLBACK_USB_GetDescriptor
                0x000004b0       0x58 Descriptors.o
                0x000004b0                CALLBACK_USB_GetDescriptor
 .text.Endpoint_Write_Stream_LE
                0x00000508       0x9e LUFA/Drivers/USB/Core/AVR8/EndpointStream_AVR8.o
                0x00000508                Endpoint_Write_Stream_LE
 .text.Endpoint_Write_Control_Stream_LE
                0x000005a6       0xbe LUFA/Drivers/USB/Core/AVR8/EndpointStream_AVR8.o
                0x000005a6                Endpoint_Write_Control_Stream_LE
 .text.Endpoint_Write_Control_PStream_LE
                0x00000664       0xc2 LUFA/Drivers/USB/Core/AVR8/EndpointStream_AVR8.o
                0x00000664                Endpoint_Write_Control_PStream_LE
 .text.Endpoint_ConfigureEndpoint_Prv
                0x00000726       0x6a LUFA/Drivers/USB/Core/AVR8/Endpoint_AVR8.o
                0x00000726                Endpoint_ConfigureEndpoint_Prv
 .text.Endpoint_ConfigureEndpointTable
                0x00000790       0x78 LUFA/Drivers/USB/Core/AVR8/Endpoint_AVR8.o
                0x00000790                Endpoint_ConfigureEndpointTable
 .text.Endpoint_ClearStatusStage
                0x00000808       0x3e LUFA/Drivers/USB/Core/AVR8/Endpoint_AVR8.o
                0x00000808                Endpoint_ClearStatusStage
 .text.Endpoint_WaitUntilReady
                0x00000846       0x64 LUFA/Drivers/USB/Core/AVR8/Endpoint_AVR8.o
                0x00000846                Endpoint_WaitUntilReady
 .text.USB_ResetInterface
                0x000008aa       0x7e LUFA/Drivers/USB/Core/AVR8/USBController_AVR8.o
                0x000008aa                USB_ResetInterface
 .text.USB_Init
                0x00000928       0x20 LUFA/Drivers/USB/Core/AVR8/USBController_AVR8.o
                0x00000928                USB_Init
 .text.USB_INT_DisableAllInterrupts
                0x00000948       0x10 LUFA/Drivers/USB/Core/AVR8/USBInterrupt_AVR8.o
                0x00000948                USB_INT_DisableAllInterrupts
 .text.USB_INT_ClearAllInterrupts
                0x00000958        0xa LUFA/Drivers/USB/Core/AVR8/USBInterrupt_AVR8.o
                0x00000958                USB_INT_ClearAllInterrupts
 .text.__vector_10
                0x00000962      0x188 LUFA/Drivers/USB/Core/AVR8/USBInterrupt_AVR8.o
                0x00000962                __vector_10
 .text.__vector_11
                0x00000aea       0x76 LUFA/Drivers/USB/Core/AVR8/USBInterrupt_AVR8.o
                0x00000aea                __vector_11
 .text.USB_Device_ProcessControlRequest
                0x00000b60      0x2c8 LUFA/Drivers/USB/Core/DeviceStandardReq.o
                0x00000b60                USB_Device_ProcessControlRequest
 .text.USB_Event_Stub
                0x00000e28        0x2 LUFA/Drivers/USB/Core/Events.o
                0x00000e28                EVENT_USB_Device_WakeUp
                0x00000e28                USB_Event_Stub
                0x00000e28                EVENT_USB_Device_Suspend
                0x00000e28                EVENT_USB_Device_StartOfFrame
                0x00000e28                EVENT_USB_Device_Reset
 .text.USB_USBTask
                0x00000e2a       0x36 LUFA/Drivers/USB/Core/USBTask.o
                0x00000e2a                USB_USBTask
 .text.CDC_Device_ProcessControlRequest
                0x00000e60      0x158 LUFA/Drivers/USB/Class/Device/CDCClassDevice.o
                0x00000e60                CDC_Device_ProcessControlRequest
 .text.CDC_Device_ConfigureEndpoints
                0x00000fb8       0x48 LUFA/Drivers/USB/Class/Device/CDCClassDevice.o
                0x00000fb8                CDC_Device_ConfigureEndpoints
 .text.CDC_Device_SendString
                0x00001000       0x42 LUFA/Drivers/USB/Class/Device/CDCClassDevice.o
                0x00001000                CDC_Device_SendString
 .text.CDC_Device_SendByte
                0x00001042       0x4c LUFA/Drivers/USB/Class/Device/CDCClassDevice.o
                0x00001042                CDC_Device_SendByte
 .text.CDC_Device_putchar
                0x0000108e       0x1c LUFA/Drivers/USB/Class/Device/CDCClassDevice.o
 .text.CDC_Device_Flush
                0x000010aa       0x68 LUFA/Drivers/USB/Class/Device/CDCClassDevice.o
                0x000010aa                CDC_Device_Flush
 .text.CDC_Device_USBTask
                0x00001112       0x2e LUFA/Drivers/USB/Class/Device/CDCClassDevice.o
                0x00001112                CDC_Device_USBTask
 .text.CDC_Device_BytesReceived
                0x00001140       0x6c LUFA/Drivers/USB/Class/Device/CDCClassDevice.o
                0x00001140                CDC_Device_BytesReceived
 .text.CDC_Device_ReceiveByte
                0x000011ac       0x7c LUFA/Drivers/USB/Class/Device/CDCClassDevice.o
                0x000011ac                CDC_Device_ReceiveByte
 .text.CDC_Device_getchar
                0x00001228       0x12 LUFA/Drivers/USB/Class/Device/CDCClassDevice.o
 .text.CDC_Device_CreateStream
                0x0000123a       0x26 LUFA/Drivers/USB/Class/Device/CDCClassDevice.o
                0x0000123a                CDC_Device_CreateStream
 .text.CDC_Device_Event_Stub
                0x00001260        0x2 LUFA/Drivers/USB/Class/Device/CDCClassDevice.o
                0x00001260                EVENT_CDC_Device_ControLineStateChanged
                0x00001260                EVENT_CDC_Device_BreakSent
                0x00001260                CDC_Device_Event_Stub
 .text.libgcc   0x00001262       0x44 /usr/local/CrossPack-AVR-20130212/lib/gcc/avr/4.6.2/avr5/libgcc.a(_udivmodsi4.o)
                0x00001262                __udivmodsi4
 .text.avr-libc
                0x000012a6       0x1c /usr/local/CrossPack-AVR-20130212/lib/gcc/avr/4.6.2/../../../../avr/lib/avr5/libc.a(strncmp.o)
                0x000012a6                strncmp
 .text.avr-libc
                0x000012c2       0x1e /usr/local/CrossPack-AVR-20130212/lib/gcc/avr/4.6.2/../../../../avr/lib/avr5/libc.a(strncpy.o)
                0x000012c2                strncpy
 .text.avr-libc
                0x000012e0       0x20 /usr/local/CrossPack-AVR-20130212/lib/gcc/avr/4.6.2/../../../../avr/lib/avr5/libc.a(fprintf.o)
                0x000012e0                fprintf
 .text.avr-libc
                0x00001300       0x46 /usr/local/CrossPack-AVR-20130212/lib/gcc/avr/4.6.2/../../../../avr/lib/avr5/libc.a(fputs.o)
                0x00001300                fputs
 .text.avr-libc
                0x00001346      0x39e /usr/local/CrossPack-AVR-20130212/lib/gcc/avr/4.6.2/../../../../avr/lib/avr5/libc.a(vfprintf_std.o)
                0x00001346                vfprintf
 .text.avr-libc
                0x000016e4       0x16 /usr/local/CrossPack-AVR-20130212/lib/gcc/avr/4.6.2/../../../../avr/lib/avr5/libc.a(strnlen_P.o)
                0x000016e4                strnlen_P
 .text.avr-libc
                0x000016fa       0x16 /usr/local/CrossPack-AVR-20130212/lib/gcc/avr/4.6.2/../../../../avr/lib/avr5/libc.a(strnlen.o)
                0x000016fa                strnlen
 .text.avr-libc
                0x00001710       0x58 /usr/local/CrossPack-AVR-20130212/lib/gcc/avr/4.6.2/../../../../avr/lib/avr5/libc.a(fputc.o)
                0x00001710                fputc
 .text.avr-libc
                0x00001768       0xbc /usr/local/CrossPack-AVR-20130212/lib/gcc/avr/4.6.2/../../../../avr/lib/avr5/libc.a(ultoa_invert.o)
                0x00001768                __ultoa_invert
 .text.libgcc   0x00001824       0x38 /usr/local/CrossPack-AVR-20130212/lib/gcc/avr/4.6.2/avr5/libgcc.a(_prologue.o)
                0x00001824                __prologue_saves__
 .text.libgcc   0x0000185c       0x36 /usr/local/CrossPack-AVR-20130212/lib/gcc/avr/4.6.2/avr5/libgcc.a(_epilogue.o)
                0x0000185c                __epilogue_restores__
                0x00001892                . = ALIGN (0x2)
 *(.fini9)
 .fini9         0x00001892        0x0 /usr/local/CrossPack-AVR-20130212/lib/gcc/avr/4.6.2/avr5/libgcc.a(_exit.o)
                0x00001892                exit
                0x00001892                _exit
 *(.fini9)
 *(.fini8)
 *(.fini8)
 *(.fini7)
 *(.fini7)
 *(.fini6)
 *(.fini6)
 *(.fini5)
 *(.fini5)
 *(.fini4)
 *(.fini4)
 *(.fini3)
 *(.fini3)
 *(.fini2)
 *(.fini2)
 *(.fini1)
 *(.fini1)
 *(.fini0)
 .fini0         0x00001892        0x4 /usr/local/CrossPack-AVR-20130212/lib/gcc/avr/4.6.2/avr5/libgcc.a(_exit.o)
 *(.fini0)
                0x00001896                _etext = .

.data           0x00800100       0x5e load address 0x00001896
                0x00800100                PROVIDE (__data_start, .)
 *(.data)
 .data          0x00800100        0x0 /usr/local/CrossPack-AVR-20130212/lib/gcc/avr/4.6.2/../../../../avr/lib/avr5/crtm32u4.o
 .data          0x00800100       0x4d AVRSerial.o
                0x00800130                VirtualSerial_CDC_Interface
 .data          0x0080014d        0x0 Descriptors.o
 .data          0x0080014d        0x0 LUFA/Drivers/USB/Class/Common/HIDParser.o
 .data          0x0080014d        0x0 LUFA/Drivers/USB/Core/AVR8/Device_AVR8.o
 .data          0x0080014d        0x0 LUFA/Drivers/USB/Core/AVR8/EndpointStream_AVR8.o
 .data          0x0080014d        0x0 LUFA/Drivers/USB/Core/AVR8/Endpoint_AVR8.o
 .data          0x0080014d        0x0 LUFA/Drivers/USB/Core/AVR8/Host_AVR8.o
 .data          0x0080014d        0x0 LUFA/Drivers/USB/Core/AVR8/PipeStream_AVR8.o
 .data          0x0080014d        0x0 LUFA/Drivers/USB/Core/AVR8/Pipe_AVR8.o
 .data          0x0080014d        0x0 LUFA/Drivers/USB/Core/AVR8/USBController_AVR8.o
 .data          0x0080014d        0x0 LUFA/Drivers/USB/Core/AVR8/USBInterrupt_AVR8.o
 .data          0x0080014d        0x0 LUFA/Drivers/USB/Core/ConfigDescriptors.o
 .data          0x0080014d        0x0 LUFA/Drivers/USB/Core/DeviceStandardReq.o
 .data          0x0080014d        0x0 LUFA/Drivers/USB/Core/Events.o
 .data          0x0080014d        0x0 LUFA/Drivers/USB/Core/HostStandardReq.o
 .data          0x0080014d        0x0 LUFA/Drivers/USB/Core/USBTask.o
 .data          0x0080014d        0x0 LUFA/Drivers/USB/Class/Device/AudioClassDevice.o
 .data          0x0080014d        0x8 LUFA/Drivers/USB/Class/Device/CDCClassDevice.o
 .data          0x00800155        0x0 LUFA/Drivers/USB/Class/Device/HIDClassDevice.o
 .data          0x00800155        0x0 LUFA/Drivers/USB/Class/Device/MassStorageClassDevice.o
 .data          0x00800155        0x0 LUFA/Drivers/USB/Class/Device/MIDIClassDevice.o
 .data          0x00800155        0x8 LUFA/Drivers/USB/Class/Device/RNDISClassDevice.o
 .data          0x0080015d        0x0 LUFA/Drivers/USB/Class/Host/AndroidAccessoryClassHost.o
 .data          0x0080015d        0x0 LUFA/Drivers/USB/Class/Host/AudioClassHost.o
 .data          0x0080015d        0x0 LUFA/Drivers/USB/Class/Host/CDCClassHost.o
 .data          0x0080015d        0x0 LUFA/Drivers/USB/Class/Host/HIDClassHost.o
 .data          0x0080015d        0x0 LUFA/Drivers/USB/Class/Host/MassStorageClassHost.o
 .data          0x0080015d        0x0 LUFA/Drivers/USB/Class/Host/MIDIClassHost.o
 .data          0x0080015d        0x0 LUFA/Drivers/USB/Class/Host/PrinterClassHost.o
 .data          0x0080015d        0x0 LUFA/Drivers/USB/Class/Host/RNDISClassHost.o
 .data          0x0080015d        0x0 LUFA/Drivers/USB/Class/Host/StillImageClassHost.o
 .data          0x0080015d        0x0 /usr/local/CrossPack-AVR-20130212/lib/gcc/avr/4.6.2/avr5/libgcc.a(_udivmodsi4.o)
 .data          0x0080015d        0x0 /usr/local/CrossPack-AVR-20130212/lib/gcc/avr/4.6.2/avr5/libgcc.a(_exit.o)
 .data          0x0080015d        0x0 /usr/local/CrossPack-AVR-20130212/lib/gcc/avr/4.6.2/avr5/libgcc.a(_copy_data.o)
 .data          0x0080015d        0x0 /usr/local/CrossPack-AVR-20130212/lib/gcc/avr/4.6.2/avr5/libgcc.a(_clear_bss.o)
 .data          0x0080015d        0x0 /usr/local/CrossPack-AVR-20130212/lib/gcc/avr/4.6.2/../../../../avr/lib/avr5/libc.a(memcpy_P.o)
 .data          0x0080015d        0x0 /usr/local/CrossPack-AVR-20130212/lib/gcc/avr/4.6.2/../../../../avr/lib/avr5/libc.a(memcmp.o)
 .data          0x0080015d        0x0 /usr/local/CrossPack-AVR-20130212/lib/gcc/avr/4.6.2/../../../../avr/lib/avr5/libc.a(memcpy.o)
 .data          0x0080015d        0x0 /usr/local/CrossPack-AVR-20130212/lib/gcc/avr/4.6.2/../../../../avr/lib/avr5/libc.a(memset.o)
 .data          0x0080015d        0x0 /usr/local/CrossPack-AVR-20130212/lib/gcc/avr/4.6.2/../../../../avr/lib/avr5/libc.a(strncmp.o)
 .data          0x0080015d        0x0 /usr/local/CrossPack-AVR-20130212/lib/gcc/avr/4.6.2/../../../../avr/lib/avr5/libc.a(strncpy.o)
 .data          0x0080015d        0x0 /usr/local/CrossPack-AVR-20130212/lib/gcc/avr/4.6.2/../../../../avr/lib/avr5/libc.a(fprintf.o)
 .data          0x0080015d        0x0 /usr/local/CrossPack-AVR-20130212/lib/gcc/avr/4.6.2/../../../../avr/lib/avr5/libc.a(fputs.o)
 .data          0x0080015d        0x0 /usr/local/CrossPack-AVR-20130212/lib/gcc/avr/4.6.2/../../../../avr/lib/avr5/libc.a(vfprintf_std.o)
 .data          0x0080015d        0x0 /usr/local/CrossPack-AVR-20130212/lib/gcc/avr/4.6.2/../../../../avr/lib/avr5/libc.a(eerd_byte_atmega32u4.o)
 .data          0x0080015d        0x0 /usr/local/CrossPack-AVR-20130212/lib/gcc/avr/4.6.2/../../../../avr/lib/avr5/libc.a(eeupd_byte_atmega32u4.o)
 .data          0x0080015d        0x0 /usr/local/CrossPack-AVR-20130212/lib/gcc/avr/4.6.2/../../../../avr/lib/avr5/libc.a(strnlen_P.o)
 .data          0x0080015d        0x0 /usr/local/CrossPack-AVR-20130212/lib/gcc/avr/4.6.2/../../../../avr/lib/avr5/libc.a(strnlen.o)
 .data          0x0080015d        0x0 /usr/local/CrossPack-AVR-20130212/lib/gcc/avr/4.6.2/../../../../avr/lib/avr5/libc.a(fputc.o)
 .data          0x0080015d        0x0 /usr/local/CrossPack-AVR-20130212/lib/gcc/avr/4.6.2/../../../../avr/lib/avr5/libc.a(ultoa_invert.o)
 .data          0x0080015d        0x0 /usr/local/CrossPack-AVR-20130212/lib/gcc/avr/4.6.2/avr5/libgcc.a(_prologue.o)
 .data          0x0080015d        0x0 /usr/local/CrossPack-AVR-20130212/lib/gcc/avr/4.6.2/avr5/libgcc.a(_epilogue.o)
 *(.data*)
 *(.rodata)
 *(.rodata*)
 *(.gnu.linkonce.d*)
                0x0080015e                . = ALIGN (0x2)
 *fill*         0x0080015d        0x1 00
                0x0080015e                _edata = .
                0x0080015e                PROVIDE (__data_end, .)

.bss            0x0080015e      0x154
                0x0080015e                PROVIDE (__bss_start, .)
 *(.bss)
 .bss           0x0080015e      0x12a AVRSerial.o
                0x0080015e                timerVal
                0x0080015f                completeWord
                0x00800160                intIndex
 *(.bss*)
 *(COMMON)
 COMMON         0x00800288       0x1e AVRSerial.o
                0x00800288                intString
 COMMON         0x008002a6        0x3 LUFA/Drivers/USB/Core/DeviceStandardReq.o
                0x008002a6                USB_Device_ConfigurationNumber
                0x008002a7                USB_Device_CurrentlySelfPowered
                0x008002a8                USB_Device_RemoteWakeupEnabled
 COMMON         0x008002a9        0x9 LUFA/Drivers/USB/Core/USBTask.o
                0x008002a9                USB_IsInitialized
                0x008002aa                USB_ControlRequest
                0x008002b2                PROVIDE (__bss_end, .)
                0x00001896                __data_load_start = LOADADDR (.data)
                0x000018f4                __data_load_end = (__data_load_start + SIZEOF (.data))

.noinit         0x008002b2        0x0
                0x008002b2                PROVIDE (__noinit_start, .)
 *(.noinit*)
                0x008002b2                PROVIDE (__noinit_end, .)
                0x008002b2                _end = .
                0x008002b2                PROVIDE (__heap_start, .)

.eeprom         0x00810000        0x0
 *(.eeprom*)
                0x00810000                __eeprom_end = .

.fuse
 *(.fuse)
 *(.lfuse)
 *(.hfuse)
 *(.efuse)

.lock
 *(.lock*)

.signature
 *(.signature*)

.stab           0x00000000     0x11dc
 *(.stab)
 .stab          0x00000000      0x6cc /usr/local/CrossPack-AVR-20130212/lib/gcc/avr/4.6.2/../../../../avr/lib/avr5/crtm32u4.o
 .stab          0x000006cc       0x84 /usr/local/CrossPack-AVR-20130212/lib/gcc/avr/4.6.2/../../../../avr/lib/avr5/libc.a(memcpy_P.o)
                                 0x90 (size before relaxing)
 .stab          0x00000750       0xb4 /usr/local/CrossPack-AVR-20130212/lib/gcc/avr/4.6.2/../../../../avr/lib/avr5/libc.a(memcmp.o)
                                 0xc0 (size before relaxing)
 .stab          0x00000804       0x84 /usr/local/CrossPack-AVR-20130212/lib/gcc/avr/4.6.2/../../../../avr/lib/avr5/libc.a(memcpy.o)
                                 0x90 (size before relaxing)
 .stab          0x00000888       0x6c /usr/local/CrossPack-AVR-20130212/lib/gcc/avr/4.6.2/../../../../avr/lib/avr5/libc.a(memset.o)
                                 0x78 (size before relaxing)
 .stab          0x000008f4       0xc0 /usr/local/CrossPack-AVR-20130212/lib/gcc/avr/4.6.2/../../../../avr/lib/avr5/libc.a(strncmp.o)
                                 0xcc (size before relaxing)
 .stab          0x000009b4       0xcc /usr/local/CrossPack-AVR-20130212/lib/gcc/avr/4.6.2/../../../../avr/lib/avr5/libc.a(strncpy.o)
                                 0xd8 (size before relaxing)
 .stab          0x00000a80       0x90 /usr/local/CrossPack-AVR-20130212/lib/gcc/avr/4.6.2/../../../../avr/lib/avr5/libc.a(eerd_byte_atmega32u4.o)
                                 0x9c (size before relaxing)
 .stab          0x00000b10      0x114 /usr/local/CrossPack-AVR-20130212/lib/gcc/avr/4.6.2/../../../../avr/lib/avr5/libc.a(eeupd_byte_atmega32u4.o)
                                0x120 (size before relaxing)
 .stab          0x00000c24       0x9c /usr/local/CrossPack-AVR-20130212/lib/gcc/avr/4.6.2/../../../../avr/lib/avr5/libc.a(strnlen_P.o)
                                 0xa8 (size before relaxing)
 .stab          0x00000cc0       0x9c /usr/local/CrossPack-AVR-20130212/lib/gcc/avr/4.6.2/../../../../avr/lib/avr5/libc.a(strnlen.o)
                                 0xa8 (size before relaxing)
 .stab          0x00000d5c      0x480 /usr/local/CrossPack-AVR-20130212/lib/gcc/avr/4.6.2/../../../../avr/lib/avr5/libc.a(ultoa_invert.o)
                                0x48c (size before relaxing)

.stabstr        0x00000000      0x47e
 *(.stabstr)
 .stabstr       0x00000000      0x47e /usr/local/CrossPack-AVR-20130212/lib/gcc/avr/4.6.2/../../../../avr/lib/avr5/crtm32u4.o

.stab.excl
 *(.stab.excl)

.stab.exclstr
 *(.stab.exclstr)

.stab.index
 *(.stab.index)

.stab.indexstr
 *(.stab.indexstr)

.comment
 *(.comment)

.debug
 *(.debug)

.line
 *(.line)

.debug_srcinfo
 *(.debug_srcinfo)

.debug_sfnames
 *(.debug_sfnames)

.debug_aranges  0x00000000      0x5d8
 *(.debug_aranges)
 .debug_aranges
                0x00000000       0x68 AVRSerial.o
 .debug_aranges
                0x00000068       0x20 Descriptors.o
 .debug_aranges
                0x00000088       0x38 LUFA/Drivers/USB/Class/Common/HIDParser.o
 .debug_aranges
                0x000000c0       0x20 LUFA/Drivers/USB/Core/AVR8/Device_AVR8.o
 .debug_aranges
                0x000000e0       0xc8 LUFA/Drivers/USB/Core/AVR8/EndpointStream_AVR8.o
 .debug_aranges
                0x000001a8       0x40 LUFA/Drivers/USB/Core/AVR8/Endpoint_AVR8.o
 .debug_aranges
                0x000001e8       0x30 LUFA/Drivers/USB/Core/AVR8/USBController_AVR8.o
 .debug_aranges
                0x00000218       0x38 LUFA/Drivers/USB/Core/AVR8/USBInterrupt_AVR8.o
 .debug_aranges
                0x00000250       0x38 LUFA/Drivers/USB/Core/ConfigDescriptors.o
 .debug_aranges
                0x00000288       0x20 LUFA/Drivers/USB/Core/DeviceStandardReq.o
 .debug_aranges
                0x000002a8       0x20 LUFA/Drivers/USB/Core/Events.o
 .debug_aranges
                0x000002c8       0x20 LUFA/Drivers/USB/Core/USBTask.o
 .debug_aranges
                0x000002e8       0x30 LUFA/Drivers/USB/Class/Device/AudioClassDevice.o
 .debug_aranges
                0x00000318       0x98 LUFA/Drivers/USB/Class/Device/CDCClassDevice.o
 .debug_aranges
                0x000003b0       0x30 LUFA/Drivers/USB/Class/Device/HIDClassDevice.o
 .debug_aranges
                0x000003e0       0x30 LUFA/Drivers/USB/Class/Device/MassStorageClassDevice.o
 .debug_aranges
                0x00000410       0x40 LUFA/Drivers/USB/Class/Device/MIDIClassDevice.o
 .debug_aranges
                0x00000450       0x48 LUFA/Drivers/USB/Class/Device/RNDISClassDevice.o
 .debug_aranges
                0x00000498       0x20 /usr/local/CrossPack-AVR-20130212/lib/gcc/avr/4.6.2/avr5/libgcc.a(_udivmodsi4.o)
 .debug_aranges
                0x000004b8       0x20 /usr/local/CrossPack-AVR-20130212/lib/gcc/avr/4.6.2/avr5/libgcc.a(_exit.o)
 .debug_aranges
                0x000004d8       0x20 /usr/local/CrossPack-AVR-20130212/lib/gcc/avr/4.6.2/avr5/libgcc.a(_copy_data.o)
 .debug_aranges
                0x000004f8       0x20 /usr/local/CrossPack-AVR-20130212/lib/gcc/avr/4.6.2/avr5/libgcc.a(_clear_bss.o)
 .debug_aranges
                0x00000518       0x20 /usr/local/CrossPack-AVR-20130212/lib/gcc/avr/4.6.2/../../../../avr/lib/avr5/libc.a(fprintf.o)
 .debug_aranges
                0x00000538       0x20 /usr/local/CrossPack-AVR-20130212/lib/gcc/avr/4.6.2/../../../../avr/lib/avr5/libc.a(fputs.o)
 .debug_aranges
                0x00000558       0x20 /usr/local/CrossPack-AVR-20130212/lib/gcc/avr/4.6.2/../../../../avr/lib/avr5/libc.a(vfprintf_std.o)
 .debug_aranges
                0x00000578       0x20 /usr/local/CrossPack-AVR-20130212/lib/gcc/avr/4.6.2/../../../../avr/lib/avr5/libc.a(fputc.o)
 .debug_aranges
                0x00000598       0x20 /usr/local/CrossPack-AVR-20130212/lib/gcc/avr/4.6.2/avr5/libgcc.a(_prologue.o)
 .debug_aranges
                0x000005b8       0x20 /usr/local/CrossPack-AVR-20130212/lib/gcc/avr/4.6.2/avr5/libgcc.a(_epilogue.o)

.debug_pubnames
 *(.debug_pubnames)

.debug_info     0x00000000     0x9242
 *(.debug_info)
 .debug_info    0x00000000      0x863 AVRSerial.o
 .debug_info    0x00000863      0x771 Descriptors.o
 .debug_info    0x00000fd4      0x6fa LUFA/Drivers/USB/Class/Common/HIDParser.o
 .debug_info    0x000016ce       0xca LUFA/Drivers/USB/Core/AVR8/Device_AVR8.o
 .debug_info    0x00001798     0x1553 LUFA/Drivers/USB/Core/AVR8/EndpointStream_AVR8.o
 .debug_info    0x00002ceb      0x5f9 LUFA/Drivers/USB/Core/AVR8/Endpoint_AVR8.o
 .debug_info    0x000032e4       0x5e LUFA/Drivers/USB/Core/AVR8/Host_AVR8.o
 .debug_info    0x00003342       0x5e LUFA/Drivers/USB/Core/AVR8/PipeStream_AVR8.o
 .debug_info    0x000033a0       0x5e LUFA/Drivers/USB/Core/AVR8/Pipe_AVR8.o
 .debug_info    0x000033fe      0x469 LUFA/Drivers/USB/Core/AVR8/USBController_AVR8.o
 .debug_info    0x00003867      0x6e8 LUFA/Drivers/USB/Core/AVR8/USBInterrupt_AVR8.o
 .debug_info    0x00003f4f      0x37e LUFA/Drivers/USB/Core/ConfigDescriptors.o
 .debug_info    0x000042cd      0x969 LUFA/Drivers/USB/Core/DeviceStandardReq.o
 .debug_info    0x00004c36       0x77 LUFA/Drivers/USB/Core/Events.o
 .debug_info    0x00004cad       0x5e LUFA/Drivers/USB/Core/HostStandardReq.o
 .debug_info    0x00004d0b      0x237 LUFA/Drivers/USB/Core/USBTask.o
 .debug_info    0x00004f42      0x57b LUFA/Drivers/USB/Class/Device/AudioClassDevice.o
 .debug_info    0x000054bd      0xc2d LUFA/Drivers/USB/Class/Device/CDCClassDevice.o
 .debug_info    0x000060ea      0x66c LUFA/Drivers/USB/Class/Device/HIDClassDevice.o
 .debug_info    0x00006756      0x7bc LUFA/Drivers/USB/Class/Device/MassStorageClassDevice.o
 .debug_info    0x00006f12      0x4b3 LUFA/Drivers/USB/Class/Device/MIDIClassDevice.o
 .debug_info    0x000073c5      0xeb6 LUFA/Drivers/USB/Class/Device/RNDISClassDevice.o
 .debug_info    0x0000827b       0x5e LUFA/Drivers/USB/Class/Host/AndroidAccessoryClassHost.o
 .debug_info    0x000082d9       0x5e LUFA/Drivers/USB/Class/Host/AudioClassHost.o
 .debug_info    0x00008337       0x5e LUFA/Drivers/USB/Class/Host/CDCClassHost.o
 .debug_info    0x00008395       0x5e LUFA/Drivers/USB/Class/Host/HIDClassHost.o
 .debug_info    0x000083f3       0x5e LUFA/Drivers/USB/Class/Host/MassStorageClassHost.o
 .debug_info    0x00008451       0x5e LUFA/Drivers/USB/Class/Host/MIDIClassHost.o
 .debug_info    0x000084af       0x5e LUFA/Drivers/USB/Class/Host/PrinterClassHost.o
 .debug_info    0x0000850d       0x5e LUFA/Drivers/USB/Class/Host/RNDISClassHost.o
 .debug_info    0x0000856b       0x5e LUFA/Drivers/USB/Class/Host/StillImageClassHost.o
 .debug_info    0x000085c9       0xc0 /usr/local/CrossPack-AVR-20130212/lib/gcc/avr/4.6.2/avr5/libgcc.a(_udivmodsi4.o)
 .debug_info    0x00008689       0xc0 /usr/local/CrossPack-AVR-20130212/lib/gcc/avr/4.6.2/avr5/libgcc.a(_exit.o)
 .debug_info    0x00008749       0xc0 /usr/local/CrossPack-AVR-20130212/lib/gcc/avr/4.6.2/avr5/libgcc.a(_copy_data.o)
 .debug_info    0x00008809       0xc0 /usr/local/CrossPack-AVR-20130212/lib/gcc/avr/4.6.2/avr5/libgcc.a(_clear_bss.o)
 .debug_info    0x000088c9      0x1b1 /usr/local/CrossPack-AVR-20130212/lib/gcc/avr/4.6.2/../../../../avr/lib/avr5/libc.a(fprintf.o)
 .debug_info    0x00008a7a      0x197 /usr/local/CrossPack-AVR-20130212/lib/gcc/avr/4.6.2/../../../../avr/lib/avr5/libc.a(fputs.o)
 .debug_info    0x00008c11      0x346 /usr/local/CrossPack-AVR-20130212/lib/gcc/avr/4.6.2/../../../../avr/lib/avr5/libc.a(vfprintf_std.o)
 .debug_info    0x00008f57      0x16b /usr/local/CrossPack-AVR-20130212/lib/gcc/avr/4.6.2/../../../../avr/lib/avr5/libc.a(fputc.o)
 .debug_info    0x000090c2       0xc0 /usr/local/CrossPack-AVR-20130212/lib/gcc/avr/4.6.2/avr5/libgcc.a(_prologue.o)
 .debug_info    0x00009182       0xc0 /usr/local/CrossPack-AVR-20130212/lib/gcc/avr/4.6.2/avr5/libgcc.a(_epilogue.o)
 *(.gnu.linkonce.wi.*)

.debug_abbrev   0x00000000     0x264d
 *(.debug_abbrev)
 .debug_abbrev  0x00000000      0x344 AVRSerial.o
 .debug_abbrev  0x00000344      0x144 Descriptors.o
 .debug_abbrev  0x00000488      0x1ec LUFA/Drivers/USB/Class/Common/HIDParser.o
 .debug_abbrev  0x00000674       0x7d LUFA/Drivers/USB/Core/AVR8/Device_AVR8.o
 .debug_abbrev  0x000006f1      0x1c2 LUFA/Drivers/USB/Core/AVR8/EndpointStream_AVR8.o
 .debug_abbrev  0x000008b3      0x207 LUFA/Drivers/USB/Core/AVR8/Endpoint_AVR8.o
 .debug_abbrev  0x00000aba       0x2a LUFA/Drivers/USB/Core/AVR8/Host_AVR8.o
 .debug_abbrev  0x00000ae4       0x2a LUFA/Drivers/USB/Core/AVR8/PipeStream_AVR8.o
 .debug_abbrev  0x00000b0e       0x2a LUFA/Drivers/USB/Core/AVR8/Pipe_AVR8.o
 .debug_abbrev  0x00000b38      0x144 LUFA/Drivers/USB/Core/AVR8/USBController_AVR8.o
 .debug_abbrev  0x00000c7c      0x1e2 LUFA/Drivers/USB/Core/AVR8/USBInterrupt_AVR8.o
 .debug_abbrev  0x00000e5e      0x148 LUFA/Drivers/USB/Core/ConfigDescriptors.o
 .debug_abbrev  0x00000fa6      0x204 LUFA/Drivers/USB/Core/DeviceStandardReq.o
 .debug_abbrev  0x000011aa       0x41 LUFA/Drivers/USB/Core/Events.o
 .debug_abbrev  0x000011eb       0x2a LUFA/Drivers/USB/Core/HostStandardReq.o
 .debug_abbrev  0x00001215      0x14b LUFA/Drivers/USB/Core/USBTask.o
 .debug_abbrev  0x00001360      0x16f LUFA/Drivers/USB/Class/Device/AudioClassDevice.o
 .debug_abbrev  0x000014cf      0x34a LUFA/Drivers/USB/Class/Device/CDCClassDevice.o
 .debug_abbrev  0x00001819      0x1b5 LUFA/Drivers/USB/Class/Device/HIDClassDevice.o
 .debug_abbrev  0x000019ce      0x205 LUFA/Drivers/USB/Class/Device/MassStorageClassDevice.o
 .debug_abbrev  0x00001bd3      0x185 LUFA/Drivers/USB/Class/Device/MIDIClassDevice.o
 .debug_abbrev  0x00001d58      0x2c4 LUFA/Drivers/USB/Class/Device/RNDISClassDevice.o
 .debug_abbrev  0x0000201c       0x2a LUFA/Drivers/USB/Class/Host/AndroidAccessoryClassHost.o
 .debug_abbrev  0x00002046       0x2a LUFA/Drivers/USB/Class/Host/AudioClassHost.o
 .debug_abbrev  0x00002070       0x2a LUFA/Drivers/USB/Class/Host/CDCClassHost.o
 .debug_abbrev  0x0000209a       0x2a LUFA/Drivers/USB/Class/Host/HIDClassHost.o
 .debug_abbrev  0x000020c4       0x2a LUFA/Drivers/USB/Class/Host/MassStorageClassHost.o
 .debug_abbrev  0x000020ee       0x2a LUFA/Drivers/USB/Class/Host/MIDIClassHost.o
 .debug_abbrev  0x00002118       0x2a LUFA/Drivers/USB/Class/Host/PrinterClassHost.o
 .debug_abbrev  0x00002142       0x2a LUFA/Drivers/USB/Class/Host/RNDISClassHost.o
 .debug_abbrev  0x0000216c       0x2a LUFA/Drivers/USB/Class/Host/StillImageClassHost.o
 .debug_abbrev  0x00002196       0x14 /usr/local/CrossPack-AVR-20130212/lib/gcc/avr/4.6.2/avr5/libgcc.a(_udivmodsi4.o)
 .debug_abbrev  0x000021aa       0x14 /usr/local/CrossPack-AVR-20130212/lib/gcc/avr/4.6.2/avr5/libgcc.a(_exit.o)
 .debug_abbrev  0x000021be       0x14 /usr/local/CrossPack-AVR-20130212/lib/gcc/avr/4.6.2/avr5/libgcc.a(_copy_data.o)
 .debug_abbrev  0x000021d2       0x14 /usr/local/CrossPack-AVR-20130212/lib/gcc/avr/4.6.2/avr5/libgcc.a(_clear_bss.o)
 .debug_abbrev  0x000021e6      0x10e /usr/local/CrossPack-AVR-20130212/lib/gcc/avr/4.6.2/../../../../avr/lib/avr5/libc.a(fprintf.o)
 .debug_abbrev  0x000022f4       0xf3 /usr/local/CrossPack-AVR-20130212/lib/gcc/avr/4.6.2/../../../../avr/lib/avr5/libc.a(fputs.o)
 .debug_abbrev  0x000023e7      0x163 /usr/local/CrossPack-AVR-20130212/lib/gcc/avr/4.6.2/../../../../avr/lib/avr5/libc.a(vfprintf_std.o)
 .debug_abbrev  0x0000254a       0xdb /usr/local/CrossPack-AVR-20130212/lib/gcc/avr/4.6.2/../../../../avr/lib/avr5/libc.a(fputc.o)
 .debug_abbrev  0x00002625       0x14 /usr/local/CrossPack-AVR-20130212/lib/gcc/avr/4.6.2/avr5/libgcc.a(_prologue.o)
 .debug_abbrev  0x00002639       0x14 /usr/local/CrossPack-AVR-20130212/lib/gcc/avr/4.6.2/avr5/libgcc.a(_epilogue.o)

.debug_line     0x00000000     0x4064
 *(.debug_line)
 .debug_line    0x00000000      0x3a3 AVRSerial.o
 .debug_line    0x000003a3      0x171 Descriptors.o
 .debug_line    0x00000514      0x269 LUFA/Drivers/USB/Class/Common/HIDParser.o
 .debug_line    0x0000077d      0x113 LUFA/Drivers/USB/Core/AVR8/Device_AVR8.o
 .debug_line    0x00000890      0xbfb LUFA/Drivers/USB/Core/AVR8/EndpointStream_AVR8.o
 .debug_line    0x0000148b      0x341 LUFA/Drivers/USB/Core/AVR8/Endpoint_AVR8.o
 .debug_line    0x000017cc       0x1a LUFA/Drivers/USB/Core/AVR8/Host_AVR8.o
 .debug_line    0x000017e6       0x1a LUFA/Drivers/USB/Core/AVR8/PipeStream_AVR8.o
 .debug_line    0x00001800       0x1a LUFA/Drivers/USB/Core/AVR8/Pipe_AVR8.o
 .debug_line    0x0000181a      0x23c LUFA/Drivers/USB/Core/AVR8/USBController_AVR8.o
 .debug_line    0x00001a56      0x3b6 LUFA/Drivers/USB/Core/AVR8/USBInterrupt_AVR8.o
 .debug_line    0x00001e0c      0x17b LUFA/Drivers/USB/Core/ConfigDescriptors.o
 .debug_line    0x00001f87      0x30c LUFA/Drivers/USB/Core/DeviceStandardReq.o
 .debug_line    0x00002293       0x4c LUFA/Drivers/USB/Core/Events.o
 .debug_line    0x000022df       0x1a LUFA/Drivers/USB/Core/HostStandardReq.o
 .debug_line    0x000022f9      0x141 LUFA/Drivers/USB/Core/USBTask.o
 .debug_line    0x0000243a      0x2d2 LUFA/Drivers/USB/Class/Device/AudioClassDevice.o
 .debug_line    0x0000270c      0x550 LUFA/Drivers/USB/Class/Device/CDCClassDevice.o
 .debug_line    0x00002c5c      0x346 LUFA/Drivers/USB/Class/Device/HIDClassDevice.o
 .debug_line    0x00002fa2      0x350 LUFA/Drivers/USB/Class/Device/MassStorageClassDevice.o
 .debug_line    0x000032f2      0x280 LUFA/Drivers/USB/Class/Device/MIDIClassDevice.o
 .debug_line    0x00003572      0x3a8 LUFA/Drivers/USB/Class/Device/RNDISClassDevice.o
 .debug_line    0x0000391a       0x1a LUFA/Drivers/USB/Class/Host/AndroidAccessoryClassHost.o
 .debug_line    0x00003934       0x1a LUFA/Drivers/USB/Class/Host/AudioClassHost.o
 .debug_line    0x0000394e       0x1a LUFA/Drivers/USB/Class/Host/CDCClassHost.o
 .debug_line    0x00003968       0x1a LUFA/Drivers/USB/Class/Host/HIDClassHost.o
 .debug_line    0x00003982       0x1a LUFA/Drivers/USB/Class/Host/MassStorageClassHost.o
 .debug_line    0x0000399c       0x1a LUFA/Drivers/USB/Class/Host/MIDIClassHost.o
 .debug_line    0x000039b6       0x1a LUFA/Drivers/USB/Class/Host/PrinterClassHost.o
 .debug_line    0x000039d0       0x1a LUFA/Drivers/USB/Class/Host/RNDISClassHost.o
 .debug_line    0x000039ea       0x1a LUFA/Drivers/USB/Class/Host/StillImageClassHost.o
 .debug_line    0x00003a04       0x7c /usr/local/CrossPack-AVR-20130212/lib/gcc/avr/4.6.2/avr5/libgcc.a(_udivmodsi4.o)
 .debug_line    0x00003a80       0x5c /usr/local/CrossPack-AVR-20130212/lib/gcc/avr/4.6.2/avr5/libgcc.a(_exit.o)
 .debug_line    0x00003adc       0x65 /usr/local/CrossPack-AVR-20130212/lib/gcc/avr/4.6.2/avr5/libgcc.a(_copy_data.o)
 .debug_line    0x00003b41       0x62 /usr/local/CrossPack-AVR-20130212/lib/gcc/avr/4.6.2/avr5/libgcc.a(_clear_bss.o)
 .debug_line    0x00003ba3       0xd3 /usr/local/CrossPack-AVR-20130212/lib/gcc/avr/4.6.2/../../../../avr/lib/avr5/libc.a(fprintf.o)
 .debug_line    0x00003c76       0x7a /usr/local/CrossPack-AVR-20130212/lib/gcc/avr/4.6.2/../../../../avr/lib/avr5/libc.a(fputs.o)
 .debug_line    0x00003cf0      0x210 /usr/local/CrossPack-AVR-20130212/lib/gcc/avr/4.6.2/../../../../avr/lib/avr5/libc.a(vfprintf_std.o)
 .debug_line    0x00003f00       0x79 /usr/local/CrossPack-AVR-20130212/lib/gcc/avr/4.6.2/../../../../avr/lib/avr5/libc.a(fputc.o)
 .debug_line    0x00003f79       0x76 /usr/local/CrossPack-AVR-20130212/lib/gcc/avr/4.6.2/avr5/libgcc.a(_prologue.o)
 .debug_line    0x00003fef       0x75 /usr/local/CrossPack-AVR-20130212/lib/gcc/avr/4.6.2/avr5/libgcc.a(_epilogue.o)

.debug_frame    0x00000000      0xf3c
 *(.debug_frame)
 .debug_frame   0x00000000       0xec AVRSerial.o
 .debug_frame   0x000000ec       0x24 Descriptors.o
 .debug_frame   0x00000110      0x110 LUFA/Drivers/USB/Class/Common/HIDParser.o
 .debug_frame   0x00000220       0x24 LUFA/Drivers/USB/Core/AVR8/Device_AVR8.o
 .debug_frame   0x00000244      0x42c LUFA/Drivers/USB/Core/AVR8/EndpointStream_AVR8.o
 .debug_frame   0x00000670       0x78 LUFA/Drivers/USB/Core/AVR8/Endpoint_AVR8.o
 .debug_frame   0x000006e8       0x58 LUFA/Drivers/USB/Core/AVR8/USBController_AVR8.o
 .debug_frame   0x00000740       0xe8 LUFA/Drivers/USB/Core/AVR8/USBInterrupt_AVR8.o
 .debug_frame   0x00000828       0xbc LUFA/Drivers/USB/Core/ConfigDescriptors.o
 .debug_frame   0x000008e4       0x38 LUFA/Drivers/USB/Core/DeviceStandardReq.o
 .debug_frame   0x0000091c       0x24 LUFA/Drivers/USB/Core/Events.o
 .debug_frame   0x00000940       0x2c LUFA/Drivers/USB/Core/USBTask.o
 .debug_frame   0x0000096c       0xa8 LUFA/Drivers/USB/Class/Device/AudioClassDevice.o
 .debug_frame   0x00000a14      0x158 LUFA/Drivers/USB/Class/Device/CDCClassDevice.o
 .debug_frame   0x00000b6c       0xf4 LUFA/Drivers/USB/Class/Device/HIDClassDevice.o
 .debug_frame   0x00000c60       0x80 LUFA/Drivers/USB/Class/Device/MassStorageClassDevice.o
 .debug_frame   0x00000ce0       0x70 LUFA/Drivers/USB/Class/Device/MIDIClassDevice.o
 .debug_frame   0x00000d50       0xf8 LUFA/Drivers/USB/Class/Device/RNDISClassDevice.o
 .debug_frame   0x00000e48       0x2c /usr/local/CrossPack-AVR-20130212/lib/gcc/avr/4.6.2/../../../../avr/lib/avr5/libc.a(fprintf.o)
 .debug_frame   0x00000e74       0x44 /usr/local/CrossPack-AVR-20130212/lib/gcc/avr/4.6.2/../../../../avr/lib/avr5/libc.a(fputs.o)
 .debug_frame   0x00000eb8       0x4c /usr/local/CrossPack-AVR-20130212/lib/gcc/avr/4.6.2/../../../../avr/lib/avr5/libc.a(vfprintf_std.o)
 .debug_frame   0x00000f04       0x38 /usr/local/CrossPack-AVR-20130212/lib/gcc/avr/4.6.2/../../../../avr/lib/avr5/libc.a(fputc.o)

.debug_str      0x00000000     0x3b03
 *(.debug_str)
 .debug_str     0x00000000      0x591 AVRSerial.o
                                0x621 (size before relaxing)
 .debug_str     0x00000591      0x8ba Descriptors.o
                                0x9f0 (size before relaxing)
 .debug_str     0x00000e4b      0x4b8 LUFA/Drivers/USB/Class/Common/HIDParser.o
                                0x5d1 (size before relaxing)
 .debug_str     0x00001303       0x71 LUFA/Drivers/USB/Core/AVR8/Device_AVR8.o
                                0x134 (size before relaxing)
 .debug_str     0x00001374      0x63b LUFA/Drivers/USB/Core/AVR8/EndpointStream_AVR8.o
                                0x74a (size before relaxing)
 .debug_str     0x000019af      0x2e8 LUFA/Drivers/USB/Core/AVR8/Endpoint_AVR8.o
                                0x546 (size before relaxing)
 .debug_str     0x00001c97       0x27 LUFA/Drivers/USB/Core/AVR8/Host_AVR8.o
                                 0xdc (size before relaxing)
 .debug_str     0x00001cbe       0x2d LUFA/Drivers/USB/Core/AVR8/PipeStream_AVR8.o
                                 0xe2 (size before relaxing)
 .debug_str     0x00001ceb       0x27 LUFA/Drivers/USB/Core/AVR8/Pipe_AVR8.o
                                 0xdc (size before relaxing)
 .debug_str     0x00001d12      0x247 LUFA/Drivers/USB/Core/AVR8/USBController_AVR8.o
                                0x42e (size before relaxing)
 .debug_str     0x00001f59      0x120 LUFA/Drivers/USB/Core/AVR8/USBInterrupt_AVR8.o
                                0x429 (size before relaxing)
 .debug_str     0x00002079      0x221 LUFA/Drivers/USB/Core/ConfigDescriptors.o
                                0x31c (size before relaxing)
 .debug_str     0x0000229a      0x3ac LUFA/Drivers/USB/Core/DeviceStandardReq.o
                                0x83a (size before relaxing)
 .debug_str     0x00002646       0x2e LUFA/Drivers/USB/Core/Events.o
                                 0xe3 (size before relaxing)
 .debug_str     0x00002674       0x28 LUFA/Drivers/USB/Core/HostStandardReq.o
                                 0xdd (size before relaxing)
 .debug_str     0x0000269c       0x48 LUFA/Drivers/USB/Core/USBTask.o
                                0x28a (size before relaxing)
 .debug_str     0x000026e4      0x233 LUFA/Drivers/USB/Class/Device/AudioClassDevice.o
                                0x50a (size before relaxing)
 .debug_str     0x00002917      0x2e3 LUFA/Drivers/USB/Class/Device/CDCClassDevice.o
                                0x8be (size before relaxing)
 .debug_str     0x00002bfa      0x1e7 LUFA/Drivers/USB/Class/Device/HIDClassDevice.o
                                0x539 (size before relaxing)
 .debug_str     0x00002de1      0x237 LUFA/Drivers/USB/Class/Device/MassStorageClassDevice.o
                                0x69a (size before relaxing)
 .debug_str     0x00003018      0x112 LUFA/Drivers/USB/Class/Device/MIDIClassDevice.o
                                0x521 (size before relaxing)
 .debug_str     0x0000312a      0x6e2 LUFA/Drivers/USB/Class/Device/RNDISClassDevice.o
                                0xbd2 (size before relaxing)
 .debug_str     0x0000380c       0x38 LUFA/Drivers/USB/Class/Host/AndroidAccessoryClassHost.o
                                 0xed (size before relaxing)
 .debug_str     0x00003844       0x2d LUFA/Drivers/USB/Class/Host/AudioClassHost.o
                                 0xe2 (size before relaxing)
 .debug_str     0x00003871       0x2b LUFA/Drivers/USB/Class/Host/CDCClassHost.o
                                 0xe0 (size before relaxing)
 .debug_str     0x0000389c       0x2b LUFA/Drivers/USB/Class/Host/HIDClassHost.o
                                 0xe0 (size before relaxing)
 .debug_str     0x000038c7       0x33 LUFA/Drivers/USB/Class/Host/MassStorageClassHost.o
                                 0xe8 (size before relaxing)
 .debug_str     0x000038fa       0x2c LUFA/Drivers/USB/Class/Host/MIDIClassHost.o
                                 0xe1 (size before relaxing)
 .debug_str     0x00003926       0x2f LUFA/Drivers/USB/Class/Host/PrinterClassHost.o
                                 0xe4 (size before relaxing)
 .debug_str     0x00003955       0x2d LUFA/Drivers/USB/Class/Host/RNDISClassHost.o
                                 0xe2 (size before relaxing)
 .debug_str     0x00003982       0x32 LUFA/Drivers/USB/Class/Host/StillImageClassHost.o
                                 0xe7 (size before relaxing)
 .debug_str     0x000039b4       0xa2 /usr/local/CrossPack-AVR-20130212/lib/gcc/avr/4.6.2/../../../../avr/lib/avr5/libc.a(fprintf.o)
                                0x150 (size before relaxing)
 .debug_str     0x00003a56       0x22 /usr/local/CrossPack-AVR-20130212/lib/gcc/avr/4.6.2/../../../../avr/lib/avr5/libc.a(fputs.o)
                                0x123 (size before relaxing)
 .debug_str     0x00003a78       0x69 /usr/local/CrossPack-AVR-20130212/lib/gcc/avr/4.6.2/../../../../avr/lib/avr5/libc.a(vfprintf_std.o)
                                0x193 (size before relaxing)
 .debug_str     0x00003ae1       0x22 /usr/local/CrossPack-AVR-20130212/lib/gcc/avr/4.6.2/../../../../avr/lib/avr5/libc.a(fputc.o)
                                0x123 (size before relaxing)

.debug_loc      0x00000000     0x597a
 *(.debug_loc)
 .debug_loc     0x00000000      0x226 AVRSerial.o
 .debug_loc     0x00000226      0x142 Descriptors.o
 .debug_loc     0x00000368      0xb47 LUFA/Drivers/USB/Class/Common/HIDParser.o
 .debug_loc     0x00000eaf     0x1c42 LUFA/Drivers/USB/Core/AVR8/EndpointStream_AVR8.o
 .debug_loc     0x00002af1      0x361 LUFA/Drivers/USB/Core/AVR8/Endpoint_AVR8.o
 .debug_loc     0x00002e52       0x49 LUFA/Drivers/USB/Core/AVR8/USBController_AVR8.o
 .debug_loc     0x00002e9b      0x333 LUFA/Drivers/USB/Core/AVR8/USBInterrupt_AVR8.o
 .debug_loc     0x000031ce      0x433 LUFA/Drivers/USB/Core/ConfigDescriptors.o
 .debug_loc     0x00003601      0x284 LUFA/Drivers/USB/Core/DeviceStandardReq.o
 .debug_loc     0x00003885       0x49 LUFA/Drivers/USB/Core/USBTask.o
 .debug_loc     0x000038ce      0x286 LUFA/Drivers/USB/Class/Device/AudioClassDevice.o
 .debug_loc     0x00003b54      0x634 LUFA/Drivers/USB/Class/Device/CDCClassDevice.o
 .debug_loc     0x00004188      0x45b LUFA/Drivers/USB/Class/Device/HIDClassDevice.o
 .debug_loc     0x000045e3      0x22c LUFA/Drivers/USB/Class/Device/MassStorageClassDevice.o
 .debug_loc     0x0000480f      0x215 LUFA/Drivers/USB/Class/Device/MIDIClassDevice.o
 .debug_loc     0x00004a24      0x87f LUFA/Drivers/USB/Class/Device/RNDISClassDevice.o
 .debug_loc     0x000052a3       0x21 /usr/local/CrossPack-AVR-20130212/lib/gcc/avr/4.6.2/../../../../avr/lib/avr5/libc.a(fprintf.o)
 .debug_loc     0x000052c4      0x122 /usr/local/CrossPack-AVR-20130212/lib/gcc/avr/4.6.2/../../../../avr/lib/avr5/libc.a(fputs.o)
 .debug_loc     0x000053e6      0x4fb /usr/local/CrossPack-AVR-20130212/lib/gcc/avr/4.6.2/../../../../avr/lib/avr5/libc.a(vfprintf_std.o)
 .debug_loc     0x000058e1       0x99 /usr/local/CrossPack-AVR-20130212/lib/gcc/avr/4.6.2/../../../../avr/lib/avr5/libc.a(fputc.o)

.debug_macinfo
 *(.debug_macinfo)
OUTPUT(AVRSerial.elf elf32-avr)
LOAD linker stubs

.debug_ranges   0x00000000      0x710
 .debug_ranges  0x00000000       0x70 AVRSerial.o
 .debug_ranges  0x00000070       0x10 Descriptors.o
 .debug_ranges  0x00000080       0xc8 LUFA/Drivers/USB/Class/Common/HIDParser.o
 .debug_ranges  0x00000148       0x10 LUFA/Drivers/USB/Core/AVR8/Device_AVR8.o
 .debug_ranges  0x00000158      0x298 LUFA/Drivers/USB/Core/AVR8/EndpointStream_AVR8.o
 .debug_ranges  0x000003f0       0xa8 LUFA/Drivers/USB/Core/AVR8/Endpoint_AVR8.o
 .debug_ranges  0x00000498       0x20 LUFA/Drivers/USB/Core/AVR8/USBController_AVR8.o
 .debug_ranges  0x000004b8       0x28 LUFA/Drivers/USB/Core/AVR8/USBInterrupt_AVR8.o
 .debug_ranges  0x000004e0       0x28 LUFA/Drivers/USB/Core/ConfigDescriptors.o
 .debug_ranges  0x00000508       0x10 LUFA/Drivers/USB/Core/DeviceStandardReq.o
 .debug_ranges  0x00000518       0x10 LUFA/Drivers/USB/Core/Events.o
 .debug_ranges  0x00000528       0x10 LUFA/Drivers/USB/Core/USBTask.o
 .debug_ranges  0x00000538       0x20 LUFA/Drivers/USB/Class/Device/AudioClassDevice.o
 .debug_ranges  0x00000558       0x88 LUFA/Drivers/USB/Class/Device/CDCClassDevice.o
 .debug_ranges  0x000005e0       0x20 LUFA/Drivers/USB/Class/Device/HIDClassDevice.o
 .debug_ranges  0x00000600       0x20 LUFA/Drivers/USB/Class/Device/MassStorageClassDevice.o
 .debug_ranges  0x00000620       0x30 LUFA/Drivers/USB/Class/Device/MIDIClassDevice.o
 .debug_ranges  0x00000650       0x80 LUFA/Drivers/USB/Class/Device/RNDISClassDevice.o
 .debug_ranges  0x000006d0       0x10 /usr/local/CrossPack-AVR-20130212/lib/gcc/avr/4.6.2/../../../../avr/lib/avr5/libc.a(fprintf.o)
 .debug_ranges  0x000006e0       0x10 /usr/local/CrossPack-AVR-20130212/lib/gcc/avr/4.6.2/../../../../avr/lib/avr5/libc.a(fputs.o)
 .debug_ranges  0x000006f0       0x10 /usr/local/CrossPack-AVR-20130212/lib/gcc/avr/4.6.2/../../../../avr/lib/avr5/libc.a(vfprintf_std.o)
 .debug_ranges  0x00000700       0x10 /usr/local/CrossPack-AVR-20130212/lib/gcc/avr/4.6.2/../../../../avr/lib/avr5/libc.a(fputc.o)

Cross Reference Table

Symbol                                            File
Audio_Device_ConfigureEndpoints                   LUFA/Drivers/USB/Class/Device/AudioClassDevice.o
Audio_Device_Event_Stub                           LUFA/Drivers/USB/Class/Device/AudioClassDevice.o
Audio_Device_ProcessControlRequest                LUFA/Drivers/USB/Class/Device/AudioClassDevice.o
CALLBACK_Audio_Device_GetSetEndpointProperty      LUFA/Drivers/USB/Class/Device/AudioClassDevice.o
CALLBACK_Audio_Device_GetSetInterfaceProperty     LUFA/Drivers/USB/Class/Device/AudioClassDevice.o
CALLBACK_HIDParser_FilterHIDReportItem            LUFA/Drivers/USB/Class/Common/HIDParser.o
CALLBACK_HID_Device_CreateHIDReport               LUFA/Drivers/USB/Class/Device/HIDClassDevice.o
CALLBACK_HID_Device_ProcessHIDReport              LUFA/Drivers/USB/Class/Device/HIDClassDevice.o
CALLBACK_MS_Device_SCSICommandReceived            LUFA/Drivers/USB/Class/Device/MassStorageClassDevice.o
CALLBACK_USB_GetDescriptor                        Descriptors.o
                                                  LUFA/Drivers/USB/Core/DeviceStandardReq.o
CDC_Device_BytesReceived                          LUFA/Drivers/USB/Class/Device/CDCClassDevice.o
                                                  AVRSerial.o
CDC_Device_ConfigureEndpoints                     LUFA/Drivers/USB/Class/Device/CDCClassDevice.o
                                                  AVRSerial.o
CDC_Device_CreateBlockingStream                   LUFA/Drivers/USB/Class/Device/CDCClassDevice.o
CDC_Device_CreateStream                           LUFA/Drivers/USB/Class/Device/CDCClassDevice.o
                                                  AVRSerial.o
CDC_Device_Event_Stub                             LUFA/Drivers/USB/Class/Device/CDCClassDevice.o
CDC_Device_Flush                                  LUFA/Drivers/USB/Class/Device/CDCClassDevice.o
CDC_Device_ProcessControlRequest                  LUFA/Drivers/USB/Class/Device/CDCClassDevice.o
                                                  AVRSerial.o
CDC_Device_ReceiveByte                            LUFA/Drivers/USB/Class/Device/CDCClassDevice.o
                                                  AVRSerial.o
CDC_Device_SendByte                               LUFA/Drivers/USB/Class/Device/CDCClassDevice.o
CDC_Device_SendControlLineStateChange             LUFA/Drivers/USB/Class/Device/CDCClassDevice.o
CDC_Device_SendData                               LUFA/Drivers/USB/Class/Device/CDCClassDevice.o
CDC_Device_SendString                             LUFA/Drivers/USB/Class/Device/CDCClassDevice.o
                                                  AVRSerial.o
CDC_Device_USBTask                                LUFA/Drivers/USB/Class/Device/CDCClassDevice.o
                                                  AVRSerial.o
ConfigurationDescriptor                           Descriptors.o
DeviceDescriptor                                  Descriptors.o
EVENT_Audio_Device_StreamStartStop                LUFA/Drivers/USB/Class/Device/AudioClassDevice.o
EVENT_CDC_Device_BreakSent                        LUFA/Drivers/USB/Class/Device/CDCClassDevice.o
EVENT_CDC_Device_ControLineStateChanged           LUFA/Drivers/USB/Class/Device/CDCClassDevice.o
EVENT_CDC_Device_LineEncodingChanged              AVRSerial.o
EVENT_USB_Device_ConfigurationChanged             AVRSerial.o
                                                  LUFA/Drivers/USB/Core/DeviceStandardReq.o
EVENT_USB_Device_Connect                          AVRSerial.o
                                                  LUFA/Drivers/USB/Core/AVR8/USBInterrupt_AVR8.o
EVENT_USB_Device_ControlRequest                   AVRSerial.o
                                                  LUFA/Drivers/USB/Core/DeviceStandardReq.o
EVENT_USB_Device_Disconnect                       AVRSerial.o
                                                  LUFA/Drivers/USB/Core/AVR8/USBInterrupt_AVR8.o
EVENT_USB_Device_Reset                            LUFA/Drivers/USB/Core/Events.o
                                                  LUFA/Drivers/USB/Core/AVR8/USBInterrupt_AVR8.o
EVENT_USB_Device_StartOfFrame                     LUFA/Drivers/USB/Core/Events.o
                                                  LUFA/Drivers/USB/Core/AVR8/USBInterrupt_AVR8.o
EVENT_USB_Device_Suspend                          LUFA/Drivers/USB/Core/Events.o
                                                  LUFA/Drivers/USB/Core/AVR8/USBInterrupt_AVR8.o
EVENT_USB_Device_WakeUp                           LUFA/Drivers/USB/Core/Events.o
                                                  LUFA/Drivers/USB/Core/AVR8/USBInterrupt_AVR8.o
Endpoint_ClearEndpoints                           LUFA/Drivers/USB/Core/AVR8/Endpoint_AVR8.o
Endpoint_ClearStatusStage                         LUFA/Drivers/USB/Core/AVR8/Endpoint_AVR8.o
                                                  LUFA/Drivers/USB/Class/Device/MassStorageClassDevice.o
                                                  LUFA/Drivers/USB/Class/Device/HIDClassDevice.o
                                                  LUFA/Drivers/USB/Class/Device/CDCClassDevice.o
                                                  LUFA/Drivers/USB/Class/Device/AudioClassDevice.o
                                                  LUFA/Drivers/USB/Core/DeviceStandardReq.o
Endpoint_ConfigureEndpointTable                   LUFA/Drivers/USB/Core/AVR8/Endpoint_AVR8.o
                                                  LUFA/Drivers/USB/Class/Device/RNDISClassDevice.o
                                                  LUFA/Drivers/USB/Class/Device/MIDIClassDevice.o
                                                  LUFA/Drivers/USB/Class/Device/MassStorageClassDevice.o
                                                  LUFA/Drivers/USB/Class/Device/HIDClassDevice.o
                                                  LUFA/Drivers/USB/Class/Device/CDCClassDevice.o
                                                  LUFA/Drivers/USB/Class/Device/AudioClassDevice.o
Endpoint_ConfigureEndpoint_Prv                    LUFA/Drivers/USB/Core/AVR8/Endpoint_AVR8.o
                                                  LUFA/Drivers/USB/Core/AVR8/USBInterrupt_AVR8.o
                                                  LUFA/Drivers/USB/Core/AVR8/USBController_AVR8.o
Endpoint_Discard_Stream                           LUFA/Drivers/USB/Core/AVR8/EndpointStream_AVR8.o
Endpoint_Null_Stream                              LUFA/Drivers/USB/Core/AVR8/EndpointStream_AVR8.o
Endpoint_Read_Control_EStream_BE                  LUFA/Drivers/USB/Core/AVR8/EndpointStream_AVR8.o
Endpoint_Read_Control_EStream_LE                  LUFA/Drivers/USB/Core/AVR8/EndpointStream_AVR8.o
Endpoint_Read_Control_Stream_BE                   LUFA/Drivers/USB/Core/AVR8/EndpointStream_AVR8.o
Endpoint_Read_Control_Stream_LE                   LUFA/Drivers/USB/Core/AVR8/EndpointStream_AVR8.o
                                                  LUFA/Drivers/USB/Class/Device/RNDISClassDevice.o
                                                  LUFA/Drivers/USB/Class/Device/HIDClassDevice.o
                                                  LUFA/Drivers/USB/Class/Device/AudioClassDevice.o
Endpoint_Read_EStream_BE                          LUFA/Drivers/USB/Core/AVR8/EndpointStream_AVR8.o
Endpoint_Read_EStream_LE                          LUFA/Drivers/USB/Core/AVR8/EndpointStream_AVR8.o
Endpoint_Read_Stream_BE                           LUFA/Drivers/USB/Core/AVR8/EndpointStream_AVR8.o
Endpoint_Read_Stream_LE                           LUFA/Drivers/USB/Core/AVR8/EndpointStream_AVR8.o
                                                  LUFA/Drivers/USB/Class/Device/RNDISClassDevice.o
                                                  LUFA/Drivers/USB/Class/Device/MIDIClassDevice.o
                                                  LUFA/Drivers/USB/Class/Device/MassStorageClassDevice.o
Endpoint_WaitUntilReady                           LUFA/Drivers/USB/Core/AVR8/Endpoint_AVR8.o
                                                  LUFA/Drivers/USB/Class/Device/RNDISClassDevice.o
                                                  LUFA/Drivers/USB/Class/Device/MIDIClassDevice.o
                                                  LUFA/Drivers/USB/Class/Device/CDCClassDevice.o
                                                  LUFA/Drivers/USB/Core/AVR8/EndpointStream_AVR8.o
Endpoint_Write_Control_EStream_BE                 LUFA/Drivers/USB/Core/AVR8/EndpointStream_AVR8.o
Endpoint_Write_Control_EStream_LE                 LUFA/Drivers/USB/Core/AVR8/EndpointStream_AVR8.o
Endpoint_Write_Control_PStream_BE                 LUFA/Drivers/USB/Core/AVR8/EndpointStream_AVR8.o
Endpoint_Write_Control_PStream_LE                 LUFA/Drivers/USB/Core/AVR8/EndpointStream_AVR8.o
                                                  LUFA/Drivers/USB/Core/DeviceStandardReq.o
Endpoint_Write_Control_Stream_BE                  LUFA/Drivers/USB/Core/AVR8/EndpointStream_AVR8.o
Endpoint_Write_Control_Stream_LE                  LUFA/Drivers/USB/Core/AVR8/EndpointStream_AVR8.o
                                                  LUFA/Drivers/USB/Class/Device/RNDISClassDevice.o
                                                  LUFA/Drivers/USB/Class/Device/HIDClassDevice.o
                                                  LUFA/Drivers/USB/Class/Device/AudioClassDevice.o
                                                  LUFA/Drivers/USB/Core/DeviceStandardReq.o
Endpoint_Write_EStream_BE                         LUFA/Drivers/USB/Core/AVR8/EndpointStream_AVR8.o
Endpoint_Write_EStream_LE                         LUFA/Drivers/USB/Core/AVR8/EndpointStream_AVR8.o
Endpoint_Write_PStream_BE                         LUFA/Drivers/USB/Core/AVR8/EndpointStream_AVR8.o
Endpoint_Write_PStream_LE                         LUFA/Drivers/USB/Core/AVR8/EndpointStream_AVR8.o
Endpoint_Write_Stream_BE                          LUFA/Drivers/USB/Core/AVR8/EndpointStream_AVR8.o
Endpoint_Write_Stream_LE                          LUFA/Drivers/USB/Core/AVR8/EndpointStream_AVR8.o
                                                  LUFA/Drivers/USB/Class/Device/RNDISClassDevice.o
                                                  LUFA/Drivers/USB/Class/Device/MIDIClassDevice.o
                                                  LUFA/Drivers/USB/Class/Device/MassStorageClassDevice.o
                                                  LUFA/Drivers/USB/Class/Device/HIDClassDevice.o
                                                  LUFA/Drivers/USB/Class/Device/CDCClassDevice.o
HID_Device_ConfigureEndpoints                     LUFA/Drivers/USB/Class/Device/HIDClassDevice.o
HID_Device_ProcessControlRequest                  LUFA/Drivers/USB/Class/Device/HIDClassDevice.o
HID_Device_USBTask                                LUFA/Drivers/USB/Class/Device/HIDClassDevice.o
LanguageString                                    Descriptors.o
MIDI_Device_ConfigureEndpoints                    LUFA/Drivers/USB/Class/Device/MIDIClassDevice.o
MIDI_Device_Flush                                 LUFA/Drivers/USB/Class/Device/MIDIClassDevice.o
MIDI_Device_ReceiveEventPacket                    LUFA/Drivers/USB/Class/Device/MIDIClassDevice.o
MIDI_Device_SendEventPacket                       LUFA/Drivers/USB/Class/Device/MIDIClassDevice.o
MIDI_Device_USBTask                               LUFA/Drivers/USB/Class/Device/MIDIClassDevice.o
MS_Device_ConfigureEndpoints                      LUFA/Drivers/USB/Class/Device/MassStorageClassDevice.o
MS_Device_ProcessControlRequest                   LUFA/Drivers/USB/Class/Device/MassStorageClassDevice.o
MS_Device_USBTask                                 LUFA/Drivers/USB/Class/Device/MassStorageClassDevice.o
ManufacturerString                                Descriptors.o
ProductString                                     Descriptors.o
RNDIS_Device_ConfigureEndpoints                   LUFA/Drivers/USB/Class/Device/RNDISClassDevice.o
RNDIS_Device_IsPacketReceived                     LUFA/Drivers/USB/Class/Device/RNDISClassDevice.o
RNDIS_Device_ProcessControlRequest                LUFA/Drivers/USB/Class/Device/RNDISClassDevice.o
RNDIS_Device_ReadPacket                           LUFA/Drivers/USB/Class/Device/RNDISClassDevice.o
RNDIS_Device_SendPacket                           LUFA/Drivers/USB/Class/Device/RNDISClassDevice.o
RNDIS_Device_USBTask                              LUFA/Drivers/USB/Class/Device/RNDISClassDevice.o
SetupHardware                                     AVRSerial.o
USB_ControlRequest                                LUFA/Drivers/USB/Class/Device/RNDISClassDevice.o
                                                  LUFA/Drivers/USB/Class/Device/MassStorageClassDevice.o
                                                  LUFA/Drivers/USB/Class/Device/HIDClassDevice.o
                                                  LUFA/Drivers/USB/Class/Device/CDCClassDevice.o
                                                  LUFA/Drivers/USB/Class/Device/AudioClassDevice.o
                                                  LUFA/Drivers/USB/Core/USBTask.o
                                                  LUFA/Drivers/USB/Core/DeviceStandardReq.o
                                                  LUFA/Drivers/USB/Core/AVR8/Endpoint_AVR8.o
                                                  LUFA/Drivers/USB/Core/AVR8/EndpointStream_AVR8.o
USB_Device_ConfigurationNumber                    LUFA/Drivers/USB/Core/DeviceStandardReq.o
                                                  LUFA/Drivers/USB/Core/AVR8/USBInterrupt_AVR8.o
                                                  LUFA/Drivers/USB/Core/AVR8/USBController_AVR8.o
USB_Device_CurrentlySelfPowered                   LUFA/Drivers/USB/Core/DeviceStandardReq.o
                                                  LUFA/Drivers/USB/Core/AVR8/USBController_AVR8.o
USB_Device_ProcessControlRequest                  LUFA/Drivers/USB/Core/DeviceStandardReq.o
                                                  LUFA/Drivers/USB/Core/USBTask.o
                                                  LUFA/Drivers/USB/Core/AVR8/USBInterrupt_AVR8.o
USB_Device_RemoteWakeupEnabled                    LUFA/Drivers/USB/Core/DeviceStandardReq.o
                                                  LUFA/Drivers/USB/Core/AVR8/USBController_AVR8.o
USB_Device_SendRemoteWakeup                       LUFA/Drivers/USB/Core/AVR8/Device_AVR8.o
USB_Disable                                       LUFA/Drivers/USB/Core/AVR8/USBController_AVR8.o
USB_Event_Stub                                    LUFA/Drivers/USB/Core/Events.o
USB_GetHIDReportItemInfo                          LUFA/Drivers/USB/Class/Common/HIDParser.o
USB_GetHIDReportSize                              LUFA/Drivers/USB/Class/Common/HIDParser.o
USB_GetNextDescriptorComp                         LUFA/Drivers/USB/Core/ConfigDescriptors.o
USB_GetNextDescriptorOfType                       LUFA/Drivers/USB/Core/ConfigDescriptors.o
USB_GetNextDescriptorOfTypeAfter                  LUFA/Drivers/USB/Core/ConfigDescriptors.o
USB_GetNextDescriptorOfTypeBefore                 LUFA/Drivers/USB/Core/ConfigDescriptors.o
USB_INT_ClearAllInterrupts                        LUFA/Drivers/USB/Core/AVR8/USBInterrupt_AVR8.o
                                                  LUFA/Drivers/USB/Core/AVR8/USBController_AVR8.o
USB_INT_DisableAllInterrupts                      LUFA/Drivers/USB/Core/AVR8/USBInterrupt_AVR8.o
                                                  LUFA/Drivers/USB/Core/AVR8/USBController_AVR8.o
USB_Init                                          LUFA/Drivers/USB/Core/AVR8/USBController_AVR8.o
                                                  AVRSerial.o
USB_IsInitialized                                 LUFA/Drivers/USB/Core/USBTask.o
                                                  LUFA/Drivers/USB/Core/AVR8/USBController_AVR8.o
USB_ProcessHIDReport                              LUFA/Drivers/USB/Class/Common/HIDParser.o
USB_ResetInterface                                LUFA/Drivers/USB/Core/AVR8/USBController_AVR8.o
USB_SetHIDReportItemInfo                          LUFA/Drivers/USB/Class/Common/HIDParser.o
USB_USBTask                                       LUFA/Drivers/USB/Core/USBTask.o
                                                  LUFA/Drivers/USB/Class/Device/CDCClassDevice.o
                                                  AVRSerial.o
VirtualSerial_CDC_Interface                       AVRSerial.o
__bad_interrupt                                   /usr/local/CrossPack-AVR-20130212/lib/gcc/avr/4.6.2/../../../../avr/lib/avr5/crtm32u4.o
__bss_end                                         /usr/local/CrossPack-AVR-20130212/lib/gcc/avr/4.6.2/avr5/libgcc.a(_clear_bss.o)
__bss_start                                       /usr/local/CrossPack-AVR-20130212/lib/gcc/avr/4.6.2/avr5/libgcc.a(_clear_bss.o)
__data_end                                        /usr/local/CrossPack-AVR-20130212/lib/gcc/avr/4.6.2/avr5/libgcc.a(_copy_data.o)
__data_load_start                                 /usr/local/CrossPack-AVR-20130212/lib/gcc/avr/4.6.2/avr5/libgcc.a(_copy_data.o)
__data_start                                      /usr/local/CrossPack-AVR-20130212/lib/gcc/avr/4.6.2/avr5/libgcc.a(_copy_data.o)
__do_clear_bss                                    /usr/local/CrossPack-AVR-20130212/lib/gcc/avr/4.6.2/avr5/libgcc.a(_clear_bss.o)
                                                  /usr/local/CrossPack-AVR-20130212/lib/gcc/avr/4.6.2/../../../../avr/lib/avr5/libc.a(fputc.o)
                                                  /usr/local/CrossPack-AVR-20130212/lib/gcc/avr/4.6.2/../../../../avr/lib/avr5/libc.a(vfprintf_std.o)
                                                  /usr/local/CrossPack-AVR-20130212/lib/gcc/avr/4.6.2/../../../../avr/lib/avr5/libc.a(fputs.o)
                                                  /usr/local/CrossPack-AVR-20130212/lib/gcc/avr/4.6.2/../../../../avr/lib/avr5/libc.a(fprintf.o)
                                                  LUFA/Drivers/USB/Class/Host/StillImageClassHost.o
                                                  LUFA/Drivers/USB/Class/Host/RNDISClassHost.o
                                                  LUFA/Drivers/USB/Class/Host/PrinterClassHost.o
                                                  LUFA/Drivers/USB/Class/Host/MIDIClassHost.o
                                                  LUFA/Drivers/USB/Class/Host/MassStorageClassHost.o
                                                  LUFA/Drivers/USB/Class/Host/HIDClassHost.o
                                                  LUFA/Drivers/USB/Class/Host/CDCClassHost.o
                                                  LUFA/Drivers/USB/Class/Host/AudioClassHost.o
                                                  LUFA/Drivers/USB/Class/Host/AndroidAccessoryClassHost.o
                                                  LUFA/Drivers/USB/Class/Device/RNDISClassDevice.o
                                                  LUFA/Drivers/USB/Class/Device/MIDIClassDevice.o
                                                  LUFA/Drivers/USB/Class/Device/MassStorageClassDevice.o
                                                  LUFA/Drivers/USB/Class/Device/HIDClassDevice.o
                                                  LUFA/Drivers/USB/Class/Device/CDCClassDevice.o
                                                  LUFA/Drivers/USB/Class/Device/AudioClassDevice.o
                                                  LUFA/Drivers/USB/Core/USBTask.o
                                                  LUFA/Drivers/USB/Core/HostStandardReq.o
                                                  LUFA/Drivers/USB/Core/Events.o
                                                  LUFA/Drivers/USB/Core/DeviceStandardReq.o
                                                  LUFA/Drivers/USB/Core/ConfigDescriptors.o
                                                  LUFA/Drivers/USB/Core/AVR8/USBInterrupt_AVR8.o
                                                  LUFA/Drivers/USB/Core/AVR8/USBController_AVR8.o
                                                  LUFA/Drivers/USB/Core/AVR8/Pipe_AVR8.o
                                                  LUFA/Drivers/USB/Core/AVR8/PipeStream_AVR8.o
                                                  LUFA/Drivers/USB/Core/AVR8/Host_AVR8.o
                                                  LUFA/Drivers/USB/Core/AVR8/Endpoint_AVR8.o
                                                  LUFA/Drivers/USB/Core/AVR8/EndpointStream_AVR8.o
                                                  LUFA/Drivers/USB/Core/AVR8/Device_AVR8.o
                                                  LUFA/Drivers/USB/Class/Common/HIDParser.o
                                                  Descriptors.o
                                                  AVRSerial.o
__do_copy_data                                    /usr/local/CrossPack-AVR-20130212/lib/gcc/avr/4.6.2/avr5/libgcc.a(_copy_data.o)
                                                  /usr/local/CrossPack-AVR-20130212/lib/gcc/avr/4.6.2/../../../../avr/lib/avr5/libc.a(fputc.o)
                                                  /usr/local/CrossPack-AVR-20130212/lib/gcc/avr/4.6.2/../../../../avr/lib/avr5/libc.a(vfprintf_std.o)
                                                  /usr/local/CrossPack-AVR-20130212/lib/gcc/avr/4.6.2/../../../../avr/lib/avr5/libc.a(fputs.o)
                                                  /usr/local/CrossPack-AVR-20130212/lib/gcc/avr/4.6.2/../../../../avr/lib/avr5/libc.a(fprintf.o)
                                                  LUFA/Drivers/USB/Class/Host/StillImageClassHost.o
                                                  LUFA/Drivers/USB/Class/Host/RNDISClassHost.o
                                                  LUFA/Drivers/USB/Class/Host/PrinterClassHost.o
                                                  LUFA/Drivers/USB/Class/Host/MIDIClassHost.o
                                                  LUFA/Drivers/USB/Class/Host/MassStorageClassHost.o
                                                  LUFA/Drivers/USB/Class/Host/HIDClassHost.o
                                                  LUFA/Drivers/USB/Class/Host/CDCClassHost.o
                                                  LUFA/Drivers/USB/Class/Host/AudioClassHost.o
                                                  LUFA/Drivers/USB/Class/Host/AndroidAccessoryClassHost.o
                                                  LUFA/Drivers/USB/Class/Device/RNDISClassDevice.o
                                                  LUFA/Drivers/USB/Class/Device/MIDIClassDevice.o
                                                  LUFA/Drivers/USB/Class/Device/MassStorageClassDevice.o
                                                  LUFA/Drivers/USB/Class/Device/HIDClassDevice.o
                                                  LUFA/Drivers/USB/Class/Device/CDCClassDevice.o
                                                  LUFA/Drivers/USB/Class/Device/AudioClassDevice.o
                                                  LUFA/Drivers/USB/Core/USBTask.o
                                                  LUFA/Drivers/USB/Core/HostStandardReq.o
                                                  LUFA/Drivers/USB/Core/Events.o
                                                  LUFA/Drivers/USB/Core/DeviceStandardReq.o
                                                  LUFA/Drivers/USB/Core/ConfigDescriptors.o
                                                  LUFA/Drivers/USB/Core/AVR8/USBInterrupt_AVR8.o
                                                  LUFA/Drivers/USB/Core/AVR8/USBController_AVR8.o
                                                  LUFA/Drivers/USB/Core/AVR8/Pipe_AVR8.o
                                                  LUFA/Drivers/USB/Core/AVR8/PipeStream_AVR8.o
                                                  LUFA/Drivers/USB/Core/AVR8/Host_AVR8.o
                                                  LUFA/Drivers/USB/Core/AVR8/Endpoint_AVR8.o
                                                  LUFA/Drivers/USB/Core/AVR8/EndpointStream_AVR8.o
                                                  LUFA/Drivers/USB/Core/AVR8/Device_AVR8.o
                                                  LUFA/Drivers/USB/Class/Common/HIDParser.o
                                                  Descriptors.o
                                                  AVRSerial.o
__eerd_byte_m32u4                                 /usr/local/CrossPack-AVR-20130212/lib/gcc/avr/4.6.2/../../../../avr/lib/avr5/libc.a(eerd_byte_atmega32u4.o)
                                                  LUFA/Drivers/USB/Core/AVR8/EndpointStream_AVR8.o
__eeupd_byte_m32u4                                /usr/local/CrossPack-AVR-20130212/lib/gcc/avr/4.6.2/../../../../avr/lib/avr5/libc.a(eeupd_byte_atmega32u4.o)
                                                  LUFA/Drivers/USB/Core/AVR8/EndpointStream_AVR8.o
__eeupd_r18_m32u4                                 /usr/local/CrossPack-AVR-20130212/lib/gcc/avr/4.6.2/../../../../avr/lib/avr5/libc.a(eeupd_byte_atmega32u4.o)
__epilogue_restores__                             /usr/local/CrossPack-AVR-20130212/lib/gcc/avr/4.6.2/avr5/libgcc.a(_epilogue.o)
                                                  /usr/local/CrossPack-AVR-20130212/lib/gcc/avr/4.6.2/../../../../avr/lib/avr5/libc.a(vfprintf_std.o)
                                                  /usr/local/CrossPack-AVR-20130212/lib/gcc/avr/4.6.2/../../../../avr/lib/avr5/libc.a(fputs.o)
                                                  /usr/local/CrossPack-AVR-20130212/lib/gcc/avr/4.6.2/../../../../avr/lib/avr5/libc.a(fprintf.o)
__heap_end                                        /usr/local/CrossPack-AVR-20130212/lib/gcc/avr/4.6.2/../../../../avr/lib/avr5/crtm32u4.o
__init                                            /usr/local/CrossPack-AVR-20130212/lib/gcc/avr/4.6.2/../../../../avr/lib/avr5/crtm32u4.o
__prologue_saves__                                /usr/local/CrossPack-AVR-20130212/lib/gcc/avr/4.6.2/avr5/libgcc.a(_prologue.o)
                                                  /usr/local/CrossPack-AVR-20130212/lib/gcc/avr/4.6.2/../../../../avr/lib/avr5/libc.a(vfprintf_std.o)
                                                  /usr/local/CrossPack-AVR-20130212/lib/gcc/avr/4.6.2/../../../../avr/lib/avr5/libc.a(fprintf.o)
__stack                                           /usr/local/CrossPack-AVR-20130212/lib/gcc/avr/4.6.2/../../../../avr/lib/avr5/crtm32u4.o
__udivmodsi4                                      /usr/local/CrossPack-AVR-20130212/lib/gcc/avr/4.6.2/avr5/libgcc.a(_udivmodsi4.o)
                                                  AVRSerial.o
__ultoa_invert                                    /usr/local/CrossPack-AVR-20130212/lib/gcc/avr/4.6.2/../../../../avr/lib/avr5/libc.a(ultoa_invert.o)
                                                  /usr/local/CrossPack-AVR-20130212/lib/gcc/avr/4.6.2/../../../../avr/lib/avr5/libc.a(vfprintf_std.o)
__vector_1                                        /usr/local/CrossPack-AVR-20130212/lib/gcc/avr/4.6.2/../../../../avr/lib/avr5/crtm32u4.o
__vector_10                                       LUFA/Drivers/USB/Core/AVR8/USBInterrupt_AVR8.o
                                                  /usr/local/CrossPack-AVR-20130212/lib/gcc/avr/4.6.2/../../../../avr/lib/avr5/crtm32u4.o
__vector_11                                       LUFA/Drivers/USB/Core/AVR8/USBInterrupt_AVR8.o
                                                  /usr/local/CrossPack-AVR-20130212/lib/gcc/avr/4.6.2/../../../../avr/lib/avr5/crtm32u4.o
__vector_12                                       /usr/local/CrossPack-AVR-20130212/lib/gcc/avr/4.6.2/../../../../avr/lib/avr5/crtm32u4.o
__vector_13                                       /usr/local/CrossPack-AVR-20130212/lib/gcc/avr/4.6.2/../../../../avr/lib/avr5/crtm32u4.o
__vector_14                                       /usr/local/CrossPack-AVR-20130212/lib/gcc/avr/4.6.2/../../../../avr/lib/avr5/crtm32u4.o
__vector_15                                       /usr/local/CrossPack-AVR-20130212/lib/gcc/avr/4.6.2/../../../../avr/lib/avr5/crtm32u4.o
__vector_16                                       /usr/local/CrossPack-AVR-20130212/lib/gcc/avr/4.6.2/../../../../avr/lib/avr5/crtm32u4.o
__vector_17                                       AVRSerial.o
                                                  /usr/local/CrossPack-AVR-20130212/lib/gcc/avr/4.6.2/../../../../avr/lib/avr5/crtm32u4.o
__vector_18                                       /usr/local/CrossPack-AVR-20130212/lib/gcc/avr/4.6.2/../../../../avr/lib/avr5/crtm32u4.o
__vector_19                                       /usr/local/CrossPack-AVR-20130212/lib/gcc/avr/4.6.2/../../../../avr/lib/avr5/crtm32u4.o
__vector_2                                        /usr/local/CrossPack-AVR-20130212/lib/gcc/avr/4.6.2/../../../../avr/lib/avr5/crtm32u4.o
__vector_20                                       /usr/local/CrossPack-AVR-20130212/lib/gcc/avr/4.6.2/../../../../avr/lib/avr5/crtm32u4.o
__vector_21                                       /usr/local/CrossPack-AVR-20130212/lib/gcc/avr/4.6.2/../../../../avr/lib/avr5/crtm32u4.o
__vector_22                                       /usr/local/CrossPack-AVR-20130212/lib/gcc/avr/4.6.2/../../../../avr/lib/avr5/crtm32u4.o
__vector_23                                       /usr/local/CrossPack-AVR-20130212/lib/gcc/avr/4.6.2/../../../../avr/lib/avr5/crtm32u4.o
__vector_24                                       /usr/local/CrossPack-AVR-20130212/lib/gcc/avr/4.6.2/../../../../avr/lib/avr5/crtm32u4.o
__vector_25                                       /usr/local/CrossPack-AVR-20130212/lib/gcc/avr/4.6.2/../../../../avr/lib/avr5/crtm32u4.o
__vector_26                                       /usr/local/CrossPack-AVR-20130212/lib/gcc/avr/4.6.2/../../../../avr/lib/avr5/crtm32u4.o
__vector_27                                       /usr/local/CrossPack-AVR-20130212/lib/gcc/avr/4.6.2/../../../../avr/lib/avr5/crtm32u4.o
__vector_28                                       /usr/local/CrossPack-AVR-20130212/lib/gcc/avr/4.6.2/../../../../avr/lib/avr5/crtm32u4.o
__vector_29                                       /usr/local/CrossPack-AVR-20130212/lib/gcc/avr/4.6.2/../../../../avr/lib/avr5/crtm32u4.o
__vector_3                                        /usr/local/CrossPack-AVR-20130212/lib/gcc/avr/4.6.2/../../../../avr/lib/avr5/crtm32u4.o
__vector_30                                       /usr/local/CrossPack-AVR-20130212/lib/gcc/avr/4.6.2/../../../../avr/lib/avr5/crtm32u4.o
__vector_31                                       /usr/local/CrossPack-AVR-20130212/lib/gcc/avr/4.6.2/../../../../avr/lib/avr5/crtm32u4.o
__vector_32                                       /usr/local/CrossPack-AVR-20130212/lib/gcc/avr/4.6.2/../../../../avr/lib/avr5/crtm32u4.o
__vector_33                                       /usr/local/CrossPack-AVR-20130212/lib/gcc/avr/4.6.2/../../../../avr/lib/avr5/crtm32u4.o
__vector_34                                       /usr/local/CrossPack-AVR-20130212/lib/gcc/avr/4.6.2/../../../../avr/lib/avr5/crtm32u4.o
__vector_35                                       /usr/local/CrossPack-AVR-20130212/lib/gcc/avr/4.6.2/../../../../avr/lib/avr5/crtm32u4.o
__vector_36                                       /usr/local/CrossPack-AVR-20130212/lib/gcc/avr/4.6.2/../../../../avr/lib/avr5/crtm32u4.o
__vector_37                                       /usr/local/CrossPack-AVR-20130212/lib/gcc/avr/4.6.2/../../../../avr/lib/avr5/crtm32u4.o
__vector_38                                       /usr/local/CrossPack-AVR-20130212/lib/gcc/avr/4.6.2/../../../../avr/lib/avr5/crtm32u4.o
__vector_39                                       /usr/local/CrossPack-AVR-20130212/lib/gcc/avr/4.6.2/../../../../avr/lib/avr5/crtm32u4.o
__vector_4                                        /usr/local/CrossPack-AVR-20130212/lib/gcc/avr/4.6.2/../../../../avr/lib/avr5/crtm32u4.o
__vector_40                                       /usr/local/CrossPack-AVR-20130212/lib/gcc/avr/4.6.2/../../../../avr/lib/avr5/crtm32u4.o
__vector_41                                       /usr/local/CrossPack-AVR-20130212/lib/gcc/avr/4.6.2/../../../../avr/lib/avr5/crtm32u4.o
__vector_42                                       /usr/local/CrossPack-AVR-20130212/lib/gcc/avr/4.6.2/../../../../avr/lib/avr5/crtm32u4.o
__vector_5                                        /usr/local/CrossPack-AVR-20130212/lib/gcc/avr/4.6.2/../../../../avr/lib/avr5/crtm32u4.o
__vector_6                                        /usr/local/CrossPack-AVR-20130212/lib/gcc/avr/4.6.2/../../../../avr/lib/avr5/crtm32u4.o
__vector_7                                        /usr/local/CrossPack-AVR-20130212/lib/gcc/avr/4.6.2/../../../../avr/lib/avr5/crtm32u4.o
__vector_8                                        /usr/local/CrossPack-AVR-20130212/lib/gcc/avr/4.6.2/../../../../avr/lib/avr5/crtm32u4.o
__vector_9                                        /usr/local/CrossPack-AVR-20130212/lib/gcc/avr/4.6.2/../../../../avr/lib/avr5/crtm32u4.o
__vector_default                                  /usr/local/CrossPack-AVR-20130212/lib/gcc/avr/4.6.2/../../../../avr/lib/avr5/crtm32u4.o
__vectors                                         /usr/local/CrossPack-AVR-20130212/lib/gcc/avr/4.6.2/../../../../avr/lib/avr5/crtm32u4.o
_exit                                             /usr/local/CrossPack-AVR-20130212/lib/gcc/avr/4.6.2/avr5/libgcc.a(_exit.o)
completeWord                                      AVRSerial.o
exit                                              /usr/local/CrossPack-AVR-20130212/lib/gcc/avr/4.6.2/avr5/libgcc.a(_exit.o)
                                                  /usr/local/CrossPack-AVR-20130212/lib/gcc/avr/4.6.2/../../../../avr/lib/avr5/crtm32u4.o
fprintf                                           /usr/local/CrossPack-AVR-20130212/lib/gcc/avr/4.6.2/../../../../avr/lib/avr5/libc.a(fprintf.o)
                                                  AVRSerial.o
fputc                                             /usr/local/CrossPack-AVR-20130212/lib/gcc/avr/4.6.2/../../../../avr/lib/avr5/libc.a(fputc.o)
                                                  /usr/local/CrossPack-AVR-20130212/lib/gcc/avr/4.6.2/../../../../avr/lib/avr5/libc.a(vfprintf_std.o)
fputs                                             /usr/local/CrossPack-AVR-20130212/lib/gcc/avr/4.6.2/../../../../avr/lib/avr5/libc.a(fputs.o)
                                                  AVRSerial.o
intIndex                                          AVRSerial.o
intString                                         AVRSerial.o
main                                              AVRSerial.o
                                                  /usr/local/CrossPack-AVR-20130212/lib/gcc/avr/4.6.2/../../../../avr/lib/avr5/crtm32u4.o
memcmp                                            /usr/local/CrossPack-AVR-20130212/lib/gcc/avr/4.6.2/../../../../avr/lib/avr5/libc.a(memcmp.o)
                                                  LUFA/Drivers/USB/Class/Device/HIDClassDevice.o
memcpy                                            /usr/local/CrossPack-AVR-20130212/lib/gcc/avr/4.6.2/../../../../avr/lib/avr5/libc.a(memcpy.o)
                                                  LUFA/Drivers/USB/Class/Device/RNDISClassDevice.o
                                                  LUFA/Drivers/USB/Class/Device/HIDClassDevice.o
memcpy_P                                          /usr/local/CrossPack-AVR-20130212/lib/gcc/avr/4.6.2/../../../../avr/lib/avr5/libc.a(memcpy_P.o)
                                                  LUFA/Drivers/USB/Class/Device/RNDISClassDevice.o
memset                                            /usr/local/CrossPack-AVR-20130212/lib/gcc/avr/4.6.2/../../../../avr/lib/avr5/libc.a(memset.o)
                                                  LUFA/Drivers/USB/Class/Device/HIDClassDevice.o
strncmp                                           /usr/local/CrossPack-AVR-20130212/lib/gcc/avr/4.6.2/../../../../avr/lib/avr5/libc.a(strncmp.o)
                                                  AVRSerial.o
strncpy                                           /usr/local/CrossPack-AVR-20130212/lib/gcc/avr/4.6.2/../../../../avr/lib/avr5/libc.a(strncpy.o)
                                                  AVRSerial.o
strnlen                                           /usr/local/CrossPack-AVR-20130212/lib/gcc/avr/4.6.2/../../../../avr/lib/avr5/libc.a(strnlen.o)
                                                  /usr/local/CrossPack-AVR-20130212/lib/gcc/avr/4.6.2/../../../../avr/lib/avr5/libc.a(vfprintf_std.o)
strnlen_P                                         /usr/local/CrossPack-AVR-20130212/lib/gcc/avr/4.6.2/../../../../avr/lib/avr5/libc.a(strnlen_P.o)
                                                  /usr/local/CrossPack-AVR-20130212/lib/gcc/avr/4.6.2/../../../../avr/lib/avr5/libc.a(vfprintf_std.o)
timerInit                                         AVRSerial.o
timerVal                                          AVRSerial.o
vfprintf                                          /usr/local/CrossPack-AVR-20130212/lib/gcc/avr/4.6.2/../../../../avr/lib/avr5/libc.a(vfprintf_std.o)
                                                  /usr/local/CrossPack-AVR-20130212/lib/gcc/avr/4.6.2/../../../../avr/lib/avr5/libc.a(fprintf.o)
