Archive member included because of file (symbol)

/usr/local/CrossPack-AVR-20130212/lib/gcc/avr/4.6.2/avr5/libgcc.a(_exit.o)
                              /usr/local/CrossPack-AVR-20130212/lib/gcc/avr/4.6.2/../../../../avr/lib/avr5/crtm32u4.o (exit)
/usr/local/CrossPack-AVR-20130212/lib/gcc/avr/4.6.2/avr5/libgcc.a(_copy_data.o)
                              AVRSerial.o (__do_copy_data)
/usr/local/CrossPack-AVR-20130212/lib/gcc/avr/4.6.2/avr5/libgcc.a(_clear_bss.o)
                              AVRSerial.o (__do_clear_bss)
/usr/local/CrossPack-AVR-20130212/lib/gcc/avr/4.6.2/../../../../avr/lib/avr5/libc.a(memcpy_P.o)
                              ../../../../LUFA/Drivers/USB/Class/Device/RNDISClassDevice.o (memcpy_P)
/usr/local/CrossPack-AVR-20130212/lib/gcc/avr/4.6.2/../../../../avr/lib/avr5/libc.a(memcmp.o)
                              ../../../../LUFA/Drivers/USB/Class/Device/HIDClassDevice.o (memcmp)
/usr/local/CrossPack-AVR-20130212/lib/gcc/avr/4.6.2/../../../../avr/lib/avr5/libc.a(memcpy.o)
                              ../../../../LUFA/Drivers/USB/Class/Device/HIDClassDevice.o (memcpy)
/usr/local/CrossPack-AVR-20130212/lib/gcc/avr/4.6.2/../../../../avr/lib/avr5/libc.a(memset.o)
                              ../../../../LUFA/Drivers/USB/Class/Device/HIDClassDevice.o (memset)
/usr/local/CrossPack-AVR-20130212/lib/gcc/avr/4.6.2/../../../../avr/lib/avr5/libc.a(strncmp.o)
                              AVRSerial.o (strncmp)
/usr/local/CrossPack-AVR-20130212/lib/gcc/avr/4.6.2/../../../../avr/lib/avr5/libc.a(strncpy.o)
                              AVRSerial.o (strncpy)
/usr/local/CrossPack-AVR-20130212/lib/gcc/avr/4.6.2/../../../../avr/lib/avr5/libc.a(eerd_byte_atmega32u4.o)
                              ../../../../LUFA/Drivers/USB/Core/AVR8/EndpointStream_AVR8.o (__eerd_byte_m32u4)
/usr/local/CrossPack-AVR-20130212/lib/gcc/avr/4.6.2/../../../../avr/lib/avr5/libc.a(eeupd_byte_atmega32u4.o)
                              ../../../../LUFA/Drivers/USB/Core/AVR8/EndpointStream_AVR8.o (__eeupd_byte_m32u4)

Allocating common symbols
Common symbol       size              file

USB_IsInitialized   0x1               ../../../../LUFA/Drivers/USB/Core/USBTask.o
USB_DeviceState     0x1               ../../../../LUFA/Drivers/USB/Core/USBTask.o
USB_Device_ConfigurationNumber
                    0x1               ../../../../LUFA/Drivers/USB/Core/DeviceStandardReq.o
USB_Device_CurrentlySelfPowered
                    0x1               ../../../../LUFA/Drivers/USB/Core/DeviceStandardReq.o
USB_ControlRequest  0x8               ../../../../LUFA/Drivers/USB/Core/USBTask.o
USB_Device_RemoteWakeupEnabled
                    0x1               ../../../../LUFA/Drivers/USB/Core/DeviceStandardReq.o

Discarded input sections

 .bss           0x00000000        0x0 /usr/local/CrossPack-AVR-20130212/lib/gcc/avr/4.6.2/../../../../avr/lib/avr5/crtm32u4.o
 .text          0x00000000        0x0 AVRSerial.o
 .text          0x00000000        0x0 Descriptors.o
 .bss           0x00000000        0x0 Descriptors.o
 .text          0x00000000        0x0 ../../../../LUFA/Drivers/USB/Class/Common/HIDParser.o
 .bss           0x00000000        0x0 ../../../../LUFA/Drivers/USB/Class/Common/HIDParser.o
 .text.USB_ProcessHIDReport
                0x00000000      0x77a ../../../../LUFA/Drivers/USB/Class/Common/HIDParser.o
 .text.USB_GetHIDReportItemInfo
                0x00000000       0xc2 ../../../../LUFA/Drivers/USB/Class/Common/HIDParser.o
 .text.USB_SetHIDReportItemInfo
                0x00000000       0xd8 ../../../../LUFA/Drivers/USB/Class/Common/HIDParser.o
 .text.USB_GetHIDReportSize
                0x00000000       0x60 ../../../../LUFA/Drivers/USB/Class/Common/HIDParser.o
 .text          0x00000000        0x0 ../../../../LUFA/Drivers/USB/Core/AVR8/Device_AVR8.o
 .bss           0x00000000        0x0 ../../../../LUFA/Drivers/USB/Core/AVR8/Device_AVR8.o
 .text.USB_Device_SendRemoteWakeup
                0x00000000       0x2c ../../../../LUFA/Drivers/USB/Core/AVR8/Device_AVR8.o
 .text          0x00000000        0x0 ../../../../LUFA/Drivers/USB/Core/AVR8/EndpointStream_AVR8.o
 .bss           0x00000000        0x0 ../../../../LUFA/Drivers/USB/Core/AVR8/EndpointStream_AVR8.o
 .text.Endpoint_Discard_Stream
                0x00000000       0x8e ../../../../LUFA/Drivers/USB/Core/AVR8/EndpointStream_AVR8.o
 .text.Endpoint_Null_Stream
                0x00000000       0x8e ../../../../LUFA/Drivers/USB/Core/AVR8/EndpointStream_AVR8.o
 .text.Endpoint_Write_Stream_BE
                0x00000000       0xb0 ../../../../LUFA/Drivers/USB/Core/AVR8/EndpointStream_AVR8.o
 .text.Endpoint_Read_Stream_LE
                0x00000000       0xa2 ../../../../LUFA/Drivers/USB/Core/AVR8/EndpointStream_AVR8.o
 .text.Endpoint_Read_Stream_BE
                0x00000000       0xb0 ../../../../LUFA/Drivers/USB/Core/AVR8/EndpointStream_AVR8.o
 .text.Endpoint_Write_PStream_LE
                0x00000000       0xa6 ../../../../LUFA/Drivers/USB/Core/AVR8/EndpointStream_AVR8.o
[...]
Memory Configuration

Name             Origin             Length             Attributes
text             0x00000000         0x00020000         xr
data             0x00800060         0x0000ffa0         rw !x
eeprom           0x00810000         0x00010000         rw !x
fuse             0x00820000         0x00000400         rw !x
lock             0x00830000         0x00000400         rw !x
signature        0x00840000         0x00000400         rw !x
*default*        0x00000000         0xffffffff

Linker script and memory map

Address of section .data set to 0x800100
LOAD /usr/local/CrossPack-AVR-20130212/lib/gcc/avr/4.6.2/../../../../avr/lib/avr5/crtm32u4.o
LOAD AVRSerial.o
LOAD Descriptors.o
LOAD ../../../../LUFA/Drivers/USB/Class/Common/HIDParser.o
LOAD ../../../../LUFA/Drivers/USB/Core/AVR8/Device_AVR8.o
LOAD ../../../../LUFA/Drivers/USB/Core/AVR8/EndpointStream_AVR8.o
LOAD ../../../../LUFA/Drivers/USB/Core/AVR8/Endpoint_AVR8.o
LOAD ../../../../LUFA/Drivers/USB/Core/AVR8/Host_AVR8.o
LOAD ../../../../LUFA/Drivers/USB/Core/AVR8/PipeStream_AVR8.o
LOAD ../../../../LUFA/Drivers/USB/Core/AVR8/Pipe_AVR8.o
LOAD ../../../../LUFA/Drivers/USB/Core/AVR8/USBController_AVR8.o
LOAD ../../../../LUFA/Drivers/USB/Core/AVR8/USBInterrupt_AVR8.o
LOAD ../../../../LUFA/Drivers/USB/Core/ConfigDescriptors.o
LOAD ../../../../LUFA/Drivers/USB/Core/DeviceStandardReq.o
LOAD ../../../../LUFA/Drivers/USB/Core/Events.o
LOAD ../../../../LUFA/Drivers/USB/Core/HostStandardReq.o
LOAD ../../../../LUFA/Drivers/USB/Core/USBTask.o
LOAD ../../../../LUFA/Drivers/USB/Class/Device/AudioClassDevice.o
LOAD ../../../../LUFA/Drivers/USB/Class/Device/CDCClassDevice.o
LOAD ../../../../LUFA/Drivers/USB/Class/Device/HIDClassDevice.o
LOAD ../../../../LUFA/Drivers/USB/Class/Device/MassStorageClassDevice.o
LOAD ../../../../LUFA/Drivers/USB/Class/Device/MIDIClassDevice.o
LOAD ../../../../LUFA/Drivers/USB/Class/Device/RNDISClassDevice.o
LOAD ../../../../LUFA/Drivers/USB/Class/Host/AndroidAccessoryClassHost.o
LOAD ../../../../LUFA/Drivers/USB/Class/Host/AudioClassHost.o
LOAD ../../../../LUFA/Drivers/USB/Class/Host/CDCClassHost.o
LOAD ../../../../LUFA/Drivers/USB/Class/Host/HIDClassHost.o
LOAD ../../../../LUFA/Drivers/USB/Class/Host/MassStorageClassHost.o
LOAD ../../../../LUFA/Drivers/USB/Class/Host/MIDIClassHost.o
LOAD ../../../../LUFA/Drivers/USB/Class/Host/PrinterClassHost.o
LOAD ../../../../LUFA/Drivers/USB/Class/Host/RNDISClassHost.o
LOAD ../../../../LUFA/Drivers/USB/Class/Host/StillImageClassHost.o
LOAD /usr/local/CrossPack-AVR-20130212/lib/gcc/avr/4.6.2/../../../../avr/lib/avr5/libm.a
LOAD /usr/local/CrossPack-AVR-20130212/lib/gcc/avr/4.6.2/avr5/libgcc.a
LOAD /usr/local/CrossPack-AVR-20130212/lib/gcc/avr/4.6.2/../../../../avr/lib/avr5/libc.a
LOAD /usr/local/CrossPack-AVR-20130212/lib/gcc/avr/4.6.2/avr5/libgcc.a

.hash
 *(.hash)

.dynsym
 *(.dynsym)

.dynstr
 *(.dynstr)

.gnu.version
 *(.gnu.version)

.gnu.version_d
 *(.gnu.version_d)

.gnu.version_r
 *(.gnu.version_r)

.rel.init
 *(.rel.init)

.rela.init
 *(.rela.init)

.rel.text
 *(.rel.text)
 *(.rel.text.*)
 *(.rel.gnu.linkonce.t*)

.rela.text
 *(.rela.text)
 *(.rela.text.*)
 *(.rela.gnu.linkonce.t*)

.rel.fini
 *(.rel.fini)

.rela.fini
 *(.rela.fini)

.rel.rodata
 *(.rel.rodata)
 *(.rel.rodata.*)
 *(.rel.gnu.linkonce.r*)

.rela.rodata
 *(.rela.rodata)
 *(.rela.rodata.*)
 *(.rela.gnu.linkonce.r*)

.rel.data
 *(.rel.data)
 *(.rel.data.*)
 *(.rel.gnu.linkonce.d*)

.rela.data
 *(.rela.data)
 *(.rela.data.*)
 *(.rela.gnu.linkonce.d*)

.rel.ctors
 *(.rel.ctors)

.rela.ctors
 *(.rela.ctors)

.rel.dtors
 *(.rel.dtors)

.rela.dtors
 *(.rela.dtors)

.rel.got
 *(.rel.got)

.rela.got
 *(.rela.got)

.rel.bss
 *(.rel.bss)

.rela.bss
 *(.rela.bss)

.rel.plt
 *(.rel.plt)

.rela.plt
 *(.rela.plt)

.text           0x00000000     0x1106
 *(.vectors)
 .vectors       0x00000000       0xac /usr/local/CrossPack-AVR-20130212/lib/gcc/avr/4.6.2/../../../../avr/lib/avr5/crtm32u4.o
                0x00000000                __vectors
                0x00000000                __vector_default
 *(.vectors)
 *(.progmem.gcc*)
 *(.progmem*)
 .progmem.data  0x000000ac       0x8c Descriptors.o
                0x000000ac                ProductString
                0x000000ca                ManufacturerString
                0x000000e4                LanguageString
                0x000000e8                ConfigurationDescriptor
                0x00000126                DeviceDescriptor
                0x00000138                . = ALIGN (0x2)
                0x00000138                __trampolines_start = .
 *(.trampolines)
 .trampolines   0x00000138        0x0 linker stubs
 *(.trampolines*)
                0x00000138                __trampolines_end = .
 *(.jumptables)
 *(.jumptables*)
 *(.lowtext)
 *(.lowtext*)
                0x00000138                __ctors_start = .
 *(.ctors)
                0x00000138                __ctors_end = .
                0x00000138                __dtors_start = .
 *(.dtors)
                0x00000138                __dtors_end = .
 SORT(*)(.ctors)
 SORT(*)(.dtors)
 *(.init0)
 .init0         0x00000138        0x0 /usr/local/CrossPack-AVR-20130212/lib/gcc/avr/4.6.2/../../../../avr/lib/avr5/crtm32u4.o
                0x00000138                __init
 *(.init0)
 *(.init1)
 *(.init1)
 *(.init2)
 .init2         0x00000138        0xc /usr/local/CrossPack-AVR-20130212/lib/gcc/avr/4.6.2/../../../../avr/lib/avr5/crtm32u4.o
 *(.init2)
 *(.init3)
 *(.init3)
 *(.init4)
 .init4         0x00000144       0x16 /usr/local/CrossPack-AVR-20130212/lib/gcc/avr/4.6.2/avr5/libgcc.a(_copy_data.o)
                0x00000144                __do_copy_data
 .init4         0x0000015a       0x10 /usr/local/CrossPack-AVR-20130212/lib/gcc/avr/4.6.2/avr5/libgcc.a(_clear_bss.o)
                0x0000015a                __do_clear_bss
 *(.init4)
 *(.init5)
 *(.init5)
 *(.init6)
 *(.init6)
 *(.init7)
 *(.init7)
 *(.init8)
 *(.init8)
 *(.init9)
 .init9         0x0000016a        0x4 /usr/local/CrossPack-AVR-20130212/lib/gcc/avr/4.6.2/../../../../avr/lib/avr5/crtm32u4.o
 *(.init9)
 *(.text)
 .text          0x0000016e        0x2 /usr/local/CrossPack-AVR-20130212/lib/gcc/avr/4.6.2/../../../../avr/lib/avr5/crtm32u4.o
                0x0000016e                __vector_42
                0x0000016e                __vector_22
                0x0000016e                __vector_28
                0x0000016e                __vector_1
                0x0000016e                __vector_32
                0x0000016e                __vector_34
                0x0000016e                __vector_24
                0x0000016e                __vector_12
                0x0000016e                __bad_interrupt
                0x0000016e                __vector_6
                0x0000016e                __vector_31
                0x0000016e                __vector_35
                0x0000016e                __vector_39
                0x0000016e                __vector_3
                0x0000016e                __vector_23
                0x0000016e                __vector_30
                0x0000016e                __vector_25
                0x0000016e                __vector_13
                0x0000016e                __vector_17
                0x0000016e                __vector_19
                0x0000016e                __vector_7
                0x0000016e                __vector_41
                0x0000016e                __vector_27
                0x0000016e                __vector_5
                0x0000016e                __vector_33
                0x0000016e                __vector_37
                0x0000016e                __vector_4
                0x0000016e                __vector_9
                0x0000016e                __vector_2
                0x0000016e                __vector_21
                0x0000016e                __vector_15
                0x0000016e                __vector_36
                0x0000016e                __vector_29
                0x0000016e                __vector_40
                0x0000016e                __vector_8
                0x0000016e                __vector_26
                0x0000016e                __vector_14
                0x0000016e                __vector_16
                0x0000016e                __vector_18
                0x0000016e                __vector_20
                0x0000016e                __vector_38
                0x00000170                . = ALIGN (0x2)
 *(.text.*)
 .text.LEDs_SetAllLEDs
                0x00000170        0xa AVRSerial.o
 .text.SetupHardware
                0x0000017a       0x3c AVRSerial.o
                0x0000017a                SetupHardware
 .text.startup.main
                0x000001b6      0x112 AVRSerial.o
                0x000001b6                main
 .text.EVENT_USB_Device_Connect
                0x000002c8        0x4 AVRSerial.o
                0x000002c8                EVENT_USB_Device_Connect
 .text.EVENT_USB_Device_Disconnect
                0x000002cc        0x4 AVRSerial.o
                0x000002cc                EVENT_USB_Device_Disconnect
 .text.EVENT_USB_Device_ConfigurationChanged
                0x000002d0       0x12 AVRSerial.o
                0x000002d0                EVENT_USB_Device_ConfigurationChanged
 .text.EVENT_USB_Device_ControlRequest
                0x000002e2        0x6 AVRSerial.o
                0x000002e2                EVENT_USB_Device_ControlRequest
 .text.CALLBACK_USB_GetDescriptor
                0x000002e8       0x58 Descriptors.o
                0x000002e8                CALLBACK_USB_GetDescriptor
 .text.Endpoint_Write_Stream_LE
                0x00000340       0x9e ../../../../LUFA/Drivers/USB/Core/AVR8/EndpointStream_AVR8.o
                0x00000340                Endpoint_Write_Stream_LE
 .text.Endpoint_Write_Control_Stream_LE
                0x000003de       0xc2 ../../../../LUFA/Drivers/USB/Core/AVR8/EndpointStream_AVR8.o
                0x000003de                Endpoint_Write_Control_Stream_LE
 .text.Endpoint_Write_Control_PStream_LE
                0x000004a0       0xc6 ../../../../LUFA/Drivers/USB/Core/AVR8/EndpointStream_AVR8.o
                0x000004a0                Endpoint_Write_Control_PStream_LE
 .text.Endpoint_ConfigureEndpoint_Prv
                0x00000566       0x6a ../../../../LUFA/Drivers/USB/Core/AVR8/Endpoint_AVR8.o
                0x00000566                Endpoint_ConfigureEndpoint_Prv
 .text.Endpoint_ConfigureEndpointTable
                0x000005d0       0x78 ../../../../LUFA/Drivers/USB/Core/AVR8/Endpoint_AVR8.o
                0x000005d0                Endpoint_ConfigureEndpointTable
 .text.Endpoint_ClearStatusStage
                0x00000648       0x42 ../../../../LUFA/Drivers/USB/Core/AVR8/Endpoint_AVR8.o
                0x00000648                Endpoint_ClearStatusStage
 .text.Endpoint_WaitUntilReady
                0x0000068a       0x66 ../../../../LUFA/Drivers/USB/Core/AVR8/Endpoint_AVR8.o
                0x0000068a                Endpoint_WaitUntilReady
 .text.USB_ResetInterface
                0x000006f0       0x80 ../../../../LUFA/Drivers/USB/Core/AVR8/USBController_AVR8.o
                0x000006f0                USB_ResetInterface
 .text.USB_Init
                0x00000770       0x20 ../../../../LUFA/Drivers/USB/Core/AVR8/USBController_AVR8.o
                0x00000770                USB_Init
 .text.USB_INT_DisableAllInterrupts
                0x00000790       0x10 ../../../../LUFA/Drivers/USB/Core/AVR8/USBInterrupt_AVR8.o
                0x00000790                USB_INT_DisableAllInterrupts
 .text.USB_INT_ClearAllInterrupts
                0x000007a0        0xa ../../../../LUFA/Drivers/USB/Core/AVR8/USBInterrupt_AVR8.o
                0x000007a0                USB_INT_ClearAllInterrupts
 .text.__vector_10
                0x000007aa      0x192 ../../../../LUFA/Drivers/USB/Core/AVR8/USBInterrupt_AVR8.o
                0x000007aa                __vector_10
 .text.__vector_11
                0x0000093c       0x76 ../../../../LUFA/Drivers/USB/Core/AVR8/USBInterrupt_AVR8.o
                0x0000093c                __vector_11
 .text.USB_Device_ProcessControlRequest
                0x000009b2      0x2cc ../../../../LUFA/Drivers/USB/Core/DeviceStandardReq.o
                0x000009b2                USB_Device_ProcessControlRequest
 .text.USB_Event_Stub
                0x00000c7e        0x2 ../../../../LUFA/Drivers/USB/Core/Events.o
                0x00000c7e                EVENT_USB_Device_WakeUp
                0x00000c7e                USB_Event_Stub
                0x00000c7e                EVENT_USB_Device_Suspend
                0x00000c7e                EVENT_USB_Device_StartOfFrame
                0x00000c7e                EVENT_USB_Device_Reset
 .text.USB_USBTask
                0x00000c80       0x38 ../../../../LUFA/Drivers/USB/Core/USBTask.o
                0x00000c80                USB_USBTask
 .text.CDC_Device_ProcessControlRequest
                0x00000cb8      0x15a ../../../../LUFA/Drivers/USB/Class/Device/CDCClassDevice.o
                0x00000cb8                CDC_Device_ProcessControlRequest
 .text.CDC_Device_ConfigureEndpoints
                0x00000e12       0x48 ../../../../LUFA/Drivers/USB/Class/Device/CDCClassDevice.o
                0x00000e12                CDC_Device_ConfigureEndpoints
 .text.CDC_Device_SendString
                0x00000e5a       0x44 ../../../../LUFA/Drivers/USB/Class/Device/CDCClassDevice.o
                0x00000e5a                CDC_Device_SendString
 .text.CDC_Device_SendByte
                0x00000e9e       0x4e ../../../../LUFA/Drivers/USB/Class/Device/CDCClassDevice.o
                0x00000e9e                CDC_Device_SendByte
 .text.CDC_Device_putchar
                0x00000eec       0x1c ../../../../LUFA/Drivers/USB/Class/Device/CDCClassDevice.o
 .text.CDC_Device_Flush
                0x00000f08       0x6a ../../../../LUFA/Drivers/USB/Class/Device/CDCClassDevice.o
                0x00000f08                CDC_Device_Flush
 .text.CDC_Device_USBTask
                0x00000f72       0x30 ../../../../LUFA/Drivers/USB/Class/Device/CDCClassDevice.o
                0x00000f72                CDC_Device_USBTask
 .text.CDC_Device_BytesReceived
                0x00000fa2       0x6e ../../../../LUFA/Drivers/USB/Class/Device/CDCClassDevice.o
                0x00000fa2                CDC_Device_BytesReceived
 .text.CDC_Device_ReceiveByte
                0x00001010       0x7e ../../../../LUFA/Drivers/USB/Class/Device/CDCClassDevice.o
                0x00001010                CDC_Device_ReceiveByte
 .text.CDC_Device_getchar
                0x0000108e       0x12 ../../../../LUFA/Drivers/USB/Class/Device/CDCClassDevice.o
 .text.CDC_Device_CreateStream
                0x000010a0       0x26 ../../../../LUFA/Drivers/USB/Class/Device/CDCClassDevice.o
                0x000010a0                CDC_Device_CreateStream
 .text.CDC_Device_Event_Stub
                0x000010c6        0x2 ../../../../LUFA/Drivers/USB/Class/Device/CDCClassDevice.o
                0x000010c6                EVENT_CDC_Device_LineEncodingChanged
                0x000010c6                EVENT_CDC_Device_ControLineStateChanged
                0x000010c6                EVENT_CDC_Device_BreakSent
                0x000010c6                CDC_Device_Event_Stub
 .text.avr-libc
                0x000010c8       0x1c /usr/local/CrossPack-AVR-20130212/lib/gcc/avr/4.6.2/../../../../avr/lib/avr5/libc.a(strncmp.o)
                0x000010c8                strncmp
 .text.avr-libc
                0x000010e4       0x1e /usr/local/CrossPack-AVR-20130212/lib/gcc/avr/4.6.2/../../../../avr/lib/avr5/libc.a(strncpy.o)
                0x000010e4                strncpy
                0x00001102                . = ALIGN (0x2)
 *(.fini9)
 .fini9         0x00001102        0x0 /usr/local/CrossPack-AVR-20130212/lib/gcc/avr/4.6.2/avr5/libgcc.a(_exit.o)
                0x00001102                exit
                0x00001102                _exit
 *(.fini9)
 *(.fini8)
 *(.fini8)
 *(.fini7)
 *(.fini7)
 *(.fini6)
 *(.fini6)
 *(.fini5)
 *(.fini5)
 *(.fini4)
 *(.fini4)
 *(.fini3)
 *(.fini3)
 *(.fini2)
 *(.fini2)
 *(.fini1)
 *(.fini1)
 *(.fini0)
 .fini0         0x00001102        0x4 /usr/local/CrossPack-AVR-20130212/lib/gcc/avr/4.6.2/avr5/libgcc.a(_exit.o)
 *(.fini0)
                0x00001106                _etext = .

.data           0x00800100       0x58 load address 0x00001106
                0x00800100                PROVIDE (__data_start, .)
 *(.data)
 .data          0x00800100        0x0 /usr/local/CrossPack-AVR-20130212/lib/gcc/avr/4.6.2/../../../../avr/lib/avr5/crtm32u4.o
 .data          0x00800100       0x48 AVRSerial.o
                0x0080012d                VirtualSerial_CDC_Interface
 .data          0x00800148        0x0 Descriptors.o
 .data          0x00800148        0x0 ../../../../LUFA/Drivers/USB/Class/Common/HIDParser.o
 .data          0x00800148        0x0 ../../../../LUFA/Drivers/USB/Core/AVR8/Device_AVR8.o
 .data          0x00800148        0x0 ../../../../LUFA/Drivers/USB/Core/AVR8/EndpointStream_AVR8.o
 .data          0x00800148        0x0 ../../../../LUFA/Drivers/USB/Core/AVR8/Endpoint_AVR8.o
 .data          0x00800148        0x0 ../../../../LUFA/Drivers/USB/Core/AVR8/Host_AVR8.o
 .data          0x00800148        0x0 ../../../../LUFA/Drivers/USB/Core/AVR8/PipeStream_AVR8.o
 .data          0x00800148        0x0 ../../../../LUFA/Drivers/USB/Core/AVR8/Pipe_AVR8.o
 .data          0x00800148        0x0 ../../../../LUFA/Drivers/USB/Core/AVR8/USBController_AVR8.o
 .data          0x00800148        0x0 ../../../../LUFA/Drivers/USB/Core/AVR8/USBInterrupt_AVR8.o
 .data          0x00800148        0x0 ../../../../LUFA/Drivers/USB/Core/ConfigDescriptors.o
 .data          0x00800148        0x0 ../../../../LUFA/Drivers/USB/Core/DeviceStandardReq.o
 .data          0x00800148        0x0 ../../../../LUFA/Drivers/USB/Core/Events.o
 .data          0x00800148        0x0 ../../../../LUFA/Drivers/USB/Core/HostStandardReq.o
 .data          0x00800148        0x0 ../../../../LUFA/Drivers/USB/Core/USBTask.o
 .data          0x00800148        0x0 ../../../../LUFA/Drivers/USB/Class/Device/AudioClassDevice.o
 .data          0x00800148        0x8 ../../../../LUFA/Drivers/USB/Class/Device/CDCClassDevice.o
 .data          0x00800150        0x0 ../../../../LUFA/Drivers/USB/Class/Device/HIDClassDevice.o
 .data          0x00800150        0x0 ../../../../LUFA/Drivers/USB/Class/Device/MassStorageClassDevice.o
 .data          0x00800150        0x0 ../../../../LUFA/Drivers/USB/Class/Device/MIDIClassDevice.o
 .data          0x00800150        0x8 ../../../../LUFA/Drivers/USB/Class/Device/RNDISClassDevice.o
 .data          0x00800158        0x0 ../../../../LUFA/Drivers/USB/Class/Host/AndroidAccessoryClassHost.o
 .data          0x00800158        0x0 ../../../../LUFA/Drivers/USB/Class/Host/AudioClassHost.o
 .data          0x00800158        0x0 ../../../../LUFA/Drivers/USB/Class/Host/CDCClassHost.o
 .data          0x00800158        0x0 ../../../../LUFA/Drivers/USB/Class/Host/HIDClassHost.o
 .data          0x00800158        0x0 ../../../../LUFA/Drivers/USB/Class/Host/MassStorageClassHost.o
 .data          0x00800158        0x0 ../../../../LUFA/Drivers/USB/Class/Host/MIDIClassHost.o
 .data          0x00800158        0x0 ../../../../LUFA/Drivers/USB/Class/Host/PrinterClassHost.o
 .data          0x00800158        0x0 ../../../../LUFA/Drivers/USB/Class/Host/RNDISClassHost.o
 .data          0x00800158        0x0 ../../../../LUFA/Drivers/USB/Class/Host/StillImageClassHost.o
 .data          0x00800158        0x0 /usr/local/CrossPack-AVR-20130212/lib/gcc/avr/4.6.2/avr5/libgcc.a(_exit.o)
 .data          0x00800158        0x0 /usr/local/CrossPack-AVR-20130212/lib/gcc/avr/4.6.2/avr5/libgcc.a(_copy_data.o)
 .data          0x00800158        0x0 /usr/local/CrossPack-AVR-20130212/lib/gcc/avr/4.6.2/avr5/libgcc.a(_clear_bss.o)
 .data          0x00800158        0x0 /usr/local/CrossPack-AVR-20130212/lib/gcc/avr/4.6.2/../../../../avr/lib/avr5/libc.a(memcpy_P.o)
 .data          0x00800158        0x0 /usr/local/CrossPack-AVR-20130212/lib/gcc/avr/4.6.2/../../../../avr/lib/avr5/libc.a(memcmp.o)
 .data          0x00800158        0x0 /usr/local/CrossPack-AVR-20130212/lib/gcc/avr/4.6.2/../../../../avr/lib/avr5/libc.a(memcpy.o)
 .data          0x00800158        0x0 /usr/local/CrossPack-AVR-20130212/lib/gcc/avr/4.6.2/../../../../avr/lib/avr5/libc.a(memset.o)
 .data          0x00800158        0x0 /usr/local/CrossPack-AVR-20130212/lib/gcc/avr/4.6.2/../../../../avr/lib/avr5/libc.a(strncmp.o)
 .data          0x00800158        0x0 /usr/local/CrossPack-AVR-20130212/lib/gcc/avr/4.6.2/../../../../avr/lib/avr5/libc.a(strncpy.o)
 .data          0x00800158        0x0 /usr/local/CrossPack-AVR-20130212/lib/gcc/avr/4.6.2/../../../../avr/lib/avr5/libc.a(eerd_byte_atmega32u4.o)
 .data          0x00800158        0x0 /usr/local/CrossPack-AVR-20130212/lib/gcc/avr/4.6.2/../../../../avr/lib/avr5/libc.a(eeupd_byte_atmega32u4.o)
 *(.data*)
 *(.rodata)
 *(.rodata*)
 *(.gnu.linkonce.d*)
                0x00800158                . = ALIGN (0x2)
                0x00800158                _edata = .
                0x00800158                PROVIDE (__data_end, .)

.bss            0x00800158       0x1b
                0x00800158                PROVIDE (__bss_start, .)
 *(.bss)
 .bss           0x00800158        0xe AVRSerial.o
 *(.bss*)
 *(COMMON)
 COMMON         0x00800166        0x3 ../../../../LUFA/Drivers/USB/Core/DeviceStandardReq.o
                0x00800166                USB_Device_ConfigurationNumber
                0x00800167                USB_Device_CurrentlySelfPowered
                0x00800168                USB_Device_RemoteWakeupEnabled
 COMMON         0x00800169        0xa ../../../../LUFA/Drivers/USB/Core/USBTask.o
                0x00800169                USB_IsInitialized
                0x0080016a                USB_DeviceState
                0x0080016b                USB_ControlRequest
                0x00800173                PROVIDE (__bss_end, .)
                0x00001106                __data_load_start = LOADADDR (.data)
                0x0000115e                __data_load_end = (__data_load_start + SIZEOF (.data))

.noinit         0x00800173        0x0
                0x00800173                PROVIDE (__noinit_start, .)
 *(.noinit*)
                0x00800173                PROVIDE (__noinit_end, .)
                0x00800173                _end = .
                0x00800173                PROVIDE (__heap_start, .)

.eeprom         0x00810000        0x0
 *(.eeprom*)
                0x00810000                __eeprom_end = .

.fuse
 *(.fuse)
 *(.lfuse)
 *(.hfuse)
 *(.efuse)

.lock
 *(.lock*)

.signature
 *(.signature*)

.stab           0x00000000      0xc24
 *(.stab)
 .stab          0x00000000      0x6cc /usr/local/CrossPack-AVR-20130212/lib/gcc/avr/4.6.2/../../../../avr/lib/avr5/crtm32u4.o
 .stab          0x000006cc       0x84 /usr/local/CrossPack-AVR-20130212/lib/gcc/avr/4.6.2/../../../../avr/lib/avr5/libc.a(memcpy_P.o)
                                 0x90 (size before relaxing)
 .stab          0x00000750       0xb4 /usr/local/CrossPack-AVR-20130212/lib/gcc/avr/4.6.2/../../../../avr/lib/avr5/libc.a(memcmp.o)
                                 0xc0 (size before relaxing)
 .stab          0x00000804       0x84 /usr/local/CrossPack-AVR-20130212/lib/gcc/avr/4.6.2/../../../../avr/lib/avr5/libc.a(memcpy.o)
                                 0x90 (size before relaxing)
 .stab          0x00000888       0x6c /usr/local/CrossPack-AVR-20130212/lib/gcc/avr/4.6.2/../../../../avr/lib/avr5/libc.a(memset.o)
                                 0x78 (size before relaxing)
 .stab          0x000008f4       0xc0 /usr/local/CrossPack-AVR-20130212/lib/gcc/avr/4.6.2/../../../../avr/lib/avr5/libc.a(strncmp.o)
                                 0xcc (size before relaxing)
 .stab          0x000009b4       0xcc /usr/local/CrossPack-AVR-20130212/lib/gcc/avr/4.6.2/../../../../avr/lib/avr5/libc.a(strncpy.o)
                                 0xd8 (size before relaxing)
 .stab          0x00000a80       0x90 /usr/local/CrossPack-AVR-20130212/lib/gcc/avr/4.6.2/../../../../avr/lib/avr5/libc.a(eerd_byte_atmega32u4.o)
                                 0x9c (size before relaxing)
 .stab          0x00000b10      0x114 /usr/local/CrossPack-AVR-20130212/lib/gcc/avr/4.6.2/../../../../avr/lib/avr5/libc.a(eeupd_byte_atmega32u4.o)
                                0x120 (size before relaxing)

.stabstr        0x00000000      0x362
 *(.stabstr)
 .stabstr       0x00000000      0x362 /usr/local/CrossPack-AVR-20130212/lib/gcc/avr/4.6.2/../../../../avr/lib/avr5/crtm32u4.o

.stab.excl
 *(.stab.excl)

.stab.exclstr
 *(.stab.exclstr)

.stab.index
 *(.stab.index)

.stab.indexstr
 *(.stab.indexstr)

.comment
 *(.comment)

.debug
 *(.debug)

.line
 *(.line)

.debug_srcinfo
 *(.debug_srcinfo)

.debug_sfnames
 *(.debug_sfnames)

.debug_aranges  0x00000000      0x4e0
 *(.debug_aranges)
 .debug_aranges
                0x00000000       0x50 AVRSerial.o
 .debug_aranges
                0x00000050       0x20 Descriptors.o
 .debug_aranges
                0x00000070       0x38 ../../../../LUFA/Drivers/USB/Class/Common/HIDParser.o
 .debug_aranges
                0x000000a8       0x20 ../../../../LUFA/Drivers/USB/Core/AVR8/Device_AVR8.o
 .debug_aranges
                0x000000c8       0xc8 ../../../../LUFA/Drivers/USB/Core/AVR8/EndpointStream_AVR8.o
 .debug_aranges
                0x00000190       0x40 ../../../../LUFA/Drivers/USB/Core/AVR8/Endpoint_AVR8.o
 .debug_aranges
                0x000001d0       0x30 ../../../../LUFA/Drivers/USB/Core/AVR8/USBController_AVR8.o
 .debug_aranges
                0x00000200       0x38 ../../../../LUFA/Drivers/USB/Core/AVR8/USBInterrupt_AVR8.o
 .debug_aranges
                0x00000238       0x38 ../../../../LUFA/Drivers/USB/Core/ConfigDescriptors.o
 .debug_aranges
                0x00000270       0x20 ../../../../LUFA/Drivers/USB/Core/DeviceStandardReq.o
 .debug_aranges
                0x00000290       0x20 ../../../../LUFA/Drivers/USB/Core/Events.o
 .debug_aranges
                0x000002b0       0x20 ../../../../LUFA/Drivers/USB/Core/USBTask.o
 .debug_aranges
                0x000002d0       0x30 ../../../../LUFA/Drivers/USB/Class/Device/AudioClassDevice.o
 .debug_aranges
                0x00000300       0x98 ../../../../LUFA/Drivers/USB/Class/Device/CDCClassDevice.o
 .debug_aranges
                0x00000398       0x30 ../../../../LUFA/Drivers/USB/Class/Device/HIDClassDevice.o
 .debug_aranges
                0x000003c8       0x30 ../../../../LUFA/Drivers/USB/Class/Device/MassStorageClassDevice.o
 .debug_aranges
                0x000003f8       0x40 ../../../../LUFA/Drivers/USB/Class/Device/MIDIClassDevice.o
 .debug_aranges
                0x00000438       0x48 ../../../../LUFA/Drivers/USB/Class/Device/RNDISClassDevice.o
 .debug_aranges
                0x00000480       0x20 /usr/local/CrossPack-AVR-20130212/lib/gcc/avr/4.6.2/avr5/libgcc.a(_exit.o)
 .debug_aranges
                0x000004a0       0x20 /usr/local/CrossPack-AVR-20130212/lib/gcc/avr/4.6.2/avr5/libgcc.a(_copy_data.o)
 .debug_aranges
                0x000004c0       0x20 /usr/local/CrossPack-AVR-20130212/lib/gcc/avr/4.6.2/avr5/libgcc.a(_clear_bss.o)

.debug_pubnames
 *(.debug_pubnames)

.debug_info     0x00000000     0x864d
 *(.debug_info)
 .debug_info    0x00000000      0x50f AVRSerial.o
 .debug_info    0x0000050f      0x790 Descriptors.o
 .debug_info    0x00000c9f      0x6fa ../../../../LUFA/Drivers/USB/Class/Common/HIDParser.o
 .debug_info    0x00001399       0xca ../../../../LUFA/Drivers/USB/Core/AVR8/Device_AVR8.o
 .debug_info    0x00001463     0x1572 ../../../../LUFA/Drivers/USB/Core/AVR8/EndpointStream_AVR8.o
 .debug_info    0x000029d5      0x618 ../../../../LUFA/Drivers/USB/Core/AVR8/Endpoint_AVR8.o
 .debug_info    0x00002fed       0x5e ../../../../LUFA/Drivers/USB/Core/AVR8/Host_AVR8.o
 .debug_info    0x0000304b       0x5e ../../../../LUFA/Drivers/USB/Core/AVR8/PipeStream_AVR8.o
 .debug_info    0x000030a9       0x5e ../../../../LUFA/Drivers/USB/Core/AVR8/Pipe_AVR8.o
 .debug_info    0x00003107      0x488 ../../../../LUFA/Drivers/USB/Core/AVR8/USBController_AVR8.o
 .debug_info    0x0000358f      0x707 ../../../../LUFA/Drivers/USB/Core/AVR8/USBInterrupt_AVR8.o
 .debug_info    0x00003c96      0x37e ../../../../LUFA/Drivers/USB/Core/ConfigDescriptors.o
 .debug_info    0x00004014      0x988 ../../../../LUFA/Drivers/USB/Core/DeviceStandardReq.o
 .debug_info    0x0000499c       0x77 ../../../../LUFA/Drivers/USB/Core/Events.o
 .debug_info    0x00004a13       0x5e ../../../../LUFA/Drivers/USB/Core/HostStandardReq.o
 .debug_info    0x00004a71      0x25b ../../../../LUFA/Drivers/USB/Core/USBTask.o
 .debug_info    0x00004ccc      0x59a ../../../../LUFA/Drivers/USB/Class/Device/AudioClassDevice.o
 .debug_info    0x00005266      0xc4c ../../../../LUFA/Drivers/USB/Class/Device/CDCClassDevice.o
 .debug_info    0x00005eb2      0x68b ../../../../LUFA/Drivers/USB/Class/Device/HIDClassDevice.o
 .debug_info    0x0000653d      0x7db ../../../../LUFA/Drivers/USB/Class/Device/MassStorageClassDevice.o
 .debug_info    0x00006d18      0x4d2 ../../../../LUFA/Drivers/USB/Class/Device/MIDIClassDevice.o
 .debug_info    0x000071ea      0xed5 ../../../../LUFA/Drivers/USB/Class/Device/RNDISClassDevice.o
 .debug_info    0x000080bf       0x5e ../../../../LUFA/Drivers/USB/Class/Host/AndroidAccessoryClassHost.o
 .debug_info    0x0000811d       0x5e ../../../../LUFA/Drivers/USB/Class/Host/AudioClassHost.o
 .debug_info    0x0000817b       0x5e ../../../../LUFA/Drivers/USB/Class/Host/CDCClassHost.o
 .debug_info    0x000081d9       0x5e ../../../../LUFA/Drivers/USB/Class/Host/HIDClassHost.o
 .debug_info    0x00008237       0x5e ../../../../LUFA/Drivers/USB/Class/Host/MassStorageClassHost.o
 .debug_info    0x00008295       0x5e ../../../../LUFA/Drivers/USB/Class/Host/MIDIClassHost.o
 .debug_info    0x000082f3       0x5e ../../../../LUFA/Drivers/USB/Class/Host/PrinterClassHost.o
 .debug_info    0x00008351       0x5e ../../../../LUFA/Drivers/USB/Class/Host/RNDISClassHost.o
 .debug_info    0x000083af       0x5e ../../../../LUFA/Drivers/USB/Class/Host/StillImageClassHost.o
 .debug_info    0x0000840d       0xc0 /usr/local/CrossPack-AVR-20130212/lib/gcc/avr/4.6.2/avr5/libgcc.a(_exit.o)
 .debug_info    0x000084cd       0xc0 /usr/local/CrossPack-AVR-20130212/lib/gcc/avr/4.6.2/avr5/libgcc.a(_copy_data.o)
 .debug_info    0x0000858d       0xc0 /usr/local/CrossPack-AVR-20130212/lib/gcc/avr/4.6.2/avr5/libgcc.a(_clear_bss.o)
 *(.gnu.linkonce.wi.*)

.debug_abbrev   0x00000000     0x2144
 *(.debug_abbrev)
 .debug_abbrev  0x00000000      0x24e AVRSerial.o
 .debug_abbrev  0x0000024e      0x14b Descriptors.o
 .debug_abbrev  0x00000399      0x1ec ../../../../LUFA/Drivers/USB/Class/Common/HIDParser.o
 .debug_abbrev  0x00000585       0x7d ../../../../LUFA/Drivers/USB/Core/AVR8/Device_AVR8.o
 .debug_abbrev  0x00000602      0x1c9 ../../../../LUFA/Drivers/USB/Core/AVR8/EndpointStream_AVR8.o
 .debug_abbrev  0x000007cb      0x20e ../../../../LUFA/Drivers/USB/Core/AVR8/Endpoint_AVR8.o
 .debug_abbrev  0x000009d9       0x2a ../../../../LUFA/Drivers/USB/Core/AVR8/Host_AVR8.o
 .debug_abbrev  0x00000a03       0x2a ../../../../LUFA/Drivers/USB/Core/AVR8/PipeStream_AVR8.o
 .debug_abbrev  0x00000a2d       0x2a ../../../../LUFA/Drivers/USB/Core/AVR8/Pipe_AVR8.o
 .debug_abbrev  0x00000a57      0x144 ../../../../LUFA/Drivers/USB/Core/AVR8/USBController_AVR8.o
 .debug_abbrev  0x00000b9b      0x1e9 ../../../../LUFA/Drivers/USB/Core/AVR8/USBInterrupt_AVR8.o
 .debug_abbrev  0x00000d84      0x148 ../../../../LUFA/Drivers/USB/Core/ConfigDescriptors.o
 .debug_abbrev  0x00000ecc      0x20b ../../../../LUFA/Drivers/USB/Core/DeviceStandardReq.o
 .debug_abbrev  0x000010d7       0x41 ../../../../LUFA/Drivers/USB/Core/Events.o
 .debug_abbrev  0x00001118       0x2a ../../../../LUFA/Drivers/USB/Core/HostStandardReq.o
 .debug_abbrev  0x00001142      0x15c ../../../../LUFA/Drivers/USB/Core/USBTask.o
 .debug_abbrev  0x0000129e      0x176 ../../../../LUFA/Drivers/USB/Class/Device/AudioClassDevice.o
 .debug_abbrev  0x00001414      0x351 ../../../../LUFA/Drivers/USB/Class/Device/CDCClassDevice.o
 .debug_abbrev  0x00001765      0x1bc ../../../../LUFA/Drivers/USB/Class/Device/HIDClassDevice.o
 .debug_abbrev  0x00001921      0x205 ../../../../LUFA/Drivers/USB/Class/Device/MassStorageClassDevice.o
 .debug_abbrev  0x00001b26      0x19d ../../../../LUFA/Drivers/USB/Class/Device/MIDIClassDevice.o
 .debug_abbrev  0x00001cc3      0x2cb ../../../../LUFA/Drivers/USB/Class/Device/RNDISClassDevice.o
 .debug_abbrev  0x00001f8e       0x2a ../../../../LUFA/Drivers/USB/Class/Host/AndroidAccessoryClassHost.o
 .debug_abbrev  0x00001fb8       0x2a ../../../../LUFA/Drivers/USB/Class/Host/AudioClassHost.o
 .debug_abbrev  0x00001fe2       0x2a ../../../../LUFA/Drivers/USB/Class/Host/CDCClassHost.o
 .debug_abbrev  0x0000200c       0x2a ../../../../LUFA/Drivers/USB/Class/Host/HIDClassHost.o
 .debug_abbrev  0x00002036       0x2a ../../../../LUFA/Drivers/USB/Class/Host/MassStorageClassHost.o
 .debug_abbrev  0x00002060       0x2a ../../../../LUFA/Drivers/USB/Class/Host/MIDIClassHost.o
 .debug_abbrev  0x0000208a       0x2a ../../../../LUFA/Drivers/USB/Class/Host/PrinterClassHost.o
 .debug_abbrev  0x000020b4       0x2a ../../../../LUFA/Drivers/USB/Class/Host/RNDISClassHost.o
 .debug_abbrev  0x000020de       0x2a ../../../../LUFA/Drivers/USB/Class/Host/StillImageClassHost.o
 .debug_abbrev  0x00002108       0x14 /usr/local/CrossPack-AVR-20130212/lib/gcc/avr/4.6.2/avr5/libgcc.a(_exit.o)
 .debug_abbrev  0x0000211c       0x14 /usr/local/CrossPack-AVR-20130212/lib/gcc/avr/4.6.2/avr5/libgcc.a(_copy_data.o)
 .debug_abbrev  0x00002130       0x14 /usr/local/CrossPack-AVR-20130212/lib/gcc/avr/4.6.2/avr5/libgcc.a(_clear_bss.o)

.debug_line     0x00000000     0x3e8d
 *(.debug_line)
 .debug_line    0x00000000      0x35e AVRSerial.o
 .debug_line    0x0000035e      0x1cc Descriptors.o
 .debug_line    0x0000052a      0x275 ../../../../LUFA/Drivers/USB/Class/Common/HIDParser.o
 .debug_line    0x0000079f      0x12b ../../../../LUFA/Drivers/USB/Core/AVR8/Device_AVR8.o
 .debug_line    0x000008ca      0xc37 ../../../../LUFA/Drivers/USB/Core/AVR8/EndpointStream_AVR8.o
 .debug_line    0x00001501      0x389 ../../../../LUFA/Drivers/USB/Core/AVR8/Endpoint_AVR8.o
 .debug_line    0x0000188a       0x1a ../../../../LUFA/Drivers/USB/Core/AVR8/Host_AVR8.o
 .debug_line    0x000018a4       0x1a ../../../../LUFA/Drivers/USB/Core/AVR8/PipeStream_AVR8.o
 .debug_line    0x000018be       0x1a ../../../../LUFA/Drivers/USB/Core/AVR8/Pipe_AVR8.o
 .debug_line    0x000018d8      0x26c ../../../../LUFA/Drivers/USB/Core/AVR8/USBController_AVR8.o
 .debug_line    0x00001b44      0x40b ../../../../LUFA/Drivers/USB/Core/AVR8/USBInterrupt_AVR8.o
 .debug_line    0x00001f4f      0x193 ../../../../LUFA/Drivers/USB/Core/ConfigDescriptors.o
 .debug_line    0x000020e2      0x33c ../../../../LUFA/Drivers/USB/Core/DeviceStandardReq.o
 .debug_line    0x0000241e       0x58 ../../../../LUFA/Drivers/USB/Core/Events.o
 .debug_line    0x00002476       0x1a ../../../../LUFA/Drivers/USB/Core/HostStandardReq.o
 .debug_line    0x00002490      0x172 ../../../../LUFA/Drivers/USB/Core/USBTask.o
 .debug_line    0x00002602      0x30e ../../../../LUFA/Drivers/USB/Class/Device/AudioClassDevice.o
 .debug_line    0x00002910      0x58c ../../../../LUFA/Drivers/USB/Class/Device/CDCClassDevice.o
 .debug_line    0x00002e9c      0x382 ../../../../LUFA/Drivers/USB/Class/Device/HIDClassDevice.o
 .debug_line    0x0000321e      0x38c ../../../../LUFA/Drivers/USB/Class/Device/MassStorageClassDevice.o
 .debug_line    0x000035aa      0x2f2 ../../../../LUFA/Drivers/USB/Class/Device/MIDIClassDevice.o
 .debug_line    0x0000389c      0x3e4 ../../../../LUFA/Drivers/USB/Class/Device/RNDISClassDevice.o
 .debug_line    0x00003c80       0x1a ../../../../LUFA/Drivers/USB/Class/Host/AndroidAccessoryClassHost.o
 .debug_line    0x00003c9a       0x1a ../../../../LUFA/Drivers/USB/Class/Host/AudioClassHost.o
 .debug_line    0x00003cb4       0x1a ../../../../LUFA/Drivers/USB/Class/Host/CDCClassHost.o
 .debug_line    0x00003cce       0x1a ../../../../LUFA/Drivers/USB/Class/Host/HIDClassHost.o
 .debug_line    0x00003ce8       0x1a ../../../../LUFA/Drivers/USB/Class/Host/MassStorageClassHost.o
 .debug_line    0x00003d02       0x1a ../../../../LUFA/Drivers/USB/Class/Host/MIDIClassHost.o
 .debug_line    0x00003d1c       0x1a ../../../../LUFA/Drivers/USB/Class/Host/PrinterClassHost.o
 .debug_line    0x00003d36       0x1a ../../../../LUFA/Drivers/USB/Class/Host/RNDISClassHost.o
 .debug_line    0x00003d50       0x1a ../../../../LUFA/Drivers/USB/Class/Host/StillImageClassHost.o
 .debug_line    0x00003d6a       0x5c /usr/local/CrossPack-AVR-20130212/lib/gcc/avr/4.6.2/avr5/libgcc.a(_exit.o)
 .debug_line    0x00003dc6       0x65 /usr/local/CrossPack-AVR-20130212/lib/gcc/avr/4.6.2/avr5/libgcc.a(_copy_data.o)
 .debug_line    0x00003e2b       0x62 /usr/local/CrossPack-AVR-20130212/lib/gcc/avr/4.6.2/avr5/libgcc.a(_clear_bss.o)

.debug_frame    0x00000000      0xdf0
 *(.debug_frame)
 .debug_frame   0x00000000       0x94 AVRSerial.o
 .debug_frame   0x00000094       0x24 Descriptors.o
 .debug_frame   0x000000b8      0x110 ../../../../LUFA/Drivers/USB/Class/Common/HIDParser.o
 .debug_frame   0x000001c8       0x24 ../../../../LUFA/Drivers/USB/Core/AVR8/Device_AVR8.o
 .debug_frame   0x000001ec      0x42c ../../../../LUFA/Drivers/USB/Core/AVR8/EndpointStream_AVR8.o
 .debug_frame   0x00000618       0x78 ../../../../LUFA/Drivers/USB/Core/AVR8/Endpoint_AVR8.o
 .debug_frame   0x00000690       0x58 ../../../../LUFA/Drivers/USB/Core/AVR8/USBController_AVR8.o
 .debug_frame   0x000006e8       0xe8 ../../../../LUFA/Drivers/USB/Core/AVR8/USBInterrupt_AVR8.o
 .debug_frame   0x000007d0       0xbc ../../../../LUFA/Drivers/USB/Core/ConfigDescriptors.o
 .debug_frame   0x0000088c       0x38 ../../../../LUFA/Drivers/USB/Core/DeviceStandardReq.o
 .debug_frame   0x000008c4       0x24 ../../../../LUFA/Drivers/USB/Core/Events.o
 .debug_frame   0x000008e8       0x2c ../../../../LUFA/Drivers/USB/Core/USBTask.o
 .debug_frame   0x00000914       0xa8 ../../../../LUFA/Drivers/USB/Class/Device/AudioClassDevice.o
 .debug_frame   0x000009bc      0x158 ../../../../LUFA/Drivers/USB/Class/Device/CDCClassDevice.o
 .debug_frame   0x00000b14       0xf4 ../../../../LUFA/Drivers/USB/Class/Device/HIDClassDevice.o
 .debug_frame   0x00000c08       0x80 ../../../../LUFA/Drivers/USB/Class/Device/MassStorageClassDevice.o
 .debug_frame   0x00000c88       0x70 ../../../../LUFA/Drivers/USB/Class/Device/MIDIClassDevice.o
 .debug_frame   0x00000cf8       0xf8 ../../../../LUFA/Drivers/USB/Class/Device/RNDISClassDevice.o

.debug_str      0x00000000     0x3936
 *(.debug_str)
 .debug_str     0x00000000      0x378 AVRSerial.o
                                0x3eb (size before relaxing)
 .debug_str     0x00000378      0x8ba Descriptors.o
                                0xa1b (size before relaxing)
 .debug_str     0x00000c32      0x482 ../../../../LUFA/Drivers/USB/Class/Common/HIDParser.o
                                0x5f1 (size before relaxing)
 .debug_str     0x000010b4       0x7d ../../../../LUFA/Drivers/USB/Core/AVR8/Device_AVR8.o
                                0x154 (size before relaxing)
 .debug_str     0x00001131      0x647 ../../../../LUFA/Drivers/USB/Core/AVR8/EndpointStream_AVR8.o
                                0x77a (size before relaxing)
 .debug_str     0x00001778      0x2f4 ../../../../LUFA/Drivers/USB/Core/AVR8/Endpoint_AVR8.o
                                0x576 (size before relaxing)
 .debug_str     0x00001a6c       0x33 ../../../../LUFA/Drivers/USB/Core/AVR8/Host_AVR8.o
                                 0xfc (size before relaxing)
 .debug_str     0x00001a9f       0x39 ../../../../LUFA/Drivers/USB/Core/AVR8/PipeStream_AVR8.o
                                0x102 (size before relaxing)
 .debug_str     0x00001ad8       0x33 ../../../../LUFA/Drivers/USB/Core/AVR8/Pipe_AVR8.o
                                 0xfc (size before relaxing)
 .debug_str     0x00001b0b      0x253 ../../../../LUFA/Drivers/USB/Core/AVR8/USBController_AVR8.o
                                0x45e (size before relaxing)
 .debug_str     0x00001d5e      0x12c ../../../../LUFA/Drivers/USB/Core/AVR8/USBInterrupt_AVR8.o
                                0x459 (size before relaxing)
 .debug_str     0x00001e8a      0x22d ../../../../LUFA/Drivers/USB/Core/ConfigDescriptors.o
                                0x33c (size before relaxing)
 .debug_str     0x000020b7      0x428 ../../../../LUFA/Drivers/USB/Core/DeviceStandardReq.o
                                0x86a (size before relaxing)
 .debug_str     0x000024df       0x3a ../../../../LUFA/Drivers/USB/Core/Events.o
                                0x103 (size before relaxing)
 .debug_str     0x00002519       0x34 ../../../../LUFA/Drivers/USB/Core/HostStandardReq.o
                                 0xfd (size before relaxing)
 .debug_str     0x0000254d       0x54 ../../../../LUFA/Drivers/USB/Core/USBTask.o
                                0x2ba (size before relaxing)
 .debug_str     0x000025a1      0x23f ../../../../LUFA/Drivers/USB/Class/Device/AudioClassDevice.o
                                0x53a (size before relaxing)
 .debug_str     0x000027e0      0x300 ../../../../LUFA/Drivers/USB/Class/Device/CDCClassDevice.o
                                0x8ee (size before relaxing)
 .debug_str     0x00002ae0      0x1f3 ../../../../LUFA/Drivers/USB/Class/Device/HIDClassDevice.o
                                0x569 (size before relaxing)
 .debug_str     0x00002cd3      0x243 ../../../../LUFA/Drivers/USB/Class/Device/MassStorageClassDevice.o
                                0x6ca (size before relaxing)
 .debug_str     0x00002f16      0x11e ../../../../LUFA/Drivers/USB/Class/Device/MIDIClassDevice.o
                                0x551 (size before relaxing)
 .debug_str     0x00003034      0x6ee ../../../../LUFA/Drivers/USB/Class/Device/RNDISClassDevice.o
                                0xc02 (size before relaxing)
 .debug_str     0x00003722       0x44 ../../../../LUFA/Drivers/USB/Class/Host/AndroidAccessoryClassHost.o
                                0x10d (size before relaxing)
 .debug_str     0x00003766       0x39 ../../../../LUFA/Drivers/USB/Class/Host/AudioClassHost.o
                                0x102 (size before relaxing)
 .debug_str     0x0000379f       0x37 ../../../../LUFA/Drivers/USB/Class/Host/CDCClassHost.o
                                0x100 (size before relaxing)
 .debug_str     0x000037d6       0x37 ../../../../LUFA/Drivers/USB/Class/Host/HIDClassHost.o
                                0x100 (size before relaxing)
 .debug_str     0x0000380d       0x3f ../../../../LUFA/Drivers/USB/Class/Host/MassStorageClassHost.o
                                0x108 (size before relaxing)
 .debug_str     0x0000384c       0x38 ../../../../LUFA/Drivers/USB/Class/Host/MIDIClassHost.o
                                0x101 (size before relaxing)
 .debug_str     0x00003884       0x3b ../../../../LUFA/Drivers/USB/Class/Host/PrinterClassHost.o
                                0x104 (size before relaxing)
 .debug_str     0x000038bf       0x39 ../../../../LUFA/Drivers/USB/Class/Host/RNDISClassHost.o
                                0x102 (size before relaxing)
 .debug_str     0x000038f8       0x3e ../../../../LUFA/Drivers/USB/Class/Host/StillImageClassHost.o
                                0x107 (size before relaxing)

.debug_loc      0x00000000     0x515d
 *(.debug_loc)
 .debug_loc     0x00000000       0xf0 AVRSerial.o
 .debug_loc     0x000000f0      0x142 Descriptors.o
 .debug_loc     0x00000232      0xb47 ../../../../LUFA/Drivers/USB/Class/Common/HIDParser.o
 .debug_loc     0x00000d79     0x1c32 ../../../../LUFA/Drivers/USB/Core/AVR8/EndpointStream_AVR8.o
 .debug_loc     0x000029ab      0x361 ../../../../LUFA/Drivers/USB/Core/AVR8/Endpoint_AVR8.o
 .debug_loc     0x00002d0c       0x49 ../../../../LUFA/Drivers/USB/Core/AVR8/USBController_AVR8.o
 .debug_loc     0x00002d55      0x333 ../../../../LUFA/Drivers/USB/Core/AVR8/USBInterrupt_AVR8.o
 .debug_loc     0x00003088      0x433 ../../../../LUFA/Drivers/USB/Core/ConfigDescriptors.o
 .debug_loc     0x000034bb      0x284 ../../../../LUFA/Drivers/USB/Core/DeviceStandardReq.o
 .debug_loc     0x0000373f       0x49 ../../../../LUFA/Drivers/USB/Core/USBTask.o
 .debug_loc     0x00003788      0x286 ../../../../LUFA/Drivers/USB/Class/Device/AudioClassDevice.o
 .debug_loc     0x00003a0e      0x634 ../../../../LUFA/Drivers/USB/Class/Device/CDCClassDevice.o
 .debug_loc     0x00004042      0x45b ../../../../LUFA/Drivers/USB/Class/Device/HIDClassDevice.o
 .debug_loc     0x0000449d      0x22c ../../../../LUFA/Drivers/USB/Class/Device/MassStorageClassDevice.o
 .debug_loc     0x000046c9      0x215 ../../../../LUFA/Drivers/USB/Class/Device/MIDIClassDevice.o
 .debug_loc     0x000048de      0x87f ../../../../LUFA/Drivers/USB/Class/Device/RNDISClassDevice.o

.debug_macinfo
 *(.debug_macinfo)
OUTPUT(AVRSerial.elf elf32-avr)
LOAD linker stubs

.debug_ranges   0x00000000      0x6a0
 .debug_ranges  0x00000000       0x40 AVRSerial.o
 .debug_ranges  0x00000040       0x10 Descriptors.o
 .debug_ranges  0x00000050       0xc8 ../../../../LUFA/Drivers/USB/Class/Common/HIDParser.o
 .debug_ranges  0x00000118       0x10 ../../../../LUFA/Drivers/USB/Core/AVR8/Device_AVR8.o
 .debug_ranges  0x00000128      0x298 ../../../../LUFA/Drivers/USB/Core/AVR8/EndpointStream_AVR8.o
 .debug_ranges  0x000003c0       0xa8 ../../../../LUFA/Drivers/USB/Core/AVR8/Endpoint_AVR8.o
 .debug_ranges  0x00000468       0x20 ../../../../LUFA/Drivers/USB/Core/AVR8/USBController_AVR8.o
 .debug_ranges  0x00000488       0x28 ../../../../LUFA/Drivers/USB/Core/AVR8/USBInterrupt_AVR8.o
 .debug_ranges  0x000004b0       0x28 ../../../../LUFA/Drivers/USB/Core/ConfigDescriptors.o
 .debug_ranges  0x000004d8       0x10 ../../../../LUFA/Drivers/USB/Core/DeviceStandardReq.o
 .debug_ranges  0x000004e8       0x10 ../../../../LUFA/Drivers/USB/Core/Events.o
 .debug_ranges  0x000004f8       0x10 ../../../../LUFA/Drivers/USB/Core/USBTask.o
 .debug_ranges  0x00000508       0x20 ../../../../LUFA/Drivers/USB/Class/Device/AudioClassDevice.o
 .debug_ranges  0x00000528       0x88 ../../../../LUFA/Drivers/USB/Class/Device/CDCClassDevice.o
 .debug_ranges  0x000005b0       0x20 ../../../../LUFA/Drivers/USB/Class/Device/HIDClassDevice.o
 .debug_ranges  0x000005d0       0x20 ../../../../LUFA/Drivers/USB/Class/Device/MassStorageClassDevice.o
 .debug_ranges  0x000005f0       0x30 ../../../../LUFA/Drivers/USB/Class/Device/MIDIClassDevice.o
 .debug_ranges  0x00000620       0x80 ../../../../LUFA/Drivers/USB/Class/Device/RNDISClassDevice.o

Cross Reference Table

Symbol                                            File
Audio_Device_ConfigureEndpoints                   ../../../../LUFA/Drivers/USB/Class/Device/AudioClassDevice.o
Audio_Device_Event_Stub                           ../../../../LUFA/Drivers/USB/Class/Device/AudioClassDevice.o
Audio_Device_ProcessControlRequest                ../../../../LUFA/Drivers/USB/Class/Device/AudioClassDevice.o
CALLBACK_Audio_Device_GetSetEndpointProperty      ../../../../LUFA/Drivers/USB/Class/Device/AudioClassDevice.o
CALLBACK_Audio_Device_GetSetInterfaceProperty     ../../../../LUFA/Drivers/USB/Class/Device/AudioClassDevice.o
CALLBACK_HIDParser_FilterHIDReportItem            ../../../../LUFA/Drivers/USB/Class/Common/HIDParser.o
CALLBACK_HID_Device_CreateHIDReport               ../../../../LUFA/Drivers/USB/Class/Device/HIDClassDevice.o
CALLBACK_HID_Device_ProcessHIDReport              ../../../../LUFA/Drivers/USB/Class/Device/HIDClassDevice.o
CALLBACK_MS_Device_SCSICommandReceived            ../../../../LUFA/Drivers/USB/Class/Device/MassStorageClassDevice.o
CALLBACK_USB_GetDescriptor                        Descriptors.o
                                                  ../../../../LUFA/Drivers/USB/Core/DeviceStandardReq.o
CDC_Device_BytesReceived                          ../../../../LUFA/Drivers/USB/Class/Device/CDCClassDevice.o
                                                  AVRSerial.o
CDC_Device_ConfigureEndpoints                     ../../../../LUFA/Drivers/USB/Class/Device/CDCClassDevice.o
                                                  AVRSerial.o
CDC_Device_CreateBlockingStream                   ../../../../LUFA/Drivers/USB/Class/Device/CDCClassDevice.o
CDC_Device_CreateStream                           ../../../../LUFA/Drivers/USB/Class/Device/CDCClassDevice.o
                                                  AVRSerial.o
CDC_Device_Event_Stub                             ../../../../LUFA/Drivers/USB/Class/Device/CDCClassDevice.o
CDC_Device_Flush                                  ../../../../LUFA/Drivers/USB/Class/Device/CDCClassDevice.o
CDC_Device_ProcessControlRequest                  ../../../../LUFA/Drivers/USB/Class/Device/CDCClassDevice.o
                                                  AVRSerial.o
CDC_Device_ReceiveByte                            ../../../../LUFA/Drivers/USB/Class/Device/CDCClassDevice.o
                                                  AVRSerial.o
CDC_Device_SendByte                               ../../../../LUFA/Drivers/USB/Class/Device/CDCClassDevice.o
CDC_Device_SendControlLineStateChange             ../../../../LUFA/Drivers/USB/Class/Device/CDCClassDevice.o
CDC_Device_SendData                               ../../../../LUFA/Drivers/USB/Class/Device/CDCClassDevice.o
CDC_Device_SendString                             ../../../../LUFA/Drivers/USB/Class/Device/CDCClassDevice.o
                                                  AVRSerial.o
CDC_Device_USBTask                                ../../../../LUFA/Drivers/USB/Class/Device/CDCClassDevice.o
                                                  AVRSerial.o
ConfigurationDescriptor                           Descriptors.o
DeviceDescriptor                                  Descriptors.o
EVENT_Audio_Device_StreamStartStop                ../../../../LUFA/Drivers/USB/Class/Device/AudioClassDevice.o
EVENT_CDC_Device_BreakSent                        ../../../../LUFA/Drivers/USB/Class/Device/CDCClassDevice.o
EVENT_CDC_Device_ControLineStateChanged           ../../../../LUFA/Drivers/USB/Class/Device/CDCClassDevice.o
EVENT_CDC_Device_LineEncodingChanged              ../../../../LUFA/Drivers/USB/Class/Device/CDCClassDevice.o
EVENT_USB_Device_ConfigurationChanged             AVRSerial.o
                                                  ../../../../LUFA/Drivers/USB/Core/DeviceStandardReq.o
EVENT_USB_Device_Connect                          AVRSerial.o
                                                  ../../../../LUFA/Drivers/USB/Core/AVR8/USBInterrupt_AVR8.o
EVENT_USB_Device_ControlRequest                   AVRSerial.o
                                                  ../../../../LUFA/Drivers/USB/Core/DeviceStandardReq.o
EVENT_USB_Device_Disconnect                       AVRSerial.o
                                                  ../../../../LUFA/Drivers/USB/Core/AVR8/USBInterrupt_AVR8.o
EVENT_USB_Device_Reset                            ../../../../LUFA/Drivers/USB/Core/Events.o
                                                  ../../../../LUFA/Drivers/USB/Core/AVR8/USBInterrupt_AVR8.o
EVENT_USB_Device_StartOfFrame                     ../../../../LUFA/Drivers/USB/Core/Events.o
                                                  ../../../../LUFA/Drivers/USB/Core/AVR8/USBInterrupt_AVR8.o
EVENT_USB_Device_Suspend                          ../../../../LUFA/Drivers/USB/Core/Events.o
                                                  ../../../../LUFA/Drivers/USB/Core/AVR8/USBInterrupt_AVR8.o
EVENT_USB_Device_WakeUp                           ../../../../LUFA/Drivers/USB/Core/Events.o
                                                  ../../../../LUFA/Drivers/USB/Core/AVR8/USBInterrupt_AVR8.o
Endpoint_ClearEndpoints                           ../../../../LUFA/Drivers/USB/Core/AVR8/Endpoint_AVR8.o
Endpoint_ClearStatusStage                         ../../../../LUFA/Drivers/USB/Core/AVR8/Endpoint_AVR8.o
                                                  ../../../../LUFA/Drivers/USB/Class/Device/MassStorageClassDevice.o
                                                  ../../../../LUFA/Drivers/USB/Class/Device/HIDClassDevice.o
                                                  ../../../../LUFA/Drivers/USB/Class/Device/CDCClassDevice.o
                                                  ../../../../LUFA/Drivers/USB/Class/Device/AudioClassDevice.o
                                                  ../../../../LUFA/Drivers/USB/Core/DeviceStandardReq.o
Endpoint_ConfigureEndpointTable                   ../../../../LUFA/Drivers/USB/Core/AVR8/Endpoint_AVR8.o
                                                  ../../../../LUFA/Drivers/USB/Class/Device/RNDISClassDevice.o
                                                  ../../../../LUFA/Drivers/USB/Class/Device/MIDIClassDevice.o
                                                  ../../../../LUFA/Drivers/USB/Class/Device/MassStorageClassDevice.o
                                                  ../../../../LUFA/Drivers/USB/Class/Device/HIDClassDevice.o
                                                  ../../../../LUFA/Drivers/USB/Class/Device/CDCClassDevice.o
                                                  ../../../../LUFA/Drivers/USB/Class/Device/AudioClassDevice.o
Endpoint_ConfigureEndpoint_Prv                    ../../../../LUFA/Drivers/USB/Core/AVR8/Endpoint_AVR8.o
                                                  ../../../../LUFA/Drivers/USB/Core/AVR8/USBInterrupt_AVR8.o
                                                  ../../../../LUFA/Drivers/USB/Core/AVR8/USBController_AVR8.o
Endpoint_Discard_Stream                           ../../../../LUFA/Drivers/USB/Core/AVR8/EndpointStream_AVR8.o
Endpoint_Null_Stream                              ../../../../LUFA/Drivers/USB/Core/AVR8/EndpointStream_AVR8.o
Endpoint_Read_Control_EStream_BE                  ../../../../LUFA/Drivers/USB/Core/AVR8/EndpointStream_AVR8.o
Endpoint_Read_Control_EStream_LE                  ../../../../LUFA/Drivers/USB/Core/AVR8/EndpointStream_AVR8.o
Endpoint_Read_Control_Stream_BE                   ../../../../LUFA/Drivers/USB/Core/AVR8/EndpointStream_AVR8.o
Endpoint_Read_Control_Stream_LE                   ../../../../LUFA/Drivers/USB/Core/AVR8/EndpointStream_AVR8.o
                                                  ../../../../LUFA/Drivers/USB/Class/Device/RNDISClassDevice.o
                                                  ../../../../LUFA/Drivers/USB/Class/Device/HIDClassDevice.o
                                                  ../../../../LUFA/Drivers/USB/Class/Device/AudioClassDevice.o
Endpoint_Read_EStream_BE                          ../../../../LUFA/Drivers/USB/Core/AVR8/EndpointStream_AVR8.o
Endpoint_Read_EStream_LE                          ../../../../LUFA/Drivers/USB/Core/AVR8/EndpointStream_AVR8.o
Endpoint_Read_Stream_BE                           ../../../../LUFA/Drivers/USB/Core/AVR8/EndpointStream_AVR8.o
Endpoint_Read_Stream_LE                           ../../../../LUFA/Drivers/USB/Core/AVR8/EndpointStream_AVR8.o
                                                  ../../../../LUFA/Drivers/USB/Class/Device/RNDISClassDevice.o
                                                  ../../../../LUFA/Drivers/USB/Class/Device/MIDIClassDevice.o
                                                  ../../../../LUFA/Drivers/USB/Class/Device/MassStorageClassDevice.o
Endpoint_WaitUntilReady                           ../../../../LUFA/Drivers/USB/Core/AVR8/Endpoint_AVR8.o
                                                  ../../../../LUFA/Drivers/USB/Class/Device/RNDISClassDevice.o
                                                  ../../../../LUFA/Drivers/USB/Class/Device/MIDIClassDevice.o
                                                  ../../../../LUFA/Drivers/USB/Class/Device/CDCClassDevice.o
                                                  ../../../../LUFA/Drivers/USB/Core/AVR8/EndpointStream_AVR8.o
Endpoint_Write_Control_EStream_BE                 ../../../../LUFA/Drivers/USB/Core/AVR8/EndpointStream_AVR8.o
Endpoint_Write_Control_EStream_LE                 ../../../../LUFA/Drivers/USB/Core/AVR8/EndpointStream_AVR8.o
Endpoint_Write_Control_PStream_BE                 ../../../../LUFA/Drivers/USB/Core/AVR8/EndpointStream_AVR8.o
Endpoint_Write_Control_PStream_LE                 ../../../../LUFA/Drivers/USB/Core/AVR8/EndpointStream_AVR8.o
                                                  ../../../../LUFA/Drivers/USB/Core/DeviceStandardReq.o
Endpoint_Write_Control_Stream_BE                  ../../../../LUFA/Drivers/USB/Core/AVR8/EndpointStream_AVR8.o
Endpoint_Write_Control_Stream_LE                  ../../../../LUFA/Drivers/USB/Core/AVR8/EndpointStream_AVR8.o
                                                  ../../../../LUFA/Drivers/USB/Class/Device/RNDISClassDevice.o
                                                  ../../../../LUFA/Drivers/USB/Class/Device/HIDClassDevice.o
                                                  ../../../../LUFA/Drivers/USB/Class/Device/AudioClassDevice.o
                                                  ../../../../LUFA/Drivers/USB/Core/DeviceStandardReq.o
Endpoint_Write_EStream_BE                         ../../../../LUFA/Drivers/USB/Core/AVR8/EndpointStream_AVR8.o
Endpoint_Write_EStream_LE                         ../../../../LUFA/Drivers/USB/Core/AVR8/EndpointStream_AVR8.o
Endpoint_Write_PStream_BE                         ../../../../LUFA/Drivers/USB/Core/AVR8/EndpointStream_AVR8.o
Endpoint_Write_PStream_LE                         ../../../../LUFA/Drivers/USB/Core/AVR8/EndpointStream_AVR8.o
Endpoint_Write_Stream_BE                          ../../../../LUFA/Drivers/USB/Core/AVR8/EndpointStream_AVR8.o
Endpoint_Write_Stream_LE                          ../../../../LUFA/Drivers/USB/Core/AVR8/EndpointStream_AVR8.o
                                                  ../../../../LUFA/Drivers/USB/Class/Device/RNDISClassDevice.o
                                                  ../../../../LUFA/Drivers/USB/Class/Device/MIDIClassDevice.o
                                                  ../../../../LUFA/Drivers/USB/Class/Device/MassStorageClassDevice.o
                                                  ../../../../LUFA/Drivers/USB/Class/Device/HIDClassDevice.o
                                                  ../../../../LUFA/Drivers/USB/Class/Device/CDCClassDevice.o
HID_Device_ConfigureEndpoints                     ../../../../LUFA/Drivers/USB/Class/Device/HIDClassDevice.o
HID_Device_ProcessControlRequest                  ../../../../LUFA/Drivers/USB/Class/Device/HIDClassDevice.o
HID_Device_USBTask                                ../../../../LUFA/Drivers/USB/Class/Device/HIDClassDevice.o
LanguageString                                    Descriptors.o
MIDI_Device_ConfigureEndpoints                    ../../../../LUFA/Drivers/USB/Class/Device/MIDIClassDevice.o
MIDI_Device_Flush                                 ../../../../LUFA/Drivers/USB/Class/Device/MIDIClassDevice.o
MIDI_Device_ReceiveEventPacket                    ../../../../LUFA/Drivers/USB/Class/Device/MIDIClassDevice.o
MIDI_Device_SendEventPacket                       ../../../../LUFA/Drivers/USB/Class/Device/MIDIClassDevice.o
MIDI_Device_USBTask                               ../../../../LUFA/Drivers/USB/Class/Device/MIDIClassDevice.o
MS_Device_ConfigureEndpoints                      ../../../../LUFA/Drivers/USB/Class/Device/MassStorageClassDevice.o
MS_Device_ProcessControlRequest                   ../../../../LUFA/Drivers/USB/Class/Device/MassStorageClassDevice.o
MS_Device_USBTask                                 ../../../../LUFA/Drivers/USB/Class/Device/MassStorageClassDevice.o
ManufacturerString                                Descriptors.o
ProductString                                     Descriptors.o
RNDIS_Device_ConfigureEndpoints                   ../../../../LUFA/Drivers/USB/Class/Device/RNDISClassDevice.o
RNDIS_Device_IsPacketReceived                     ../../../../LUFA/Drivers/USB/Class/Device/RNDISClassDevice.o
RNDIS_Device_ProcessControlRequest                ../../../../LUFA/Drivers/USB/Class/Device/RNDISClassDevice.o
RNDIS_Device_ReadPacket                           ../../../../LUFA/Drivers/USB/Class/Device/RNDISClassDevice.o
RNDIS_Device_SendPacket                           ../../../../LUFA/Drivers/USB/Class/Device/RNDISClassDevice.o
RNDIS_Device_USBTask                              ../../../../LUFA/Drivers/USB/Class/Device/RNDISClassDevice.o
SetupHardware                                     AVRSerial.o
USB_ControlRequest                                ../../../../LUFA/Drivers/USB/Class/Device/RNDISClassDevice.o
                                                  ../../../../LUFA/Drivers/USB/Class/Device/MassStorageClassDevice.o
                                                  ../../../../LUFA/Drivers/USB/Class/Device/HIDClassDevice.o
                                                  ../../../../LUFA/Drivers/USB/Class/Device/CDCClassDevice.o
                                                  ../../../../LUFA/Drivers/USB/Class/Device/AudioClassDevice.o
                                                  ../../../../LUFA/Drivers/USB/Core/USBTask.o
                                                  ../../../../LUFA/Drivers/USB/Core/DeviceStandardReq.o
                                                  ../../../../LUFA/Drivers/USB/Core/AVR8/Endpoint_AVR8.o
                                                  ../../../../LUFA/Drivers/USB/Core/AVR8/EndpointStream_AVR8.o
USB_DeviceState                                   ../../../../LUFA/Drivers/USB/Class/Device/RNDISClassDevice.o
                                                  ../../../../LUFA/Drivers/USB/Class/Device/MIDIClassDevice.o
                                                  ../../../../LUFA/Drivers/USB/Class/Device/MassStorageClassDevice.o
                                                  ../../../../LUFA/Drivers/USB/Class/Device/HIDClassDevice.o
                                                  ../../../../LUFA/Drivers/USB/Class/Device/CDCClassDevice.o
                                                  ../../../../LUFA/Drivers/USB/Core/USBTask.o
                                                  ../../../../LUFA/Drivers/USB/Core/DeviceStandardReq.o
                                                  ../../../../LUFA/Drivers/USB/Core/AVR8/USBInterrupt_AVR8.o
                                                  ../../../../LUFA/Drivers/USB/Core/AVR8/USBController_AVR8.o
                                                  ../../../../LUFA/Drivers/USB/Core/AVR8/Endpoint_AVR8.o
                                                  ../../../../LUFA/Drivers/USB/Core/AVR8/EndpointStream_AVR8.o
USB_Device_ConfigurationNumber                    ../../../../LUFA/Drivers/USB/Core/DeviceStandardReq.o
                                                  ../../../../LUFA/Drivers/USB/Core/AVR8/USBInterrupt_AVR8.o
                                                  ../../../../LUFA/Drivers/USB/Core/AVR8/USBController_AVR8.o
USB_Device_CurrentlySelfPowered                   ../../../../LUFA/Drivers/USB/Core/DeviceStandardReq.o
                                                  ../../../../LUFA/Drivers/USB/Core/AVR8/USBController_AVR8.o
USB_Device_ProcessControlRequest                  ../../../../LUFA/Drivers/USB/Core/DeviceStandardReq.o
                                                  ../../../../LUFA/Drivers/USB/Core/USBTask.o
                                                  ../../../../LUFA/Drivers/USB/Core/AVR8/USBInterrupt_AVR8.o
USB_Device_RemoteWakeupEnabled                    ../../../../LUFA/Drivers/USB/Core/DeviceStandardReq.o
                                                  ../../../../LUFA/Drivers/USB/Core/AVR8/USBController_AVR8.o
USB_Device_SendRemoteWakeup                       ../../../../LUFA/Drivers/USB/Core/AVR8/Device_AVR8.o
USB_Disable                                       ../../../../LUFA/Drivers/USB/Core/AVR8/USBController_AVR8.o
USB_Event_Stub                                    ../../../../LUFA/Drivers/USB/Core/Events.o
USB_GetHIDReportItemInfo                          ../../../../LUFA/Drivers/USB/Class/Common/HIDParser.o
USB_GetHIDReportSize                              ../../../../LUFA/Drivers/USB/Class/Common/HIDParser.o
USB_GetNextDescriptorComp                         ../../../../LUFA/Drivers/USB/Core/ConfigDescriptors.o
USB_GetNextDescriptorOfType                       ../../../../LUFA/Drivers/USB/Core/ConfigDescriptors.o
USB_GetNextDescriptorOfTypeAfter                  ../../../../LUFA/Drivers/USB/Core/ConfigDescriptors.o
USB_GetNextDescriptorOfTypeBefore                 ../../../../LUFA/Drivers/USB/Core/ConfigDescriptors.o
USB_INT_ClearAllInterrupts                        ../../../../LUFA/Drivers/USB/Core/AVR8/USBInterrupt_AVR8.o
                                                  ../../../../LUFA/Drivers/USB/Core/AVR8/USBController_AVR8.o
USB_INT_DisableAllInterrupts                      ../../../../LUFA/Drivers/USB/Core/AVR8/USBInterrupt_AVR8.o
                                                  ../../../../LUFA/Drivers/USB/Core/AVR8/USBController_AVR8.o
USB_Init                                          ../../../../LUFA/Drivers/USB/Core/AVR8/USBController_AVR8.o
                                                  AVRSerial.o
USB_IsInitialized                                 ../../../../LUFA/Drivers/USB/Core/USBTask.o
                                                  ../../../../LUFA/Drivers/USB/Core/AVR8/USBController_AVR8.o
USB_ProcessHIDReport                              ../../../../LUFA/Drivers/USB/Class/Common/HIDParser.o
USB_ResetInterface                                ../../../../LUFA/Drivers/USB/Core/AVR8/USBController_AVR8.o
USB_SetHIDReportItemInfo                          ../../../../LUFA/Drivers/USB/Class/Common/HIDParser.o
USB_USBTask                                       ../../../../LUFA/Drivers/USB/Core/USBTask.o
                                                  ../../../../LUFA/Drivers/USB/Class/Device/CDCClassDevice.o
                                                  AVRSerial.o
VirtualSerial_CDC_Interface                       AVRSerial.o
__bad_interrupt                                   /usr/local/CrossPack-AVR-20130212/lib/gcc/avr/4.6.2/../../../../avr/lib/avr5/crtm32u4.o
__bss_end                                         /usr/local/CrossPack-AVR-20130212/lib/gcc/avr/4.6.2/avr5/libgcc.a(_clear_bss.o)
__bss_start                                       /usr/local/CrossPack-AVR-20130212/lib/gcc/avr/4.6.2/avr5/libgcc.a(_clear_bss.o)
__data_end                                        /usr/local/CrossPack-AVR-20130212/lib/gcc/avr/4.6.2/avr5/libgcc.a(_copy_data.o)
__data_load_start                                 /usr/local/CrossPack-AVR-20130212/lib/gcc/avr/4.6.2/avr5/libgcc.a(_copy_data.o)
__data_start                                      /usr/local/CrossPack-AVR-20130212/lib/gcc/avr/4.6.2/avr5/libgcc.a(_copy_data.o)
__do_clear_bss                                    /usr/local/CrossPack-AVR-20130212/lib/gcc/avr/4.6.2/avr5/libgcc.a(_clear_bss.o)
                                                  ../../../../LUFA/Drivers/USB/Class/Host/StillImageClassHost.o
                                                  ../../../../LUFA/Drivers/USB/Class/Host/RNDISClassHost.o
                                                  ../../../../LUFA/Drivers/USB/Class/Host/PrinterClassHost.o
                                                  ../../../../LUFA/Drivers/USB/Class/Host/MIDIClassHost.o
                                                  ../../../../LUFA/Drivers/USB/Class/Host/MassStorageClassHost.o
                                                  ../../../../LUFA/Drivers/USB/Class/Host/HIDClassHost.o
                                                  ../../../../LUFA/Drivers/USB/Class/Host/CDCClassHost.o
                                                  ../../../../LUFA/Drivers/USB/Class/Host/AudioClassHost.o
                                                  ../../../../LUFA/Drivers/USB/Class/Host/AndroidAccessoryClassHost.o
                                                  ../../../../LUFA/Drivers/USB/Class/Device/RNDISClassDevice.o
                                                  ../../../../LUFA/Drivers/USB/Class/Device/MIDIClassDevice.o
                                                  ../../../../LUFA/Drivers/USB/Class/Device/MassStorageClassDevice.o
                                                  ../../../../LUFA/Drivers/USB/Class/Device/HIDClassDevice.o
                                                  ../../../../LUFA/Drivers/USB/Class/Device/CDCClassDevice.o
                                                  ../../../../LUFA/Drivers/USB/Class/Device/AudioClassDevice.o
                                                  ../../../../LUFA/Drivers/USB/Core/USBTask.o
                                                  ../../../../LUFA/Drivers/USB/Core/HostStandardReq.o
                                                  ../../../../LUFA/Drivers/USB/Core/Events.o
                                                  ../../../../LUFA/Drivers/USB/Core/DeviceStandardReq.o
                                                  ../../../../LUFA/Drivers/USB/Core/ConfigDescriptors.o
                                                  ../../../../LUFA/Drivers/USB/Core/AVR8/USBInterrupt_AVR8.o
                                                  ../../../../LUFA/Drivers/USB/Core/AVR8/USBController_AVR8.o
                                                  ../../../../LUFA/Drivers/USB/Core/AVR8/Pipe_AVR8.o
                                                  ../../../../LUFA/Drivers/USB/Core/AVR8/PipeStream_AVR8.o
                                                  ../../../../LUFA/Drivers/USB/Core/AVR8/Host_AVR8.o
                                                  ../../../../LUFA/Drivers/USB/Core/AVR8/Endpoint_AVR8.o
                                                  ../../../../LUFA/Drivers/USB/Core/AVR8/EndpointStream_AVR8.o
                                                  ../../../../LUFA/Drivers/USB/Core/AVR8/Device_AVR8.o
                                                  ../../../../LUFA/Drivers/USB/Class/Common/HIDParser.o
                                                  Descriptors.o
                                                  AVRSerial.o
__do_copy_data                                    /usr/local/CrossPack-AVR-20130212/lib/gcc/avr/4.6.2/avr5/libgcc.a(_copy_data.o)
                                                  ../../../../LUFA/Drivers/USB/Class/Host/StillImageClassHost.o
                                                  ../../../../LUFA/Drivers/USB/Class/Host/RNDISClassHost.o
                                                  ../../../../LUFA/Drivers/USB/Class/Host/PrinterClassHost.o
                                                  ../../../../LUFA/Drivers/USB/Class/Host/MIDIClassHost.o
                                                  ../../../../LUFA/Drivers/USB/Class/Host/MassStorageClassHost.o
                                                  ../../../../LUFA/Drivers/USB/Class/Host/HIDClassHost.o
                                                  ../../../../LUFA/Drivers/USB/Class/Host/CDCClassHost.o
                                                  ../../../../LUFA/Drivers/USB/Class/Host/AudioClassHost.o
                                                  ../../../../LUFA/Drivers/USB/Class/Host/AndroidAccessoryClassHost.o
                                                  ../../../../LUFA/Drivers/USB/Class/Device/RNDISClassDevice.o
                                                  ../../../../LUFA/Drivers/USB/Class/Device/MIDIClassDevice.o
                                                  ../../../../LUFA/Drivers/USB/Class/Device/MassStorageClassDevice.o
                                                  ../../../../LUFA/Drivers/USB/Class/Device/HIDClassDevice.o
                                                  ../../../../LUFA/Drivers/USB/Class/Device/CDCClassDevice.o
                                                  ../../../../LUFA/Drivers/USB/Class/Device/AudioClassDevice.o
                                                  ../../../../LUFA/Drivers/USB/Core/USBTask.o
                                                  ../../../../LUFA/Drivers/USB/Core/HostStandardReq.o
                                                  ../../../../LUFA/Drivers/USB/Core/Events.o
                                                  ../../../../LUFA/Drivers/USB/Core/DeviceStandardReq.o
                                                  ../../../../LUFA/Drivers/USB/Core/ConfigDescriptors.o
                                                  ../../../../LUFA/Drivers/USB/Core/AVR8/USBInterrupt_AVR8.o
                                                  ../../../../LUFA/Drivers/USB/Core/AVR8/USBController_AVR8.o
                                                  ../../../../LUFA/Drivers/USB/Core/AVR8/Pipe_AVR8.o
                                                  ../../../../LUFA/Drivers/USB/Core/AVR8/PipeStream_AVR8.o
                                                  ../../../../LUFA/Drivers/USB/Core/AVR8/Host_AVR8.o
                                                  ../../../../LUFA/Drivers/USB/Core/AVR8/Endpoint_AVR8.o
                                                  ../../../../LUFA/Drivers/USB/Core/AVR8/EndpointStream_AVR8.o
                                                  ../../../../LUFA/Drivers/USB/Core/AVR8/Device_AVR8.o
                                                  ../../../../LUFA/Drivers/USB/Class/Common/HIDParser.o
                                                  Descriptors.o
                                                  AVRSerial.o
__eerd_byte_m32u4                                 /usr/local/CrossPack-AVR-20130212/lib/gcc/avr/4.6.2/../../../../avr/lib/avr5/libc.a(eerd_byte_atmega32u4.o)
                                                  ../../../../LUFA/Drivers/USB/Core/AVR8/EndpointStream_AVR8.o
__eeupd_byte_m32u4                                /usr/local/CrossPack-AVR-20130212/lib/gcc/avr/4.6.2/../../../../avr/lib/avr5/libc.a(eeupd_byte_atmega32u4.o)
                                                  ../../../../LUFA/Drivers/USB/Core/AVR8/EndpointStream_AVR8.o
__eeupd_r18_m32u4                                 /usr/local/CrossPack-AVR-20130212/lib/gcc/avr/4.6.2/../../../../avr/lib/avr5/libc.a(eeupd_byte_atmega32u4.o)
__heap_end                                        /usr/local/CrossPack-AVR-20130212/lib/gcc/avr/4.6.2/../../../../avr/lib/avr5/crtm32u4.o
__init                                            /usr/local/CrossPack-AVR-20130212/lib/gcc/avr/4.6.2/../../../../avr/lib/avr5/crtm32u4.o
__stack                                           /usr/local/CrossPack-AVR-20130212/lib/gcc/avr/4.6.2/../../../../avr/lib/avr5/crtm32u4.o
__vector_1                                        /usr/local/CrossPack-AVR-20130212/lib/gcc/avr/4.6.2/../../../../avr/lib/avr5/crtm32u4.o
__vector_10                                       ../../../../LUFA/Drivers/USB/Core/AVR8/USBInterrupt_AVR8.o
                                                  /usr/local/CrossPack-AVR-20130212/lib/gcc/avr/4.6.2/../../../../avr/lib/avr5/crtm32u4.o
__vector_11                                       ../../../../LUFA/Drivers/USB/Core/AVR8/USBInterrupt_AVR8.o
                                                  /usr/local/CrossPack-AVR-20130212/lib/gcc/avr/4.6.2/../../../../avr/lib/avr5/crtm32u4.o
__vector_12                                       /usr/local/CrossPack-AVR-20130212/lib/gcc/avr/4.6.2/../../../../avr/lib/avr5/crtm32u4.o
__vector_13                                       /usr/local/CrossPack-AVR-20130212/lib/gcc/avr/4.6.2/../../../../avr/lib/avr5/crtm32u4.o
__vector_14                                       /usr/local/CrossPack-AVR-20130212/lib/gcc/avr/4.6.2/../../../../avr/lib/avr5/crtm32u4.o
__vector_15                                       /usr/local/CrossPack-AVR-20130212/lib/gcc/avr/4.6.2/../../../../avr/lib/avr5/crtm32u4.o
__vector_16                                       /usr/local/CrossPack-AVR-20130212/lib/gcc/avr/4.6.2/../../../../avr/lib/avr5/crtm32u4.o
__vector_17                                       /usr/local/CrossPack-AVR-20130212/lib/gcc/avr/4.6.2/../../../../avr/lib/avr5/crtm32u4.o
__vector_18                                       /usr/local/CrossPack-AVR-20130212/lib/gcc/avr/4.6.2/../../../../avr/lib/avr5/crtm32u4.o
__vector_19                                       /usr/local/CrossPack-AVR-20130212/lib/gcc/avr/4.6.2/../../../../avr/lib/avr5/crtm32u4.o
__vector_2                                        /usr/local/CrossPack-AVR-20130212/lib/gcc/avr/4.6.2/../../../../avr/lib/avr5/crtm32u4.o
__vector_20                                       /usr/local/CrossPack-AVR-20130212/lib/gcc/avr/4.6.2/../../../../avr/lib/avr5/crtm32u4.o
__vector_21                                       /usr/local/CrossPack-AVR-20130212/lib/gcc/avr/4.6.2/../../../../avr/lib/avr5/crtm32u4.o
__vector_22                                       /usr/local/CrossPack-AVR-20130212/lib/gcc/avr/4.6.2/../../../../avr/lib/avr5/crtm32u4.o
__vector_23                                       /usr/local/CrossPack-AVR-20130212/lib/gcc/avr/4.6.2/../../../../avr/lib/avr5/crtm32u4.o
__vector_24                                       /usr/local/CrossPack-AVR-20130212/lib/gcc/avr/4.6.2/../../../../avr/lib/avr5/crtm32u4.o
__vector_25                                       /usr/local/CrossPack-AVR-20130212/lib/gcc/avr/4.6.2/../../../../avr/lib/avr5/crtm32u4.o
__vector_26                                       /usr/local/CrossPack-AVR-20130212/lib/gcc/avr/4.6.2/../../../../avr/lib/avr5/crtm32u4.o
__vector_27                                       /usr/local/CrossPack-AVR-20130212/lib/gcc/avr/4.6.2/../../../../avr/lib/avr5/crtm32u4.o
__vector_28                                       /usr/local/CrossPack-AVR-20130212/lib/gcc/avr/4.6.2/../../../../avr/lib/avr5/crtm32u4.o
__vector_29                                       /usr/local/CrossPack-AVR-20130212/lib/gcc/avr/4.6.2/../../../../avr/lib/avr5/crtm32u4.o
__vector_3                                        /usr/local/CrossPack-AVR-20130212/lib/gcc/avr/4.6.2/../../../../avr/lib/avr5/crtm32u4.o
__vector_30                                       /usr/local/CrossPack-AVR-20130212/lib/gcc/avr/4.6.2/../../../../avr/lib/avr5/crtm32u4.o
__vector_31                                       /usr/local/CrossPack-AVR-20130212/lib/gcc/avr/4.6.2/../../../../avr/lib/avr5/crtm32u4.o
__vector_32                                       /usr/local/CrossPack-AVR-20130212/lib/gcc/avr/4.6.2/../../../../avr/lib/avr5/crtm32u4.o
__vector_33                                       /usr/local/CrossPack-AVR-20130212/lib/gcc/avr/4.6.2/../../../../avr/lib/avr5/crtm32u4.o
__vector_34                                       /usr/local/CrossPack-AVR-20130212/lib/gcc/avr/4.6.2/../../../../avr/lib/avr5/crtm32u4.o
__vector_35                                       /usr/local/CrossPack-AVR-20130212/lib/gcc/avr/4.6.2/../../../../avr/lib/avr5/crtm32u4.o
__vector_36                                       /usr/local/CrossPack-AVR-20130212/lib/gcc/avr/4.6.2/../../../../avr/lib/avr5/crtm32u4.o
__vector_37                                       /usr/local/CrossPack-AVR-20130212/lib/gcc/avr/4.6.2/../../../../avr/lib/avr5/crtm32u4.o
__vector_38                                       /usr/local/CrossPack-AVR-20130212/lib/gcc/avr/4.6.2/../../../../avr/lib/avr5/crtm32u4.o
__vector_39                                       /usr/local/CrossPack-AVR-20130212/lib/gcc/avr/4.6.2/../../../../avr/lib/avr5/crtm32u4.o
__vector_4                                        /usr/local/CrossPack-AVR-20130212/lib/gcc/avr/4.6.2/../../../../avr/lib/avr5/crtm32u4.o
__vector_40                                       /usr/local/CrossPack-AVR-20130212/lib/gcc/avr/4.6.2/../../../../avr/lib/avr5/crtm32u4.o
__vector_41                                       /usr/local/CrossPack-AVR-20130212/lib/gcc/avr/4.6.2/../../../../avr/lib/avr5/crtm32u4.o
__vector_42                                       /usr/local/CrossPack-AVR-20130212/lib/gcc/avr/4.6.2/../../../../avr/lib/avr5/crtm32u4.o
__vector_5                                        /usr/local/CrossPack-AVR-20130212/lib/gcc/avr/4.6.2/../../../../avr/lib/avr5/crtm32u4.o
__vector_6                                        /usr/local/CrossPack-AVR-20130212/lib/gcc/avr/4.6.2/../../../../avr/lib/avr5/crtm32u4.o
__vector_7                                        /usr/local/CrossPack-AVR-20130212/lib/gcc/avr/4.6.2/../../../../avr/lib/avr5/crtm32u4.o
__vector_8                                        /usr/local/CrossPack-AVR-20130212/lib/gcc/avr/4.6.2/../../../../avr/lib/avr5/crtm32u4.o
__vector_9                                        /usr/local/CrossPack-AVR-20130212/lib/gcc/avr/4.6.2/../../../../avr/lib/avr5/crtm32u4.o
__vector_default                                  /usr/local/CrossPack-AVR-20130212/lib/gcc/avr/4.6.2/../../../../avr/lib/avr5/crtm32u4.o
__vectors                                         /usr/local/CrossPack-AVR-20130212/lib/gcc/avr/4.6.2/../../../../avr/lib/avr5/crtm32u4.o
_exit                                             /usr/local/CrossPack-AVR-20130212/lib/gcc/avr/4.6.2/avr5/libgcc.a(_exit.o)
exit                                              /usr/local/CrossPack-AVR-20130212/lib/gcc/avr/4.6.2/avr5/libgcc.a(_exit.o)
                                                  /usr/local/CrossPack-AVR-20130212/lib/gcc/avr/4.6.2/../../../../avr/lib/avr5/crtm32u4.o
main                                              AVRSerial.o
                                                  /usr/local/CrossPack-AVR-20130212/lib/gcc/avr/4.6.2/../../../../avr/lib/avr5/crtm32u4.o
memcmp                                            /usr/local/CrossPack-AVR-20130212/lib/gcc/avr/4.6.2/../../../../avr/lib/avr5/libc.a(memcmp.o)
                                                  ../../../../LUFA/Drivers/USB/Class/Device/HIDClassDevice.o
memcpy                                            /usr/local/CrossPack-AVR-20130212/lib/gcc/avr/4.6.2/../../../../avr/lib/avr5/libc.a(memcpy.o)
                                                  ../../../../LUFA/Drivers/USB/Class/Device/RNDISClassDevice.o
                                                  ../../../../LUFA/Drivers/USB/Class/Device/HIDClassDevice.o
memcpy_P                                          /usr/local/CrossPack-AVR-20130212/lib/gcc/avr/4.6.2/../../../../avr/lib/avr5/libc.a(memcpy_P.o)
                                                  ../../../../LUFA/Drivers/USB/Class/Device/RNDISClassDevice.o
memset                                            /usr/local/CrossPack-AVR-20130212/lib/gcc/avr/4.6.2/../../../../avr/lib/avr5/libc.a(memset.o)
                                                  ../../../../LUFA/Drivers/USB/Class/Device/HIDClassDevice.o
strncmp                                           /usr/local/CrossPack-AVR-20130212/lib/gcc/avr/4.6.2/../../../../avr/lib/avr5/libc.a(strncmp.o)
                                                  AVRSerial.o
strncpy                                           /usr/local/CrossPack-AVR-20130212/lib/gcc/avr/4.6.2/../../../../avr/lib/avr5/libc.a(strncpy.o)
                                                  AVRSerial.o
